val/images/vlcsnap-00001.jpg val/labels/vlcsnap-00001.png
val/images/vlcsnap-00002.jpg val/labels/vlcsnap-00002.png
val/images/vlcsnap-00003.jpg val/labels/vlcsnap-00003.png
val/images/vlcsnap-00004.jpg val/labels/vlcsnap-00004.png
val/images/vlcsnap-00005.jpg val/labels/vlcsnap-00005.png
val/images/vlcsnap-00006.jpg val/labels/vlcsnap-00006.png
val/images/vlcsnap-00007.jpg val/labels/vlcsnap-00007.png
val/images/vlcsnap-00008.jpg val/labels/vlcsnap-00008.png
val/images/vlcsnap-00009.jpg val/labels/vlcsnap-00009.png
val/images/vlcsnap-00010.jpg val/labels/vlcsnap-00010.png
val/images/vlcsnap-00011.jpg val/labels/vlcsnap-00011.png
val/images/vlcsnap-00012.jpg val/labels/vlcsnap-00012.png
val/images/vlcsnap-00013.jpg val/labels/vlcsnap-00013.png
val/images/vlcsnap-00014.jpg val/labels/vlcsnap-00014.png
val/images/vlcsnap-00015.jpg val/labels/vlcsnap-00015.png
val/images/vlcsnap-00016.jpg val/labels/vlcsnap-00016.png
val/images/vlcsnap-00017.jpg val/labels/vlcsnap-00017.png
val/images/vlcsnap-00018.jpg val/labels/vlcsnap-00018.png
val/images/vlcsnap-00019.jpg val/labels/vlcsnap-00019.png
val/images/vlcsnap-00020.jpg val/labels/vlcsnap-00020.png
