train/images/vlcsnap-00021.jpg train/junction_labels/vlcsnap-00021.txt
train/images/vlcsnap-00022.jpg train/junction_labels/vlcsnap-00022.txt
train/images/vlcsnap-00023.jpg train/junction_labels/vlcsnap-00023.txt
train/images/vlcsnap-00024.jpg train/junction_labels/vlcsnap-00024.txt
train/images/vlcsnap-00025.jpg train/junction_labels/vlcsnap-00025.txt
train/images/vlcsnap-00026.jpg train/junction_labels/vlcsnap-00026.txt
train/images/vlcsnap-00027.jpg train/junction_labels/vlcsnap-00027.txt
train/images/vlcsnap-00028.jpg train/junction_labels/vlcsnap-00028.txt
train/images/vlcsnap-00029.jpg train/junction_labels/vlcsnap-00029.txt
train/images/vlcsnap-00030.jpg train/junction_labels/vlcsnap-00030.txt
train/images/vlcsnap-00031.jpg train/junction_labels/vlcsnap-00031.txt
train/images/vlcsnap-00032.jpg train/junction_labels/vlcsnap-00032.txt
train/images/vlcsnap-00033.jpg train/junction_labels/vlcsnap-00033.txt
train/images/vlcsnap-00034.jpg train/junction_labels/vlcsnap-00034.txt
train/images/vlcsnap-00035.jpg train/junction_labels/vlcsnap-00035.txt
train/images/vlcsnap-00036.jpg train/junction_labels/vlcsnap-00036.txt
train/images/vlcsnap-00037.jpg train/junction_labels/vlcsnap-00037.txt
train/images/vlcsnap-00038.jpg train/junction_labels/vlcsnap-00038.txt
train/images/vlcsnap-00039.jpg train/junction_labels/vlcsnap-00039.txt
train/images/vlcsnap-00040.jpg train/junction_labels/vlcsnap-00040.txt
train/images/vlcsnap-00041.jpg train/junction_labels/vlcsnap-00041.txt
train/images/vlcsnap-00042.jpg train/junction_labels/vlcsnap-00042.txt
train/images/vlcsnap-00043.jpg train/junction_labels/vlcsnap-00043.txt
train/images/vlcsnap-00044.jpg train/junction_labels/vlcsnap-00044.txt
train/images/vlcsnap-00045.jpg train/junction_labels/vlcsnap-00045.txt
train/images/vlcsnap-00046.jpg train/junction_labels/vlcsnap-00046.txt
train/images/vlcsnap-00047.jpg train/junction_labels/vlcsnap-00047.txt
train/images/vlcsnap-00048.jpg train/junction_labels/vlcsnap-00048.txt
train/images/vlcsnap-00049.jpg train/junction_labels/vlcsnap-00049.txt
train/images/vlcsnap-00050.jpg train/junction_labels/vlcsnap-00050.txt
train/images/vlcsnap-00051.jpg train/junction_labels/vlcsnap-00051.txt
train/images/vlcsnap-00052.jpg train/junction_labels/vlcsnap-00052.txt
train/images/vlcsnap-00053.jpg train/junction_labels/vlcsnap-00053.txt
train/images/vlcsnap-00054.jpg train/junction_labels/vlcsnap-00054.txt
train/images/vlcsnap-00055.jpg train/junction_labels/vlcsnap-00055.txt
train/images/vlcsnap-00056.jpg train/junction_labels/vlcsnap-00056.txt
train/images/vlcsnap-00057.jpg train/junction_labels/vlcsnap-00057.txt
train/images/vlcsnap-00058.jpg train/junction_labels/vlcsnap-00058.txt
train/images/vlcsnap-00059.jpg train/junction_labels/vlcsnap-00059.txt
train/images/vlcsnap-00060.jpg train/junction_labels/vlcsnap-00060.txt
train/images/vlcsnap-00061.jpg train/junction_labels/vlcsnap-00061.txt
train/images/vlcsnap-00062.jpg train/junction_labels/vlcsnap-00062.txt
train/images/vlcsnap-00063.jpg train/junction_labels/vlcsnap-00063.txt
train/images/vlcsnap-00064.jpg train/junction_labels/vlcsnap-00064.txt
train/images/vlcsnap-00065.jpg train/junction_labels/vlcsnap-00065.txt
train/images/vlcsnap-00066.jpg train/junction_labels/vlcsnap-00066.txt
train/images/vlcsnap-00067.jpg train/junction_labels/vlcsnap-00067.txt
train/images/vlcsnap-00068.jpg train/junction_labels/vlcsnap-00068.txt
train/images/vlcsnap-00069.jpg train/junction_labels/vlcsnap-00069.txt
train/images/vlcsnap-00070.jpg train/junction_labels/vlcsnap-00070.txt
train/images/vlcsnap-00071.jpg train/junction_labels/vlcsnap-00071.txt
train/images/vlcsnap-00072.jpg train/junction_labels/vlcsnap-00072.txt
train/images/vlcsnap-00073.jpg train/junction_labels/vlcsnap-00073.txt
train/images/vlcsnap-00074.jpg train/junction_labels/vlcsnap-00074.txt
train/images/vlcsnap-00075.jpg train/junction_labels/vlcsnap-00075.txt
train/images/vlcsnap-00076.jpg train/junction_labels/vlcsnap-00076.txt
train/images/vlcsnap-00077.jpg train/junction_labels/vlcsnap-00077.txt
train/images/vlcsnap-00078.jpg train/junction_labels/vlcsnap-00078.txt
train/images/vlcsnap-00079.jpg train/junction_labels/vlcsnap-00079.txt
train/images/vlcsnap-00080.jpg train/junction_labels/vlcsnap-00080.txt
train/images/vlcsnap-00081.jpg train/junction_labels/vlcsnap-00081.txt
train/images/vlcsnap-00082.jpg train/junction_labels/vlcsnap-00082.txt
train/images/vlcsnap-00083.jpg train/junction_labels/vlcsnap-00083.txt
train/images/vlcsnap-00084.jpg train/junction_labels/vlcsnap-00084.txt
train/images/vlcsnap-00085.jpg train/junction_labels/vlcsnap-00085.txt
train/images/vlcsnap-00086.jpg train/junction_labels/vlcsnap-00086.txt
train/images/vlcsnap-00087.jpg train/junction_labels/vlcsnap-00087.txt
train/images/vlcsnap-00088.jpg train/junction_labels/vlcsnap-00088.txt
train/images/vlcsnap-00089.jpg train/junction_labels/vlcsnap-00089.txt
train/images/vlcsnap-00090.jpg train/junction_labels/vlcsnap-00090.txt
train/images/vlcsnap-00091.jpg train/junction_labels/vlcsnap-00091.txt
train/images/vlcsnap-00092.jpg train/junction_labels/vlcsnap-00092.txt
train/images/vlcsnap-00093.jpg train/junction_labels/vlcsnap-00093.txt
train/images/vlcsnap-00094.jpg train/junction_labels/vlcsnap-00094.txt
train/images/vlcsnap-00095.jpg train/junction_labels/vlcsnap-00095.txt
train/images/vlcsnap-00096.jpg train/junction_labels/vlcsnap-00096.txt
train/images/vlcsnap-00097.jpg train/junction_labels/vlcsnap-00097.txt
train/images/vlcsnap-00098.jpg train/junction_labels/vlcsnap-00098.txt
train/images/vlcsnap-00099.jpg train/junction_labels/vlcsnap-00099.txt
train/images/vlcsnap-00100.jpg train/junction_labels/vlcsnap-00100.txt
train/images/vlcsnap-00101.jpg train/junction_labels/vlcsnap-00101.txt
train/images/vlcsnap-00102.jpg train/junction_labels/vlcsnap-00102.txt
train/images/vlcsnap-00103.jpg train/junction_labels/vlcsnap-00103.txt
train/images/vlcsnap-00104.jpg train/junction_labels/vlcsnap-00104.txt
train/images/vlcsnap-00105.jpg train/junction_labels/vlcsnap-00105.txt
train/images/vlcsnap-00106.jpg train/junction_labels/vlcsnap-00106.txt
train/images/vlcsnap-00107.jpg train/junction_labels/vlcsnap-00107.txt
train/images/vlcsnap-00108.jpg train/junction_labels/vlcsnap-00108.txt
train/images/vlcsnap-00109.jpg train/junction_labels/vlcsnap-00109.txt
train/images/vlcsnap-00110.jpg train/junction_labels/vlcsnap-00110.txt
train/images/vlcsnap-00111.jpg train/junction_labels/vlcsnap-00111.txt
train/images/vlcsnap-00112.jpg train/junction_labels/vlcsnap-00112.txt
train/images/vlcsnap-00113.jpg train/junction_labels/vlcsnap-00113.txt
train/images/vlcsnap-00114.jpg train/junction_labels/vlcsnap-00114.txt
train/images/vlcsnap-00115.jpg train/junction_labels/vlcsnap-00115.txt
train/images/vlcsnap-00116.jpg train/junction_labels/vlcsnap-00116.txt
train/images/vlcsnap-00117.jpg train/junction_labels/vlcsnap-00117.txt
train/images/vlcsnap-00118.jpg train/junction_labels/vlcsnap-00118.txt
train/images/vlcsnap-00119.jpg train/junction_labels/vlcsnap-00119.txt
train/images/vlcsnap-00120.jpg train/junction_labels/vlcsnap-00120.txt
train/images/vlcsnap-00121.jpg train/junction_labels/vlcsnap-00121.txt
train/images/vlcsnap-00122.jpg train/junction_labels/vlcsnap-00122.txt
train/images/vlcsnap-00123.jpg train/junction_labels/vlcsnap-00123.txt
train/images/vlcsnap-00124.jpg train/junction_labels/vlcsnap-00124.txt
train/images/vlcsnap-00125.jpg train/junction_labels/vlcsnap-00125.txt
train/images/vlcsnap-00126.jpg train/junction_labels/vlcsnap-00126.txt
train/images/vlcsnap-00127.jpg train/junction_labels/vlcsnap-00127.txt
train/images/vlcsnap-00128.jpg train/junction_labels/vlcsnap-00128.txt
train/images/vlcsnap-00129.jpg train/junction_labels/vlcsnap-00129.txt
train/images/vlcsnap-00130.jpg train/junction_labels/vlcsnap-00130.txt
train/images/vlcsnap-00131.jpg train/junction_labels/vlcsnap-00131.txt
train/images/vlcsnap-00132.jpg train/junction_labels/vlcsnap-00132.txt
train/images/vlcsnap-00133.jpg train/junction_labels/vlcsnap-00133.txt
train/images/vlcsnap-00134.jpg train/junction_labels/vlcsnap-00134.txt
train/images/vlcsnap-00135.jpg train/junction_labels/vlcsnap-00135.txt
train/images/vlcsnap-00136.jpg train/junction_labels/vlcsnap-00136.txt
train/images/vlcsnap-00137.jpg train/junction_labels/vlcsnap-00137.txt
train/images/vlcsnap-00138.jpg train/junction_labels/vlcsnap-00138.txt
train/images/vlcsnap-00139.jpg train/junction_labels/vlcsnap-00139.txt
train/images/vlcsnap-00140.jpg train/junction_labels/vlcsnap-00140.txt
train/images/vlcsnap-00141.jpg train/junction_labels/vlcsnap-00141.txt
train/images/vlcsnap-00142.jpg train/junction_labels/vlcsnap-00142.txt
train/images/vlcsnap-00143.jpg train/junction_labels/vlcsnap-00143.txt
train/images/vlcsnap-00144.jpg train/junction_labels/vlcsnap-00144.txt
train/images/vlcsnap-00145.jpg train/junction_labels/vlcsnap-00145.txt
train/images/vlcsnap-00146.jpg train/junction_labels/vlcsnap-00146.txt
train/images/vlcsnap-00147.jpg train/junction_labels/vlcsnap-00147.txt
train/images/vlcsnap-00148.jpg train/junction_labels/vlcsnap-00148.txt
train/images/vlcsnap-00149.jpg train/junction_labels/vlcsnap-00149.txt
train/images/vlcsnap-00150.jpg train/junction_labels/vlcsnap-00150.txt
train/images/vlcsnap-00151.jpg train/junction_labels/vlcsnap-00151.txt
train/images/vlcsnap-00152.jpg train/junction_labels/vlcsnap-00152.txt
train/images/vlcsnap-00153.jpg train/junction_labels/vlcsnap-00153.txt
train/images/vlcsnap-00154.jpg train/junction_labels/vlcsnap-00154.txt
train/images/vlcsnap-00155.jpg train/junction_labels/vlcsnap-00155.txt
train/images/vlcsnap-00156.jpg train/junction_labels/vlcsnap-00156.txt
train/images/vlcsnap-00157.jpg train/junction_labels/vlcsnap-00157.txt
train/images/vlcsnap-00158.jpg train/junction_labels/vlcsnap-00158.txt
train/images/vlcsnap-00159.jpg train/junction_labels/vlcsnap-00159.txt
train/images/vlcsnap-00160.jpg train/junction_labels/vlcsnap-00160.txt
train/images/vlcsnap-00161.jpg train/junction_labels/vlcsnap-00161.txt
train/images/vlcsnap-00162.jpg train/junction_labels/vlcsnap-00162.txt
train/images/vlcsnap-00163.jpg train/junction_labels/vlcsnap-00163.txt
train/images/vlcsnap-00164.jpg train/junction_labels/vlcsnap-00164.txt
train/images/vlcsnap-00165.jpg train/junction_labels/vlcsnap-00165.txt
train/images/vlcsnap-00166.jpg train/junction_labels/vlcsnap-00166.txt
train/images/vlcsnap-00167.jpg train/junction_labels/vlcsnap-00167.txt
train/images/vlcsnap-00168.jpg train/junction_labels/vlcsnap-00168.txt
train/images/vlcsnap-00169.jpg train/junction_labels/vlcsnap-00169.txt
train/images/vlcsnap-00170.jpg train/junction_labels/vlcsnap-00170.txt
train/images/vlcsnap-00171.jpg train/junction_labels/vlcsnap-00171.txt
train/images/vlcsnap-00172.jpg train/junction_labels/vlcsnap-00172.txt
train/images/vlcsnap-00173.jpg train/junction_labels/vlcsnap-00173.txt
train/images/vlcsnap-00174.jpg train/junction_labels/vlcsnap-00174.txt
train/images/vlcsnap-00175.jpg train/junction_labels/vlcsnap-00175.txt
train/images/vlcsnap-00176.jpg train/junction_labels/vlcsnap-00176.txt
train/images/vlcsnap-00177.jpg train/junction_labels/vlcsnap-00177.txt
train/images/vlcsnap-00178.jpg train/junction_labels/vlcsnap-00178.txt
train/images/vlcsnap-00179.jpg train/junction_labels/vlcsnap-00179.txt
train/images/vlcsnap-00180.jpg train/junction_labels/vlcsnap-00180.txt
train/images/vlcsnap-00181.jpg train/junction_labels/vlcsnap-00181.txt
train/images/vlcsnap-00182.jpg train/junction_labels/vlcsnap-00182.txt
train/images/vlcsnap-00183.jpg train/junction_labels/vlcsnap-00183.txt
train/images/vlcsnap-00184.jpg train/junction_labels/vlcsnap-00184.txt
train/images/vlcsnap-00185.jpg train/junction_labels/vlcsnap-00185.txt
train/images/vlcsnap-00186.jpg train/junction_labels/vlcsnap-00186.txt
train/images/vlcsnap-00187.jpg train/junction_labels/vlcsnap-00187.txt
train/images/vlcsnap-00188.jpg train/junction_labels/vlcsnap-00188.txt
train/images/vlcsnap-00189.jpg train/junction_labels/vlcsnap-00189.txt
train/images/vlcsnap-00190.jpg train/junction_labels/vlcsnap-00190.txt
train/images/vlcsnap-00191.jpg train/junction_labels/vlcsnap-00191.txt
train/images/vlcsnap-00192.jpg train/junction_labels/vlcsnap-00192.txt
train/images/vlcsnap-00193.jpg train/junction_labels/vlcsnap-00193.txt
train/images/vlcsnap-00194.jpg train/junction_labels/vlcsnap-00194.txt
train/images/vlcsnap-00195.jpg train/junction_labels/vlcsnap-00195.txt
train/images/vlcsnap-00196.jpg train/junction_labels/vlcsnap-00196.txt
train/images/vlcsnap-00197.jpg train/junction_labels/vlcsnap-00197.txt
train/images/vlcsnap-00198.jpg train/junction_labels/vlcsnap-00198.txt
train/images/vlcsnap-00199.jpg train/junction_labels/vlcsnap-00199.txt
train/images/vlcsnap-00200.jpg train/junction_labels/vlcsnap-00200.txt
