train/images/vlcsnap-00021.jpg train/labels/vlcsnap-00021.png
train/images/vlcsnap-00022.jpg train/labels/vlcsnap-00022.png
train/images/vlcsnap-00023.jpg train/labels/vlcsnap-00023.png
train/images/vlcsnap-00024.jpg train/labels/vlcsnap-00024.png
train/images/vlcsnap-00025.jpg train/labels/vlcsnap-00025.png
train/images/vlcsnap-00026.jpg train/labels/vlcsnap-00026.png
train/images/vlcsnap-00027.jpg train/labels/vlcsnap-00027.png
train/images/vlcsnap-00028.jpg train/labels/vlcsnap-00028.png
train/images/vlcsnap-00029.jpg train/labels/vlcsnap-00029.png
train/images/vlcsnap-00030.jpg train/labels/vlcsnap-00030.png
train/images/vlcsnap-00031.jpg train/labels/vlcsnap-00031.png
train/images/vlcsnap-00032.jpg train/labels/vlcsnap-00032.png
train/images/vlcsnap-00033.jpg train/labels/vlcsnap-00033.png
train/images/vlcsnap-00034.jpg train/labels/vlcsnap-00034.png
train/images/vlcsnap-00035.jpg train/labels/vlcsnap-00035.png
train/images/vlcsnap-00036.jpg train/labels/vlcsnap-00036.png
train/images/vlcsnap-00037.jpg train/labels/vlcsnap-00037.png
train/images/vlcsnap-00038.jpg train/labels/vlcsnap-00038.png
train/images/vlcsnap-00039.jpg train/labels/vlcsnap-00039.png
train/images/vlcsnap-00040.jpg train/labels/vlcsnap-00040.png
train/images/vlcsnap-00041.jpg train/labels/vlcsnap-00041.png
train/images/vlcsnap-00042.jpg train/labels/vlcsnap-00042.png
train/images/vlcsnap-00043.jpg train/labels/vlcsnap-00043.png
train/images/vlcsnap-00044.jpg train/labels/vlcsnap-00044.png
train/images/vlcsnap-00045.jpg train/labels/vlcsnap-00045.png
train/images/vlcsnap-00046.jpg train/labels/vlcsnap-00046.png
train/images/vlcsnap-00047.jpg train/labels/vlcsnap-00047.png
train/images/vlcsnap-00048.jpg train/labels/vlcsnap-00048.png
train/images/vlcsnap-00049.jpg train/labels/vlcsnap-00049.png
train/images/vlcsnap-00050.jpg train/labels/vlcsnap-00050.png
train/images/vlcsnap-00051.jpg train/labels/vlcsnap-00051.png
train/images/vlcsnap-00052.jpg train/labels/vlcsnap-00052.png
train/images/vlcsnap-00053.jpg train/labels/vlcsnap-00053.png
train/images/vlcsnap-00054.jpg train/labels/vlcsnap-00054.png
train/images/vlcsnap-00055.jpg train/labels/vlcsnap-00055.png
train/images/vlcsnap-00056.jpg train/labels/vlcsnap-00056.png
train/images/vlcsnap-00057.jpg train/labels/vlcsnap-00057.png
train/images/vlcsnap-00058.jpg train/labels/vlcsnap-00058.png
train/images/vlcsnap-00059.jpg train/labels/vlcsnap-00059.png
train/images/vlcsnap-00060.jpg train/labels/vlcsnap-00060.png
train/images/vlcsnap-00061.jpg train/labels/vlcsnap-00061.png
train/images/vlcsnap-00062.jpg train/labels/vlcsnap-00062.png
train/images/vlcsnap-00063.jpg train/labels/vlcsnap-00063.png
train/images/vlcsnap-00064.jpg train/labels/vlcsnap-00064.png
train/images/vlcsnap-00065.jpg train/labels/vlcsnap-00065.png
train/images/vlcsnap-00066.jpg train/labels/vlcsnap-00066.png
train/images/vlcsnap-00067.jpg train/labels/vlcsnap-00067.png
train/images/vlcsnap-00068.jpg train/labels/vlcsnap-00068.png
train/images/vlcsnap-00069.jpg train/labels/vlcsnap-00069.png
train/images/vlcsnap-00070.jpg train/labels/vlcsnap-00070.png
train/images/vlcsnap-00071.jpg train/labels/vlcsnap-00071.png
train/images/vlcsnap-00072.jpg train/labels/vlcsnap-00072.png
train/images/vlcsnap-00073.jpg train/labels/vlcsnap-00073.png
train/images/vlcsnap-00074.jpg train/labels/vlcsnap-00074.png
train/images/vlcsnap-00075.jpg train/labels/vlcsnap-00075.png
train/images/vlcsnap-00076.jpg train/labels/vlcsnap-00076.png
train/images/vlcsnap-00077.jpg train/labels/vlcsnap-00077.png
train/images/vlcsnap-00078.jpg train/labels/vlcsnap-00078.png
train/images/vlcsnap-00079.jpg train/labels/vlcsnap-00079.png
train/images/vlcsnap-00080.jpg train/labels/vlcsnap-00080.png
train/images/vlcsnap-00081.jpg train/labels/vlcsnap-00081.png
train/images/vlcsnap-00082.jpg train/labels/vlcsnap-00082.png
train/images/vlcsnap-00083.jpg train/labels/vlcsnap-00083.png
train/images/vlcsnap-00084.jpg train/labels/vlcsnap-00084.png
train/images/vlcsnap-00085.jpg train/labels/vlcsnap-00085.png
train/images/vlcsnap-00086.jpg train/labels/vlcsnap-00086.png
train/images/vlcsnap-00087.jpg train/labels/vlcsnap-00087.png
train/images/vlcsnap-00088.jpg train/labels/vlcsnap-00088.png
train/images/vlcsnap-00089.jpg train/labels/vlcsnap-00089.png
train/images/vlcsnap-00090.jpg train/labels/vlcsnap-00090.png
train/images/vlcsnap-00091.jpg train/labels/vlcsnap-00091.png
train/images/vlcsnap-00092.jpg train/labels/vlcsnap-00092.png
train/images/vlcsnap-00093.jpg train/labels/vlcsnap-00093.png
train/images/vlcsnap-00094.jpg train/labels/vlcsnap-00094.png
train/images/vlcsnap-00095.jpg train/labels/vlcsnap-00095.png
train/images/vlcsnap-00096.jpg train/labels/vlcsnap-00096.png
train/images/vlcsnap-00097.jpg train/labels/vlcsnap-00097.png
train/images/vlcsnap-00098.jpg train/labels/vlcsnap-00098.png
train/images/vlcsnap-00099.jpg train/labels/vlcsnap-00099.png
train/images/vlcsnap-00100.jpg train/labels/vlcsnap-00100.png
train/images/vlcsnap-00101.jpg train/labels/vlcsnap-00101.png
train/images/vlcsnap-00102.jpg train/labels/vlcsnap-00102.png
train/images/vlcsnap-00103.jpg train/labels/vlcsnap-00103.png
train/images/vlcsnap-00104.jpg train/labels/vlcsnap-00104.png
train/images/vlcsnap-00105.jpg train/labels/vlcsnap-00105.png
train/images/vlcsnap-00106.jpg train/labels/vlcsnap-00106.png
train/images/vlcsnap-00107.jpg train/labels/vlcsnap-00107.png
train/images/vlcsnap-00108.jpg train/labels/vlcsnap-00108.png
train/images/vlcsnap-00109.jpg train/labels/vlcsnap-00109.png
train/images/vlcsnap-00110.jpg train/labels/vlcsnap-00110.png
train/images/vlcsnap-00111.jpg train/labels/vlcsnap-00111.png
train/images/vlcsnap-00112.jpg train/labels/vlcsnap-00112.png
train/images/vlcsnap-00113.jpg train/labels/vlcsnap-00113.png
train/images/vlcsnap-00114.jpg train/labels/vlcsnap-00114.png
train/images/vlcsnap-00115.jpg train/labels/vlcsnap-00115.png
train/images/vlcsnap-00116.jpg train/labels/vlcsnap-00116.png
train/images/vlcsnap-00117.jpg train/labels/vlcsnap-00117.png
train/images/vlcsnap-00118.jpg train/labels/vlcsnap-00118.png
train/images/vlcsnap-00119.jpg train/labels/vlcsnap-00119.png
train/images/vlcsnap-00120.jpg train/labels/vlcsnap-00120.png
train/images/vlcsnap-00121.jpg train/labels/vlcsnap-00121.png
train/images/vlcsnap-00122.jpg train/labels/vlcsnap-00122.png
train/images/vlcsnap-00123.jpg train/labels/vlcsnap-00123.png
train/images/vlcsnap-00124.jpg train/labels/vlcsnap-00124.png
train/images/vlcsnap-00125.jpg train/labels/vlcsnap-00125.png
train/images/vlcsnap-00126.jpg train/labels/vlcsnap-00126.png
train/images/vlcsnap-00127.jpg train/labels/vlcsnap-00127.png
train/images/vlcsnap-00128.jpg train/labels/vlcsnap-00128.png
train/images/vlcsnap-00129.jpg train/labels/vlcsnap-00129.png
train/images/vlcsnap-00130.jpg train/labels/vlcsnap-00130.png
train/images/vlcsnap-00131.jpg train/labels/vlcsnap-00131.png
train/images/vlcsnap-00132.jpg train/labels/vlcsnap-00132.png
train/images/vlcsnap-00133.jpg train/labels/vlcsnap-00133.png
train/images/vlcsnap-00134.jpg train/labels/vlcsnap-00134.png
train/images/vlcsnap-00135.jpg train/labels/vlcsnap-00135.png
train/images/vlcsnap-00136.jpg train/labels/vlcsnap-00136.png
train/images/vlcsnap-00137.jpg train/labels/vlcsnap-00137.png
train/images/vlcsnap-00138.jpg train/labels/vlcsnap-00138.png
train/images/vlcsnap-00139.jpg train/labels/vlcsnap-00139.png
train/images/vlcsnap-00140.jpg train/labels/vlcsnap-00140.png
train/images/vlcsnap-00141.jpg train/labels/vlcsnap-00141.png
train/images/vlcsnap-00142.jpg train/labels/vlcsnap-00142.png
train/images/vlcsnap-00143.jpg train/labels/vlcsnap-00143.png
train/images/vlcsnap-00144.jpg train/labels/vlcsnap-00144.png
train/images/vlcsnap-00145.jpg train/labels/vlcsnap-00145.png
train/images/vlcsnap-00146.jpg train/labels/vlcsnap-00146.png
train/images/vlcsnap-00147.jpg train/labels/vlcsnap-00147.png
train/images/vlcsnap-00148.jpg train/labels/vlcsnap-00148.png
train/images/vlcsnap-00149.jpg train/labels/vlcsnap-00149.png
train/images/vlcsnap-00150.jpg train/labels/vlcsnap-00150.png
train/images/vlcsnap-00151.jpg train/labels/vlcsnap-00151.png
train/images/vlcsnap-00152.jpg train/labels/vlcsnap-00152.png
train/images/vlcsnap-00153.jpg train/labels/vlcsnap-00153.png
train/images/vlcsnap-00154.jpg train/labels/vlcsnap-00154.png
train/images/vlcsnap-00155.jpg train/labels/vlcsnap-00155.png
train/images/vlcsnap-00156.jpg train/labels/vlcsnap-00156.png
train/images/vlcsnap-00157.jpg train/labels/vlcsnap-00157.png
train/images/vlcsnap-00158.jpg train/labels/vlcsnap-00158.png
train/images/vlcsnap-00159.jpg train/labels/vlcsnap-00159.png
train/images/vlcsnap-00160.jpg train/labels/vlcsnap-00160.png
train/images/vlcsnap-00161.jpg train/labels/vlcsnap-00161.png
train/images/vlcsnap-00162.jpg train/labels/vlcsnap-00162.png
train/images/vlcsnap-00163.jpg train/labels/vlcsnap-00163.png
train/images/vlcsnap-00164.jpg train/labels/vlcsnap-00164.png
train/images/vlcsnap-00165.jpg train/labels/vlcsnap-00165.png
train/images/vlcsnap-00166.jpg train/labels/vlcsnap-00166.png
train/images/vlcsnap-00167.jpg train/labels/vlcsnap-00167.png
train/images/vlcsnap-00168.jpg train/labels/vlcsnap-00168.png
train/images/vlcsnap-00169.jpg train/labels/vlcsnap-00169.png
train/images/vlcsnap-00170.jpg train/labels/vlcsnap-00170.png
train/images/vlcsnap-00171.jpg train/labels/vlcsnap-00171.png
train/images/vlcsnap-00172.jpg train/labels/vlcsnap-00172.png
train/images/vlcsnap-00173.jpg train/labels/vlcsnap-00173.png
train/images/vlcsnap-00174.jpg train/labels/vlcsnap-00174.png
train/images/vlcsnap-00175.jpg train/labels/vlcsnap-00175.png
train/images/vlcsnap-00176.jpg train/labels/vlcsnap-00176.png
train/images/vlcsnap-00177.jpg train/labels/vlcsnap-00177.png
train/images/vlcsnap-00178.jpg train/labels/vlcsnap-00178.png
train/images/vlcsnap-00179.jpg train/labels/vlcsnap-00179.png
train/images/vlcsnap-00180.jpg train/labels/vlcsnap-00180.png
train/images/vlcsnap-00181.jpg train/labels/vlcsnap-00181.png
train/images/vlcsnap-00182.jpg train/labels/vlcsnap-00182.png
train/images/vlcsnap-00183.jpg train/labels/vlcsnap-00183.png
train/images/vlcsnap-00184.jpg train/labels/vlcsnap-00184.png
train/images/vlcsnap-00185.jpg train/labels/vlcsnap-00185.png
train/images/vlcsnap-00186.jpg train/labels/vlcsnap-00186.png
train/images/vlcsnap-00187.jpg train/labels/vlcsnap-00187.png
train/images/vlcsnap-00188.jpg train/labels/vlcsnap-00188.png
train/images/vlcsnap-00189.jpg train/labels/vlcsnap-00189.png
train/images/vlcsnap-00190.jpg train/labels/vlcsnap-00190.png
train/images/vlcsnap-00191.jpg train/labels/vlcsnap-00191.png
train/images/vlcsnap-00192.jpg train/labels/vlcsnap-00192.png
train/images/vlcsnap-00193.jpg train/labels/vlcsnap-00193.png
train/images/vlcsnap-00194.jpg train/labels/vlcsnap-00194.png
train/images/vlcsnap-00195.jpg train/labels/vlcsnap-00195.png
train/images/vlcsnap-00196.jpg train/labels/vlcsnap-00196.png
train/images/vlcsnap-00197.jpg train/labels/vlcsnap-00197.png
train/images/vlcsnap-00198.jpg train/labels/vlcsnap-00198.png
train/images/vlcsnap-00199.jpg train/labels/vlcsnap-00199.png
train/images/vlcsnap-00200.jpg train/labels/vlcsnap-00200.png
