val/images/vlcsnap-00001.jpg val/junction_labels/vlcsnap-00001.txt
val/images/vlcsnap-00002.jpg val/junction_labels/vlcsnap-00002.txt
val/images/vlcsnap-00003.jpg val/junction_labels/vlcsnap-00003.txt
val/images/vlcsnap-00004.jpg val/junction_labels/vlcsnap-00004.txt
val/images/vlcsnap-00005.jpg val/junction_labels/vlcsnap-00005.txt
val/images/vlcsnap-00006.jpg val/junction_labels/vlcsnap-00006.txt
val/images/vlcsnap-00007.jpg val/junction_labels/vlcsnap-00007.txt
val/images/vlcsnap-00008.jpg val/junction_labels/vlcsnap-00008.txt
val/images/vlcsnap-00009.jpg val/junction_labels/vlcsnap-00009.txt
val/images/vlcsnap-00010.jpg val/junction_labels/vlcsnap-00010.txt
val/images/vlcsnap-00011.jpg val/junction_labels/vlcsnap-00011.txt
val/images/vlcsnap-00012.jpg val/junction_labels/vlcsnap-00012.txt
val/images/vlcsnap-00013.jpg val/junction_labels/vlcsnap-00013.txt
val/images/vlcsnap-00014.jpg val/junction_labels/vlcsnap-00014.txt
val/images/vlcsnap-00015.jpg val/junction_labels/vlcsnap-00015.txt
val/images/vlcsnap-00016.jpg val/junction_labels/vlcsnap-00016.txt
val/images/vlcsnap-00017.jpg val/junction_labels/vlcsnap-00017.txt
val/images/vlcsnap-00018.jpg val/junction_labels/vlcsnap-00018.txt
val/images/vlcsnap-00019.jpg val/junction_labels/vlcsnap-00019.txt
val/images/vlcsnap-00020.jpg val/junction_labels/vlcsnap-00020.txt
