intersectionDataE/images/02_00_008.png
intersectionDataE/images/02_00_009.png
intersectionDataE/images/02_00_018.png
intersectionDataE/images/02_00_019.png
intersectionDataE/images/02_00_028.png
intersectionDataE/images/02_00_029.png
intersectionDataE/images/02_00_038.png
intersectionDataE/images/02_00_039.png
intersectionDataE/images/02_00_048.png
intersectionDataE/images/02_00_049.png
intersectionDataE/images/02_00_058.png
intersectionDataE/images/02_00_059.png
intersectionDataE/images/02_00_068.png
intersectionDataE/images/02_00_069.png
intersectionDataE/images/02_00_078.png
intersectionDataE/images/02_00_079.png
intersectionDataE/images/02_00_088.png
intersectionDataE/images/02_00_089.png
intersectionDataE/images/02_00_098.png
intersectionDataE/images/02_00_099.png
intersectionDataE/images/02_00_108.png
intersectionDataE/images/02_00_109.png
intersectionDataE/images/02_00_118.png
intersectionDataE/images/02_00_119.png
intersectionDataE/images/02_00_128.png
intersectionDataE/images/02_00_129.png
intersectionDataE/images/02_00_138.png
intersectionDataE/images/02_00_139.png
intersectionDataE/images/02_00_148.png
intersectionDataE/images/02_00_149.png
intersectionDataE/images/02_00_158.png
intersectionDataE/images/02_00_159.png
intersectionDataE/images/02_00_168.png
intersectionDataE/images/02_00_169.png
intersectionDataE/images/02_00_178.png
intersectionDataE/images/02_00_179.png
intersectionDataE/images/02_00_188.png
intersectionDataE/images/02_00_189.png
intersectionDataE/images/02_00_198.png
intersectionDataE/images/02_00_199.png
intersectionDataE/images/02_00_208.png
intersectionDataE/images/02_00_209.png
intersectionDataE/images/02_00_218.png
intersectionDataE/images/02_00_219.png
intersectionDataE/images/02_00_228.png
intersectionDataE/images/02_00_229.png
intersectionDataE/images/02_00_238.png
intersectionDataE/images/02_00_239.png
intersectionDataE/images/02_00_248.png
intersectionDataE/images/02_00_249.png
intersectionDataE/images/02_01_008.png
intersectionDataE/images/02_01_009.png
intersectionDataE/images/02_01_018.png
intersectionDataE/images/02_01_019.png
intersectionDataE/images/02_01_028.png
intersectionDataE/images/02_01_029.png
intersectionDataE/images/02_01_038.png
intersectionDataE/images/02_01_039.png
intersectionDataE/images/02_01_048.png
intersectionDataE/images/02_01_049.png
intersectionDataE/images/02_01_058.png
intersectionDataE/images/02_01_059.png
intersectionDataE/images/02_01_068.png
intersectionDataE/images/02_01_069.png
intersectionDataE/images/02_01_078.png
intersectionDataE/images/02_01_079.png
intersectionDataE/images/02_01_088.png
intersectionDataE/images/02_01_089.png
intersectionDataE/images/02_01_098.png
intersectionDataE/images/02_01_099.png
intersectionDataE/images/02_01_108.png
intersectionDataE/images/02_01_109.png
intersectionDataE/images/02_01_118.png
intersectionDataE/images/02_01_119.png
intersectionDataE/images/02_01_128.png
intersectionDataE/images/02_01_129.png
intersectionDataE/images/02_01_138.png
intersectionDataE/images/02_01_139.png
intersectionDataE/images/02_01_148.png
intersectionDataE/images/02_01_149.png
intersectionDataE/images/02_01_158.png
intersectionDataE/images/02_01_159.png
intersectionDataE/images/02_01_168.png
intersectionDataE/images/02_01_169.png
intersectionDataE/images/02_01_178.png
intersectionDataE/images/02_01_179.png
intersectionDataE/images/02_01_188.png
intersectionDataE/images/02_01_189.png
intersectionDataE/images/02_01_198.png
intersectionDataE/images/02_01_199.png
intersectionDataE/images/02_01_208.png
intersectionDataE/images/02_01_209.png
intersectionDataE/images/02_01_218.png
intersectionDataE/images/02_01_219.png
intersectionDataE/images/02_01_228.png
intersectionDataE/images/02_01_229.png
intersectionDataE/images/02_01_238.png
intersectionDataE/images/02_01_239.png
intersectionDataE/images/02_01_248.png
intersectionDataE/images/02_01_249.png
intersectionDataE/images/02_02_008.png
intersectionDataE/images/02_02_009.png
intersectionDataE/images/02_02_018.png
intersectionDataE/images/02_02_019.png
intersectionDataE/images/02_02_028.png
intersectionDataE/images/02_02_029.png
intersectionDataE/images/02_02_038.png
intersectionDataE/images/02_02_039.png
intersectionDataE/images/02_02_048.png
intersectionDataE/images/02_02_049.png
intersectionDataE/images/02_02_058.png
intersectionDataE/images/02_02_059.png
intersectionDataE/images/02_02_068.png
intersectionDataE/images/02_02_069.png
intersectionDataE/images/02_02_078.png
intersectionDataE/images/02_02_079.png
intersectionDataE/images/02_02_088.png
intersectionDataE/images/02_02_089.png
intersectionDataE/images/02_02_098.png
intersectionDataE/images/02_02_099.png
intersectionDataE/images/02_02_108.png
intersectionDataE/images/02_02_109.png
intersectionDataE/images/02_02_118.png
intersectionDataE/images/02_02_119.png
intersectionDataE/images/02_02_128.png
intersectionDataE/images/02_02_129.png
intersectionDataE/images/02_02_138.png
intersectionDataE/images/02_02_139.png
intersectionDataE/images/02_02_148.png
intersectionDataE/images/02_02_149.png
intersectionDataE/images/02_02_158.png
intersectionDataE/images/02_02_159.png
intersectionDataE/images/02_02_168.png
intersectionDataE/images/02_02_169.png
intersectionDataE/images/02_02_178.png
intersectionDataE/images/02_02_179.png
intersectionDataE/images/02_02_188.png
intersectionDataE/images/02_02_189.png
intersectionDataE/images/02_02_198.png
intersectionDataE/images/02_02_199.png
intersectionDataE/images/02_02_208.png
intersectionDataE/images/02_02_209.png
intersectionDataE/images/02_02_218.png
intersectionDataE/images/02_02_219.png
intersectionDataE/images/02_02_228.png
intersectionDataE/images/02_02_229.png
intersectionDataE/images/02_02_238.png
intersectionDataE/images/02_02_239.png
intersectionDataE/images/02_02_248.png
intersectionDataE/images/02_02_249.png
intersectionDataE/images/03_00_008.png
intersectionDataE/images/03_00_009.png
intersectionDataE/images/03_00_018.png
intersectionDataE/images/03_00_019.png
intersectionDataE/images/03_00_028.png
intersectionDataE/images/03_00_029.png
intersectionDataE/images/03_00_038.png
intersectionDataE/images/03_00_039.png
intersectionDataE/images/03_00_048.png
intersectionDataE/images/03_00_049.png
intersectionDataE/images/03_00_058.png
intersectionDataE/images/03_00_059.png
intersectionDataE/images/03_00_068.png
intersectionDataE/images/03_00_069.png
intersectionDataE/images/03_00_078.png
intersectionDataE/images/03_00_079.png
intersectionDataE/images/03_00_088.png
intersectionDataE/images/03_00_089.png
intersectionDataE/images/03_00_098.png
intersectionDataE/images/03_00_099.png
intersectionDataE/images/03_00_108.png
intersectionDataE/images/03_00_109.png
intersectionDataE/images/03_00_118.png
intersectionDataE/images/03_00_119.png
intersectionDataE/images/03_00_128.png
intersectionDataE/images/03_00_129.png
intersectionDataE/images/03_00_138.png
intersectionDataE/images/03_00_139.png
intersectionDataE/images/03_00_148.png
intersectionDataE/images/03_00_149.png
intersectionDataE/images/03_00_158.png
intersectionDataE/images/03_00_159.png
intersectionDataE/images/03_00_168.png
intersectionDataE/images/03_00_169.png
intersectionDataE/images/03_00_178.png
intersectionDataE/images/03_00_179.png
intersectionDataE/images/03_00_188.png
intersectionDataE/images/03_00_189.png
intersectionDataE/images/03_00_198.png
intersectionDataE/images/03_00_199.png
intersectionDataE/images/03_00_208.png
intersectionDataE/images/03_00_209.png
intersectionDataE/images/03_00_218.png
intersectionDataE/images/03_00_219.png
intersectionDataE/images/03_00_228.png
intersectionDataE/images/03_00_229.png
intersectionDataE/images/03_00_238.png
intersectionDataE/images/03_00_239.png
intersectionDataE/images/03_00_248.png
intersectionDataE/images/03_00_249.png
intersectionDataE/images/03_01_008.png
intersectionDataE/images/03_01_009.png
intersectionDataE/images/03_01_018.png
intersectionDataE/images/03_01_019.png
intersectionDataE/images/03_01_028.png
intersectionDataE/images/03_01_029.png
intersectionDataE/images/03_01_038.png
intersectionDataE/images/03_01_039.png
intersectionDataE/images/03_01_048.png
intersectionDataE/images/03_01_049.png
intersectionDataE/images/03_01_058.png
intersectionDataE/images/03_01_059.png
intersectionDataE/images/03_01_068.png
intersectionDataE/images/03_01_069.png
intersectionDataE/images/03_01_078.png
intersectionDataE/images/03_01_079.png
intersectionDataE/images/03_01_088.png
intersectionDataE/images/03_01_089.png
intersectionDataE/images/03_01_098.png
intersectionDataE/images/03_01_099.png
intersectionDataE/images/03_01_108.png
intersectionDataE/images/03_01_109.png
intersectionDataE/images/03_01_118.png
intersectionDataE/images/03_01_119.png
intersectionDataE/images/03_01_128.png
intersectionDataE/images/03_01_129.png
intersectionDataE/images/03_01_138.png
intersectionDataE/images/03_01_139.png
intersectionDataE/images/03_01_148.png
intersectionDataE/images/03_01_149.png
intersectionDataE/images/03_01_158.png
intersectionDataE/images/03_01_159.png
intersectionDataE/images/03_01_168.png
intersectionDataE/images/03_01_169.png
intersectionDataE/images/03_01_178.png
intersectionDataE/images/03_01_179.png
intersectionDataE/images/03_01_188.png
intersectionDataE/images/03_01_189.png
intersectionDataE/images/03_01_198.png
intersectionDataE/images/03_01_199.png
intersectionDataE/images/03_01_208.png
intersectionDataE/images/03_01_209.png
intersectionDataE/images/03_01_218.png
intersectionDataE/images/03_01_219.png
intersectionDataE/images/03_01_228.png
intersectionDataE/images/03_01_229.png
intersectionDataE/images/03_01_238.png
intersectionDataE/images/03_01_239.png
intersectionDataE/images/03_01_248.png
intersectionDataE/images/03_01_249.png
intersectionDataE/images/04_00_008.png
intersectionDataE/images/04_00_009.png
intersectionDataE/images/04_00_018.png
intersectionDataE/images/04_00_019.png
intersectionDataE/images/04_00_028.png
intersectionDataE/images/04_00_029.png
intersectionDataE/images/04_00_038.png
intersectionDataE/images/04_00_039.png
intersectionDataE/images/04_00_048.png
intersectionDataE/images/04_00_049.png
intersectionDataE/images/04_00_058.png
intersectionDataE/images/04_00_059.png
intersectionDataE/images/04_00_068.png
intersectionDataE/images/04_00_069.png
intersectionDataE/images/04_00_078.png
intersectionDataE/images/04_00_079.png
intersectionDataE/images/04_00_088.png
intersectionDataE/images/04_00_089.png
intersectionDataE/images/04_00_098.png
intersectionDataE/images/04_00_099.png
intersectionDataE/images/04_00_108.png
intersectionDataE/images/04_00_109.png
intersectionDataE/images/04_00_118.png
intersectionDataE/images/04_00_119.png
intersectionDataE/images/04_00_128.png
intersectionDataE/images/04_00_129.png
intersectionDataE/images/04_00_138.png
intersectionDataE/images/04_00_139.png
intersectionDataE/images/04_00_148.png
intersectionDataE/images/04_00_149.png
intersectionDataE/images/04_00_158.png
intersectionDataE/images/04_00_159.png
intersectionDataE/images/04_00_168.png
intersectionDataE/images/04_00_169.png
intersectionDataE/images/04_00_178.png
intersectionDataE/images/04_00_179.png
intersectionDataE/images/04_00_188.png
intersectionDataE/images/04_00_189.png
intersectionDataE/images/04_00_198.png
intersectionDataE/images/04_00_199.png
intersectionDataE/images/04_00_208.png
intersectionDataE/images/04_00_209.png
intersectionDataE/images/04_00_218.png
intersectionDataE/images/04_00_219.png
intersectionDataE/images/04_00_228.png
intersectionDataE/images/04_00_229.png
intersectionDataE/images/04_00_238.png
intersectionDataE/images/04_00_239.png
intersectionDataE/images/04_00_248.png
intersectionDataE/images/04_00_249.png
intersectionDataE/images/05_00_008.png
intersectionDataE/images/05_00_009.png
intersectionDataE/images/05_00_018.png
intersectionDataE/images/05_00_019.png
intersectionDataE/images/05_00_028.png
intersectionDataE/images/05_00_029.png
intersectionDataE/images/05_00_038.png
intersectionDataE/images/05_00_039.png
intersectionDataE/images/05_00_048.png
intersectionDataE/images/05_00_049.png
intersectionDataE/images/05_00_058.png
intersectionDataE/images/05_00_059.png
intersectionDataE/images/05_00_068.png
intersectionDataE/images/05_00_069.png
intersectionDataE/images/05_00_078.png
intersectionDataE/images/05_00_079.png
intersectionDataE/images/05_00_088.png
intersectionDataE/images/05_00_089.png
intersectionDataE/images/05_00_098.png
intersectionDataE/images/05_00_099.png
intersectionDataE/images/05_00_108.png
intersectionDataE/images/05_00_109.png
intersectionDataE/images/05_00_118.png
intersectionDataE/images/05_00_119.png
intersectionDataE/images/05_00_128.png
intersectionDataE/images/05_00_129.png
intersectionDataE/images/05_00_138.png
intersectionDataE/images/05_00_139.png
intersectionDataE/images/05_00_148.png
intersectionDataE/images/05_00_149.png
intersectionDataE/images/05_00_158.png
intersectionDataE/images/05_00_159.png
intersectionDataE/images/05_00_168.png
intersectionDataE/images/05_00_169.png
intersectionDataE/images/05_00_178.png
intersectionDataE/images/05_00_179.png
intersectionDataE/images/05_00_188.png
intersectionDataE/images/05_00_189.png
intersectionDataE/images/05_00_198.png
intersectionDataE/images/05_00_199.png
intersectionDataE/images/05_00_208.png
intersectionDataE/images/05_00_209.png
intersectionDataE/images/05_00_218.png
intersectionDataE/images/05_00_219.png
intersectionDataE/images/05_00_228.png
intersectionDataE/images/05_00_229.png
intersectionDataE/images/05_00_238.png
intersectionDataE/images/05_00_239.png
intersectionDataE/images/05_00_248.png
intersectionDataE/images/05_00_249.png
intersectionDataE/images/06_00_008.png
intersectionDataE/images/06_00_009.png
intersectionDataE/images/06_00_018.png
intersectionDataE/images/06_00_019.png
intersectionDataE/images/06_00_028.png
intersectionDataE/images/06_00_029.png
intersectionDataE/images/06_00_038.png
intersectionDataE/images/06_00_039.png
intersectionDataE/images/06_00_048.png
intersectionDataE/images/06_00_049.png
intersectionDataE/images/06_00_058.png
intersectionDataE/images/06_00_059.png
intersectionDataE/images/06_00_068.png
intersectionDataE/images/06_00_069.png
intersectionDataE/images/06_00_078.png
intersectionDataE/images/06_00_079.png
intersectionDataE/images/06_00_088.png
intersectionDataE/images/06_00_089.png
intersectionDataE/images/06_00_098.png
intersectionDataE/images/06_00_099.png
intersectionDataE/images/06_00_108.png
intersectionDataE/images/06_00_109.png
intersectionDataE/images/06_00_118.png
intersectionDataE/images/06_00_119.png
intersectionDataE/images/06_00_128.png
intersectionDataE/images/06_00_129.png
intersectionDataE/images/06_00_138.png
intersectionDataE/images/06_00_139.png
intersectionDataE/images/06_00_148.png
intersectionDataE/images/06_00_149.png
intersectionDataE/images/06_00_158.png
intersectionDataE/images/06_00_159.png
intersectionDataE/images/06_00_168.png
intersectionDataE/images/06_00_169.png
intersectionDataE/images/06_00_178.png
intersectionDataE/images/06_00_179.png
intersectionDataE/images/06_00_188.png
intersectionDataE/images/06_00_189.png
intersectionDataE/images/06_00_198.png
intersectionDataE/images/06_00_199.png
intersectionDataE/images/06_00_208.png
intersectionDataE/images/06_00_209.png
intersectionDataE/images/06_00_218.png
intersectionDataE/images/06_00_219.png
intersectionDataE/images/06_00_228.png
intersectionDataE/images/06_00_229.png
intersectionDataE/images/06_00_238.png
intersectionDataE/images/06_00_239.png
intersectionDataE/images/06_00_248.png
intersectionDataE/images/06_00_249.png
intersectionDataE/images/07_00_008.png
intersectionDataE/images/07_00_009.png
intersectionDataE/images/07_00_018.png
intersectionDataE/images/07_00_019.png
intersectionDataE/images/07_00_028.png
intersectionDataE/images/07_00_029.png
intersectionDataE/images/07_00_038.png
intersectionDataE/images/07_00_039.png
intersectionDataE/images/07_00_048.png
intersectionDataE/images/07_00_049.png
intersectionDataE/images/07_00_058.png
intersectionDataE/images/07_00_059.png
intersectionDataE/images/07_00_068.png
intersectionDataE/images/07_00_069.png
intersectionDataE/images/07_00_078.png
intersectionDataE/images/07_00_079.png
intersectionDataE/images/07_00_088.png
intersectionDataE/images/07_00_089.png
intersectionDataE/images/07_00_098.png
intersectionDataE/images/07_00_099.png
intersectionDataE/images/07_00_108.png
intersectionDataE/images/07_00_109.png
intersectionDataE/images/07_00_118.png
intersectionDataE/images/07_00_119.png
intersectionDataE/images/07_00_128.png
intersectionDataE/images/07_00_129.png
intersectionDataE/images/07_00_138.png
intersectionDataE/images/07_00_139.png
intersectionDataE/images/07_00_148.png
intersectionDataE/images/07_00_149.png
intersectionDataE/images/07_00_158.png
intersectionDataE/images/07_00_159.png
intersectionDataE/images/07_00_168.png
intersectionDataE/images/07_00_169.png
intersectionDataE/images/07_00_178.png
intersectionDataE/images/07_00_179.png
intersectionDataE/images/07_00_188.png
intersectionDataE/images/07_00_189.png
intersectionDataE/images/07_00_198.png
intersectionDataE/images/07_00_199.png
intersectionDataE/images/07_00_208.png
intersectionDataE/images/07_00_209.png
intersectionDataE/images/07_00_218.png
intersectionDataE/images/07_00_219.png
intersectionDataE/images/07_00_228.png
intersectionDataE/images/07_00_229.png
intersectionDataE/images/07_00_238.png
intersectionDataE/images/07_00_239.png
intersectionDataE/images/07_00_248.png
intersectionDataE/images/07_00_249.png
intersectionDataE/images/08_00_008.png
intersectionDataE/images/08_00_009.png
intersectionDataE/images/08_00_018.png
intersectionDataE/images/08_00_019.png
intersectionDataE/images/08_00_028.png
intersectionDataE/images/08_00_029.png
intersectionDataE/images/08_00_038.png
intersectionDataE/images/08_00_039.png
intersectionDataE/images/08_00_048.png
intersectionDataE/images/08_00_049.png
intersectionDataE/images/08_00_058.png
intersectionDataE/images/08_00_059.png
intersectionDataE/images/08_00_068.png
intersectionDataE/images/08_00_069.png
intersectionDataE/images/08_00_078.png
intersectionDataE/images/08_00_079.png
intersectionDataE/images/08_00_088.png
intersectionDataE/images/08_00_089.png
intersectionDataE/images/08_00_098.png
intersectionDataE/images/08_00_099.png
intersectionDataE/images/08_00_108.png
intersectionDataE/images/08_00_109.png
intersectionDataE/images/08_00_118.png
intersectionDataE/images/08_00_119.png
intersectionDataE/images/08_00_128.png
intersectionDataE/images/08_00_129.png
intersectionDataE/images/08_00_138.png
intersectionDataE/images/08_00_139.png
intersectionDataE/images/08_00_148.png
intersectionDataE/images/08_00_149.png
intersectionDataE/images/08_00_158.png
intersectionDataE/images/08_00_159.png
intersectionDataE/images/08_00_168.png
intersectionDataE/images/08_00_169.png
intersectionDataE/images/08_00_178.png
intersectionDataE/images/08_00_179.png
intersectionDataE/images/08_00_188.png
intersectionDataE/images/08_00_189.png
intersectionDataE/images/08_00_198.png
intersectionDataE/images/08_00_199.png
intersectionDataE/images/08_00_208.png
intersectionDataE/images/08_00_209.png
intersectionDataE/images/08_00_218.png
intersectionDataE/images/08_00_219.png
intersectionDataE/images/08_00_228.png
intersectionDataE/images/08_00_229.png
intersectionDataE/images/08_00_238.png
intersectionDataE/images/08_00_239.png
intersectionDataE/images/08_00_248.png
intersectionDataE/images/08_00_249.png
intersectionDataE/images/09_00_008.png
intersectionDataE/images/09_00_009.png
intersectionDataE/images/09_00_018.png
intersectionDataE/images/09_00_019.png
intersectionDataE/images/09_00_028.png
intersectionDataE/images/09_00_029.png
intersectionDataE/images/09_00_038.png
intersectionDataE/images/09_00_039.png
intersectionDataE/images/09_00_048.png
intersectionDataE/images/09_00_049.png
intersectionDataE/images/09_00_058.png
intersectionDataE/images/09_00_059.png
intersectionDataE/images/09_00_068.png
intersectionDataE/images/09_00_069.png
intersectionDataE/images/09_00_078.png
intersectionDataE/images/09_00_079.png
intersectionDataE/images/09_00_088.png
intersectionDataE/images/09_00_089.png
intersectionDataE/images/09_00_098.png
intersectionDataE/images/09_00_099.png
intersectionDataE/images/09_00_108.png
intersectionDataE/images/09_00_109.png
intersectionDataE/images/09_00_118.png
intersectionDataE/images/09_00_119.png
intersectionDataE/images/09_00_128.png
intersectionDataE/images/09_00_129.png
intersectionDataE/images/09_00_138.png
intersectionDataE/images/09_00_139.png
intersectionDataE/images/09_00_148.png
intersectionDataE/images/09_00_149.png
intersectionDataE/images/09_00_158.png
intersectionDataE/images/09_00_159.png
intersectionDataE/images/09_00_168.png
intersectionDataE/images/09_00_169.png
intersectionDataE/images/09_00_178.png
intersectionDataE/images/09_00_179.png
intersectionDataE/images/09_00_188.png
intersectionDataE/images/09_00_189.png
intersectionDataE/images/09_00_198.png
intersectionDataE/images/09_00_199.png
intersectionDataE/images/09_00_208.png
intersectionDataE/images/09_00_209.png
intersectionDataE/images/09_00_218.png
intersectionDataE/images/09_00_219.png
intersectionDataE/images/09_00_228.png
intersectionDataE/images/09_00_229.png
intersectionDataE/images/09_00_238.png
intersectionDataE/images/09_00_239.png
intersectionDataE/images/09_00_248.png
intersectionDataE/images/09_00_249.png
intersectionDataE/images/10_00_008.png
intersectionDataE/images/10_00_009.png
intersectionDataE/images/10_00_018.png
intersectionDataE/images/10_00_019.png
intersectionDataE/images/10_00_028.png
intersectionDataE/images/10_00_029.png
intersectionDataE/images/10_00_038.png
intersectionDataE/images/10_00_039.png
intersectionDataE/images/10_00_048.png
intersectionDataE/images/10_00_049.png
intersectionDataE/images/10_00_058.png
intersectionDataE/images/10_00_059.png
intersectionDataE/images/10_00_068.png
intersectionDataE/images/10_00_069.png
intersectionDataE/images/10_00_078.png
intersectionDataE/images/10_00_079.png
intersectionDataE/images/10_00_088.png
intersectionDataE/images/10_00_089.png
intersectionDataE/images/10_00_098.png
intersectionDataE/images/10_00_099.png
intersectionDataE/images/10_00_108.png
intersectionDataE/images/10_00_109.png
intersectionDataE/images/10_00_118.png
intersectionDataE/images/10_00_119.png
intersectionDataE/images/10_00_128.png
intersectionDataE/images/10_00_129.png
intersectionDataE/images/10_00_138.png
intersectionDataE/images/10_00_139.png
intersectionDataE/images/10_00_148.png
intersectionDataE/images/10_00_149.png
intersectionDataE/images/10_00_158.png
intersectionDataE/images/10_00_159.png
intersectionDataE/images/10_00_168.png
intersectionDataE/images/10_00_169.png
intersectionDataE/images/10_00_178.png
intersectionDataE/images/10_00_179.png
intersectionDataE/images/10_00_188.png
intersectionDataE/images/10_00_189.png
intersectionDataE/images/10_00_198.png
intersectionDataE/images/10_00_199.png
intersectionDataE/images/10_00_208.png
intersectionDataE/images/10_00_209.png
intersectionDataE/images/10_00_218.png
intersectionDataE/images/10_00_219.png
intersectionDataE/images/10_00_228.png
intersectionDataE/images/10_00_229.png
intersectionDataE/images/10_00_238.png
intersectionDataE/images/10_00_239.png
intersectionDataE/images/10_00_248.png
intersectionDataE/images/10_00_249.png
intersectionDataE/images/F1-18.png
intersectionDataE/images/F1-19.png
intersectionDataE/images/F1-28.png
intersectionDataE/images/F1-29.png
intersectionDataE/images/F1-38.png
intersectionDataE/images/F1-39.png
intersectionDataE/images/F1-48.png
intersectionDataE/images/F1-49.png
intersectionDataE/images/F1-58.png
intersectionDataE/images/F1-59.png
intersectionDataE/images/F1-68.png
intersectionDataE/images/F1-69.png
intersectionDataE/images/F1-78.png
intersectionDataE/images/F1-79.png
intersectionDataE/images/F1-8.png
intersectionDataE/images/F1-88.png
intersectionDataE/images/F1-89.png
intersectionDataE/images/F1-9.png
intersectionDataE/images/F1-98.png
intersectionDataE/images/F1-99.png
intersectionDataE/images/F10-18.png
intersectionDataE/images/F10-19.png
intersectionDataE/images/F10-28.png
intersectionDataE/images/F10-29.png
intersectionDataE/images/F10-38.png
intersectionDataE/images/F10-39.png
intersectionDataE/images/F10-48.png
intersectionDataE/images/F10-49.png
intersectionDataE/images/F10-58.png
intersectionDataE/images/F10-59.png
intersectionDataE/images/F10-68.png
intersectionDataE/images/F10-69.png
intersectionDataE/images/F10-78.png
intersectionDataE/images/F10-79.png
intersectionDataE/images/F10-8.png
intersectionDataE/images/F10-88.png
intersectionDataE/images/F10-89.png
intersectionDataE/images/F10-9.png
intersectionDataE/images/F10-98.png
intersectionDataE/images/F10-99.png
intersectionDataE/images/F2-18.png
intersectionDataE/images/F2-19.png
intersectionDataE/images/F2-28.png
intersectionDataE/images/F2-29.png
intersectionDataE/images/F2-38.png
intersectionDataE/images/F2-39.png
intersectionDataE/images/F2-48.png
intersectionDataE/images/F2-49.png
intersectionDataE/images/F2-58.png
intersectionDataE/images/F2-59.png
intersectionDataE/images/F2-68.png
intersectionDataE/images/F2-69.png
intersectionDataE/images/F2-78.png
intersectionDataE/images/F2-79.png
intersectionDataE/images/F2-8.png
intersectionDataE/images/F2-88.png
intersectionDataE/images/F2-89.png
intersectionDataE/images/F2-9.png
intersectionDataE/images/F2-98.png
intersectionDataE/images/F2-99.png
intersectionDataE/images/F3-18.png
intersectionDataE/images/F3-19.png
intersectionDataE/images/F3-28.png
intersectionDataE/images/F3-29.png
intersectionDataE/images/F3-38.png
intersectionDataE/images/F3-39.png
intersectionDataE/images/F3-48.png
intersectionDataE/images/F3-49.png
intersectionDataE/images/F3-58.png
intersectionDataE/images/F3-59.png
intersectionDataE/images/F3-68.png
intersectionDataE/images/F3-69.png
intersectionDataE/images/F3-78.png
intersectionDataE/images/F3-79.png
intersectionDataE/images/F3-8.png
intersectionDataE/images/F3-88.png
intersectionDataE/images/F3-89.png
intersectionDataE/images/F3-9.png
intersectionDataE/images/F3-98.png
intersectionDataE/images/F3-99.png
intersectionDataE/images/F4-18.png
intersectionDataE/images/F4-19.png
intersectionDataE/images/F4-28.png
intersectionDataE/images/F4-29.png
intersectionDataE/images/F4-38.png
intersectionDataE/images/F4-39.png
intersectionDataE/images/F4-48.png
intersectionDataE/images/F4-49.png
intersectionDataE/images/F4-58.png
intersectionDataE/images/F4-59.png
intersectionDataE/images/F4-68.png
intersectionDataE/images/F4-69.png
intersectionDataE/images/F4-78.png
intersectionDataE/images/F4-79.png
intersectionDataE/images/F4-8.png
intersectionDataE/images/F4-88.png
intersectionDataE/images/F4-89.png
intersectionDataE/images/F4-9.png
intersectionDataE/images/F4-98.png
intersectionDataE/images/F4-99.png
intersectionDataE/images/F5-18.png
intersectionDataE/images/F5-19.png
intersectionDataE/images/F5-28.png
intersectionDataE/images/F5-29.png
intersectionDataE/images/F5-38.png
intersectionDataE/images/F5-39.png
intersectionDataE/images/F5-48.png
intersectionDataE/images/F5-49.png
intersectionDataE/images/F5-58.png
intersectionDataE/images/F5-59.png
intersectionDataE/images/F5-68.png
intersectionDataE/images/F5-69.png
intersectionDataE/images/F5-78.png
intersectionDataE/images/F5-79.png
intersectionDataE/images/F5-8.png
intersectionDataE/images/F5-88.png
intersectionDataE/images/F5-89.png
intersectionDataE/images/F5-9.png
intersectionDataE/images/F5-98.png
intersectionDataE/images/F5-99.png
intersectionDataE/images/F6-18.png
intersectionDataE/images/F6-19.png
intersectionDataE/images/F6-28.png
intersectionDataE/images/F6-29.png
intersectionDataE/images/F6-38.png
intersectionDataE/images/F6-39.png
intersectionDataE/images/F6-48.png
intersectionDataE/images/F6-49.png
intersectionDataE/images/F6-58.png
intersectionDataE/images/F6-59.png
intersectionDataE/images/F6-68.png
intersectionDataE/images/F6-69.png
intersectionDataE/images/F6-78.png
intersectionDataE/images/F6-79.png
intersectionDataE/images/F6-8.png
intersectionDataE/images/F6-88.png
intersectionDataE/images/F6-89.png
intersectionDataE/images/F6-9.png
intersectionDataE/images/F6-98.png
intersectionDataE/images/F6-99.png
intersectionDataE/images/F61-18.png
intersectionDataE/images/F61-19.png
intersectionDataE/images/F61-28.png
intersectionDataE/images/F61-29.png
intersectionDataE/images/F61-38.png
intersectionDataE/images/F61-39.png
intersectionDataE/images/F61-48.png
intersectionDataE/images/F61-49.png
intersectionDataE/images/F61-58.png
intersectionDataE/images/F61-59.png
intersectionDataE/images/F61-68.png
intersectionDataE/images/F61-69.png
intersectionDataE/images/F61-78.png
intersectionDataE/images/F61-79.png
intersectionDataE/images/F61-8.png
intersectionDataE/images/F61-88.png
intersectionDataE/images/F61-89.png
intersectionDataE/images/F61-9.png
intersectionDataE/images/F61-98.png
intersectionDataE/images/F61-99.png
intersectionDataE/images/F62-18.png
intersectionDataE/images/F62-19.png
intersectionDataE/images/F62-28.png
intersectionDataE/images/F62-29.png
intersectionDataE/images/F62-38.png
intersectionDataE/images/F62-39.png
intersectionDataE/images/F62-48.png
intersectionDataE/images/F62-49.png
intersectionDataE/images/F62-58.png
intersectionDataE/images/F62-59.png
intersectionDataE/images/F62-68.png
intersectionDataE/images/F62-69.png
intersectionDataE/images/F62-78.png
intersectionDataE/images/F62-79.png
intersectionDataE/images/F62-8.png
intersectionDataE/images/F62-88.png
intersectionDataE/images/F62-89.png
intersectionDataE/images/F62-9.png
intersectionDataE/images/F62-98.png
intersectionDataE/images/F62-99.png
intersectionDataE/images/F63-18.png
intersectionDataE/images/F63-19.png
intersectionDataE/images/F63-28.png
intersectionDataE/images/F63-29.png
intersectionDataE/images/F63-38.png
intersectionDataE/images/F63-39.png
intersectionDataE/images/F63-48.png
intersectionDataE/images/F63-49.png
intersectionDataE/images/F63-58.png
intersectionDataE/images/F63-59.png
intersectionDataE/images/F63-68.png
intersectionDataE/images/F63-69.png
intersectionDataE/images/F63-78.png
intersectionDataE/images/F63-79.png
intersectionDataE/images/F63-8.png
intersectionDataE/images/F63-88.png
intersectionDataE/images/F63-89.png
intersectionDataE/images/F63-9.png
intersectionDataE/images/F63-98.png
intersectionDataE/images/F63-99.png
intersectionDataE/images/F64-18.png
intersectionDataE/images/F64-19.png
intersectionDataE/images/F64-28.png
intersectionDataE/images/F64-29.png
intersectionDataE/images/F64-38.png
intersectionDataE/images/F64-39.png
intersectionDataE/images/F64-48.png
intersectionDataE/images/F64-49.png
intersectionDataE/images/F64-58.png
intersectionDataE/images/F64-59.png
intersectionDataE/images/F64-68.png
intersectionDataE/images/F64-69.png
intersectionDataE/images/F64-78.png
intersectionDataE/images/F64-79.png
intersectionDataE/images/F64-8.png
intersectionDataE/images/F64-88.png
intersectionDataE/images/F64-89.png
intersectionDataE/images/F64-9.png
intersectionDataE/images/F64-98.png
intersectionDataE/images/F64-99.png
intersectionDataE/images/F65-18.png
intersectionDataE/images/F65-19.png
intersectionDataE/images/F65-28.png
intersectionDataE/images/F65-29.png
intersectionDataE/images/F65-38.png
intersectionDataE/images/F65-39.png
intersectionDataE/images/F65-48.png
intersectionDataE/images/F65-49.png
intersectionDataE/images/F65-58.png
intersectionDataE/images/F65-59.png
intersectionDataE/images/F65-68.png
intersectionDataE/images/F65-69.png
intersectionDataE/images/F65-78.png
intersectionDataE/images/F65-79.png
intersectionDataE/images/F65-8.png
intersectionDataE/images/F65-88.png
intersectionDataE/images/F65-89.png
intersectionDataE/images/F65-9.png
intersectionDataE/images/F65-98.png
intersectionDataE/images/F65-99.png
intersectionDataE/images/F66-18.png
intersectionDataE/images/F66-19.png
intersectionDataE/images/F66-28.png
intersectionDataE/images/F66-29.png
intersectionDataE/images/F66-38.png
intersectionDataE/images/F66-39.png
intersectionDataE/images/F66-48.png
intersectionDataE/images/F66-49.png
intersectionDataE/images/F66-58.png
intersectionDataE/images/F66-59.png
intersectionDataE/images/F66-68.png
intersectionDataE/images/F66-69.png
intersectionDataE/images/F66-78.png
intersectionDataE/images/F66-79.png
intersectionDataE/images/F66-8.png
intersectionDataE/images/F66-88.png
intersectionDataE/images/F66-89.png
intersectionDataE/images/F66-9.png
intersectionDataE/images/F66-98.png
intersectionDataE/images/F66-99.png
intersectionDataE/images/F67-18.png
intersectionDataE/images/F67-19.png
intersectionDataE/images/F67-28.png
intersectionDataE/images/F67-29.png
intersectionDataE/images/F67-38.png
intersectionDataE/images/F67-39.png
intersectionDataE/images/F67-48.png
intersectionDataE/images/F67-49.png
intersectionDataE/images/F67-58.png
intersectionDataE/images/F67-59.png
intersectionDataE/images/F67-68.png
intersectionDataE/images/F67-69.png
intersectionDataE/images/F67-78.png
intersectionDataE/images/F67-79.png
intersectionDataE/images/F67-8.png
intersectionDataE/images/F67-88.png
intersectionDataE/images/F67-89.png
intersectionDataE/images/F67-9.png
intersectionDataE/images/F67-98.png
intersectionDataE/images/F67-99.png
intersectionDataE/images/F68-18.png
intersectionDataE/images/F68-19.png
intersectionDataE/images/F68-28.png
intersectionDataE/images/F68-29.png
intersectionDataE/images/F68-38.png
intersectionDataE/images/F68-39.png
intersectionDataE/images/F68-48.png
intersectionDataE/images/F68-49.png
intersectionDataE/images/F68-58.png
intersectionDataE/images/F68-59.png
intersectionDataE/images/F68-68.png
intersectionDataE/images/F68-69.png
intersectionDataE/images/F68-78.png
intersectionDataE/images/F68-79.png
intersectionDataE/images/F68-8.png
intersectionDataE/images/F68-88.png
intersectionDataE/images/F68-89.png
intersectionDataE/images/F68-9.png
intersectionDataE/images/F68-98.png
intersectionDataE/images/F68-99.png
intersectionDataE/images/F69-18.png
intersectionDataE/images/F69-19.png
intersectionDataE/images/F69-28.png
intersectionDataE/images/F69-29.png
intersectionDataE/images/F69-38.png
intersectionDataE/images/F69-39.png
intersectionDataE/images/F69-48.png
intersectionDataE/images/F69-49.png
intersectionDataE/images/F69-58.png
intersectionDataE/images/F69-59.png
intersectionDataE/images/F69-68.png
intersectionDataE/images/F69-69.png
intersectionDataE/images/F69-78.png
intersectionDataE/images/F69-79.png
intersectionDataE/images/F69-8.png
intersectionDataE/images/F69-88.png
intersectionDataE/images/F69-89.png
intersectionDataE/images/F69-9.png
intersectionDataE/images/F69-98.png
intersectionDataE/images/F69-99.png
intersectionDataE/images/F7-18.png
intersectionDataE/images/F7-19.png
intersectionDataE/images/F7-28.png
intersectionDataE/images/F7-29.png
intersectionDataE/images/F7-38.png
intersectionDataE/images/F7-39.png
intersectionDataE/images/F7-48.png
intersectionDataE/images/F7-49.png
intersectionDataE/images/F7-58.png
intersectionDataE/images/F7-59.png
intersectionDataE/images/F7-68.png
intersectionDataE/images/F7-69.png
intersectionDataE/images/F7-78.png
intersectionDataE/images/F7-79.png
intersectionDataE/images/F7-8.png
intersectionDataE/images/F7-88.png
intersectionDataE/images/F7-89.png
intersectionDataE/images/F7-9.png
intersectionDataE/images/F7-98.png
intersectionDataE/images/F7-99.png
intersectionDataE/images/F70-18.png
intersectionDataE/images/F70-19.png
intersectionDataE/images/F70-28.png
intersectionDataE/images/F70-29.png
intersectionDataE/images/F70-38.png
intersectionDataE/images/F70-39.png
intersectionDataE/images/F70-48.png
intersectionDataE/images/F70-49.png
intersectionDataE/images/F70-58.png
intersectionDataE/images/F70-59.png
intersectionDataE/images/F70-68.png
intersectionDataE/images/F70-69.png
intersectionDataE/images/F70-78.png
intersectionDataE/images/F70-79.png
intersectionDataE/images/F70-8.png
intersectionDataE/images/F70-88.png
intersectionDataE/images/F70-89.png
intersectionDataE/images/F70-9.png
intersectionDataE/images/F70-98.png
intersectionDataE/images/F70-99.png
intersectionDataE/images/F8-18.png
intersectionDataE/images/F8-19.png
intersectionDataE/images/F8-28.png
intersectionDataE/images/F8-29.png
intersectionDataE/images/F8-38.png
intersectionDataE/images/F8-39.png
intersectionDataE/images/F8-48.png
intersectionDataE/images/F8-49.png
intersectionDataE/images/F8-58.png
intersectionDataE/images/F8-59.png
intersectionDataE/images/F8-68.png
intersectionDataE/images/F8-69.png
intersectionDataE/images/F8-78.png
intersectionDataE/images/F8-79.png
intersectionDataE/images/F8-8.png
intersectionDataE/images/F8-88.png
intersectionDataE/images/F8-89.png
intersectionDataE/images/F8-9.png
intersectionDataE/images/F8-98.png
intersectionDataE/images/F8-99.png
intersectionDataE/images/F9-18.png
intersectionDataE/images/F9-19.png
intersectionDataE/images/F9-28.png
intersectionDataE/images/F9-29.png
intersectionDataE/images/F9-38.png
intersectionDataE/images/F9-39.png
intersectionDataE/images/F9-48.png
intersectionDataE/images/F9-49.png
intersectionDataE/images/F9-58.png
intersectionDataE/images/F9-59.png
intersectionDataE/images/F9-68.png
intersectionDataE/images/F9-69.png
intersectionDataE/images/F9-78.png
intersectionDataE/images/F9-79.png
intersectionDataE/images/F9-8.png
intersectionDataE/images/F9-88.png
intersectionDataE/images/F9-89.png
intersectionDataE/images/F9-9.png
intersectionDataE/images/F9-98.png
intersectionDataE/images/F9-99.png
