intersectionDataA/images/02_00_000.png intersectionDataA/labels/02_00_000.txt
intersectionDataA/images/02_00_001.png intersectionDataA/labels/02_00_001.txt
intersectionDataA/images/02_00_010.png intersectionDataA/labels/02_00_010.txt
intersectionDataA/images/02_00_011.png intersectionDataA/labels/02_00_011.txt
intersectionDataA/images/02_00_020.png intersectionDataA/labels/02_00_020.txt
intersectionDataA/images/02_00_021.png intersectionDataA/labels/02_00_021.txt
intersectionDataA/images/02_00_030.png intersectionDataA/labels/02_00_030.txt
intersectionDataA/images/02_00_031.png intersectionDataA/labels/02_00_031.txt
intersectionDataA/images/02_00_040.png intersectionDataA/labels/02_00_040.txt
intersectionDataA/images/02_00_041.png intersectionDataA/labels/02_00_041.txt
intersectionDataA/images/02_00_050.png intersectionDataA/labels/02_00_050.txt
intersectionDataA/images/02_00_051.png intersectionDataA/labels/02_00_051.txt
intersectionDataA/images/02_00_060.png intersectionDataA/labels/02_00_060.txt
intersectionDataA/images/02_00_061.png intersectionDataA/labels/02_00_061.txt
intersectionDataA/images/02_00_070.png intersectionDataA/labels/02_00_070.txt
intersectionDataA/images/02_00_071.png intersectionDataA/labels/02_00_071.txt
intersectionDataA/images/02_00_080.png intersectionDataA/labels/02_00_080.txt
intersectionDataA/images/02_00_081.png intersectionDataA/labels/02_00_081.txt
intersectionDataA/images/02_00_090.png intersectionDataA/labels/02_00_090.txt
intersectionDataA/images/02_00_091.png intersectionDataA/labels/02_00_091.txt
intersectionDataA/images/02_00_100.png intersectionDataA/labels/02_00_100.txt
intersectionDataA/images/02_00_101.png intersectionDataA/labels/02_00_101.txt
intersectionDataA/images/02_00_110.png intersectionDataA/labels/02_00_110.txt
intersectionDataA/images/02_00_111.png intersectionDataA/labels/02_00_111.txt
intersectionDataA/images/02_00_120.png intersectionDataA/labels/02_00_120.txt
intersectionDataA/images/02_00_121.png intersectionDataA/labels/02_00_121.txt
intersectionDataA/images/02_00_130.png intersectionDataA/labels/02_00_130.txt
intersectionDataA/images/02_00_131.png intersectionDataA/labels/02_00_131.txt
intersectionDataA/images/02_00_140.png intersectionDataA/labels/02_00_140.txt
intersectionDataA/images/02_00_141.png intersectionDataA/labels/02_00_141.txt
intersectionDataA/images/02_00_150.png intersectionDataA/labels/02_00_150.txt
intersectionDataA/images/02_00_151.png intersectionDataA/labels/02_00_151.txt
intersectionDataA/images/02_00_160.png intersectionDataA/labels/02_00_160.txt
intersectionDataA/images/02_00_161.png intersectionDataA/labels/02_00_161.txt
intersectionDataA/images/02_00_170.png intersectionDataA/labels/02_00_170.txt
intersectionDataA/images/02_00_171.png intersectionDataA/labels/02_00_171.txt
intersectionDataA/images/02_00_180.png intersectionDataA/labels/02_00_180.txt
intersectionDataA/images/02_00_181.png intersectionDataA/labels/02_00_181.txt
intersectionDataA/images/02_00_190.png intersectionDataA/labels/02_00_190.txt
intersectionDataA/images/02_00_191.png intersectionDataA/labels/02_00_191.txt
intersectionDataA/images/02_00_200.png intersectionDataA/labels/02_00_200.txt
intersectionDataA/images/02_00_201.png intersectionDataA/labels/02_00_201.txt
intersectionDataA/images/02_00_210.png intersectionDataA/labels/02_00_210.txt
intersectionDataA/images/02_00_211.png intersectionDataA/labels/02_00_211.txt
intersectionDataA/images/02_00_220.png intersectionDataA/labels/02_00_220.txt
intersectionDataA/images/02_00_221.png intersectionDataA/labels/02_00_221.txt
intersectionDataA/images/02_00_230.png intersectionDataA/labels/02_00_230.txt
intersectionDataA/images/02_00_231.png intersectionDataA/labels/02_00_231.txt
intersectionDataA/images/02_00_240.png intersectionDataA/labels/02_00_240.txt
intersectionDataA/images/02_00_241.png intersectionDataA/labels/02_00_241.txt
intersectionDataA/images/02_01_000.png intersectionDataA/labels/02_01_000.txt
intersectionDataA/images/02_01_001.png intersectionDataA/labels/02_01_001.txt
intersectionDataA/images/02_01_010.png intersectionDataA/labels/02_01_010.txt
intersectionDataA/images/02_01_011.png intersectionDataA/labels/02_01_011.txt
intersectionDataA/images/02_01_020.png intersectionDataA/labels/02_01_020.txt
intersectionDataA/images/02_01_021.png intersectionDataA/labels/02_01_021.txt
intersectionDataA/images/02_01_030.png intersectionDataA/labels/02_01_030.txt
intersectionDataA/images/02_01_031.png intersectionDataA/labels/02_01_031.txt
intersectionDataA/images/02_01_040.png intersectionDataA/labels/02_01_040.txt
intersectionDataA/images/02_01_041.png intersectionDataA/labels/02_01_041.txt
intersectionDataA/images/02_01_050.png intersectionDataA/labels/02_01_050.txt
intersectionDataA/images/02_01_051.png intersectionDataA/labels/02_01_051.txt
intersectionDataA/images/02_01_060.png intersectionDataA/labels/02_01_060.txt
intersectionDataA/images/02_01_061.png intersectionDataA/labels/02_01_061.txt
intersectionDataA/images/02_01_070.png intersectionDataA/labels/02_01_070.txt
intersectionDataA/images/02_01_071.png intersectionDataA/labels/02_01_071.txt
intersectionDataA/images/02_01_080.png intersectionDataA/labels/02_01_080.txt
intersectionDataA/images/02_01_081.png intersectionDataA/labels/02_01_081.txt
intersectionDataA/images/02_01_090.png intersectionDataA/labels/02_01_090.txt
intersectionDataA/images/02_01_091.png intersectionDataA/labels/02_01_091.txt
intersectionDataA/images/02_01_100.png intersectionDataA/labels/02_01_100.txt
intersectionDataA/images/02_01_101.png intersectionDataA/labels/02_01_101.txt
intersectionDataA/images/02_01_110.png intersectionDataA/labels/02_01_110.txt
intersectionDataA/images/02_01_111.png intersectionDataA/labels/02_01_111.txt
intersectionDataA/images/02_01_120.png intersectionDataA/labels/02_01_120.txt
intersectionDataA/images/02_01_121.png intersectionDataA/labels/02_01_121.txt
intersectionDataA/images/02_01_130.png intersectionDataA/labels/02_01_130.txt
intersectionDataA/images/02_01_131.png intersectionDataA/labels/02_01_131.txt
intersectionDataA/images/02_01_140.png intersectionDataA/labels/02_01_140.txt
intersectionDataA/images/02_01_141.png intersectionDataA/labels/02_01_141.txt
intersectionDataA/images/02_01_150.png intersectionDataA/labels/02_01_150.txt
intersectionDataA/images/02_01_151.png intersectionDataA/labels/02_01_151.txt
intersectionDataA/images/02_01_160.png intersectionDataA/labels/02_01_160.txt
intersectionDataA/images/02_01_161.png intersectionDataA/labels/02_01_161.txt
intersectionDataA/images/02_01_170.png intersectionDataA/labels/02_01_170.txt
intersectionDataA/images/02_01_171.png intersectionDataA/labels/02_01_171.txt
intersectionDataA/images/02_01_180.png intersectionDataA/labels/02_01_180.txt
intersectionDataA/images/02_01_181.png intersectionDataA/labels/02_01_181.txt
intersectionDataA/images/02_01_190.png intersectionDataA/labels/02_01_190.txt
intersectionDataA/images/02_01_191.png intersectionDataA/labels/02_01_191.txt
intersectionDataA/images/02_01_200.png intersectionDataA/labels/02_01_200.txt
intersectionDataA/images/02_01_201.png intersectionDataA/labels/02_01_201.txt
intersectionDataA/images/02_01_210.png intersectionDataA/labels/02_01_210.txt
intersectionDataA/images/02_01_211.png intersectionDataA/labels/02_01_211.txt
intersectionDataA/images/02_01_220.png intersectionDataA/labels/02_01_220.txt
intersectionDataA/images/02_01_221.png intersectionDataA/labels/02_01_221.txt
intersectionDataA/images/02_01_230.png intersectionDataA/labels/02_01_230.txt
intersectionDataA/images/02_01_231.png intersectionDataA/labels/02_01_231.txt
intersectionDataA/images/02_01_240.png intersectionDataA/labels/02_01_240.txt
intersectionDataA/images/02_01_241.png intersectionDataA/labels/02_01_241.txt
intersectionDataA/images/02_02_000.png intersectionDataA/labels/02_02_000.txt
intersectionDataA/images/02_02_001.png intersectionDataA/labels/02_02_001.txt
intersectionDataA/images/02_02_010.png intersectionDataA/labels/02_02_010.txt
intersectionDataA/images/02_02_011.png intersectionDataA/labels/02_02_011.txt
intersectionDataA/images/02_02_020.png intersectionDataA/labels/02_02_020.txt
intersectionDataA/images/02_02_021.png intersectionDataA/labels/02_02_021.txt
intersectionDataA/images/02_02_030.png intersectionDataA/labels/02_02_030.txt
intersectionDataA/images/02_02_031.png intersectionDataA/labels/02_02_031.txt
intersectionDataA/images/02_02_040.png intersectionDataA/labels/02_02_040.txt
intersectionDataA/images/02_02_041.png intersectionDataA/labels/02_02_041.txt
intersectionDataA/images/02_02_050.png intersectionDataA/labels/02_02_050.txt
intersectionDataA/images/02_02_051.png intersectionDataA/labels/02_02_051.txt
intersectionDataA/images/02_02_060.png intersectionDataA/labels/02_02_060.txt
intersectionDataA/images/02_02_061.png intersectionDataA/labels/02_02_061.txt
intersectionDataA/images/02_02_070.png intersectionDataA/labels/02_02_070.txt
intersectionDataA/images/02_02_071.png intersectionDataA/labels/02_02_071.txt
intersectionDataA/images/02_02_080.png intersectionDataA/labels/02_02_080.txt
intersectionDataA/images/02_02_081.png intersectionDataA/labels/02_02_081.txt
intersectionDataA/images/02_02_090.png intersectionDataA/labels/02_02_090.txt
intersectionDataA/images/02_02_091.png intersectionDataA/labels/02_02_091.txt
intersectionDataA/images/02_02_100.png intersectionDataA/labels/02_02_100.txt
intersectionDataA/images/02_02_101.png intersectionDataA/labels/02_02_101.txt
intersectionDataA/images/02_02_110.png intersectionDataA/labels/02_02_110.txt
intersectionDataA/images/02_02_111.png intersectionDataA/labels/02_02_111.txt
intersectionDataA/images/02_02_120.png intersectionDataA/labels/02_02_120.txt
intersectionDataA/images/02_02_121.png intersectionDataA/labels/02_02_121.txt
intersectionDataA/images/02_02_130.png intersectionDataA/labels/02_02_130.txt
intersectionDataA/images/02_02_131.png intersectionDataA/labels/02_02_131.txt
intersectionDataA/images/02_02_140.png intersectionDataA/labels/02_02_140.txt
intersectionDataA/images/02_02_141.png intersectionDataA/labels/02_02_141.txt
intersectionDataA/images/02_02_150.png intersectionDataA/labels/02_02_150.txt
intersectionDataA/images/02_02_151.png intersectionDataA/labels/02_02_151.txt
intersectionDataA/images/02_02_160.png intersectionDataA/labels/02_02_160.txt
intersectionDataA/images/02_02_161.png intersectionDataA/labels/02_02_161.txt
intersectionDataA/images/02_02_170.png intersectionDataA/labels/02_02_170.txt
intersectionDataA/images/02_02_171.png intersectionDataA/labels/02_02_171.txt
intersectionDataA/images/02_02_180.png intersectionDataA/labels/02_02_180.txt
intersectionDataA/images/02_02_181.png intersectionDataA/labels/02_02_181.txt
intersectionDataA/images/02_02_190.png intersectionDataA/labels/02_02_190.txt
intersectionDataA/images/02_02_191.png intersectionDataA/labels/02_02_191.txt
intersectionDataA/images/02_02_200.png intersectionDataA/labels/02_02_200.txt
intersectionDataA/images/02_02_201.png intersectionDataA/labels/02_02_201.txt
intersectionDataA/images/02_02_210.png intersectionDataA/labels/02_02_210.txt
intersectionDataA/images/02_02_211.png intersectionDataA/labels/02_02_211.txt
intersectionDataA/images/02_02_220.png intersectionDataA/labels/02_02_220.txt
intersectionDataA/images/02_02_221.png intersectionDataA/labels/02_02_221.txt
intersectionDataA/images/02_02_230.png intersectionDataA/labels/02_02_230.txt
intersectionDataA/images/02_02_231.png intersectionDataA/labels/02_02_231.txt
intersectionDataA/images/02_02_240.png intersectionDataA/labels/02_02_240.txt
intersectionDataA/images/02_02_241.png intersectionDataA/labels/02_02_241.txt
intersectionDataA/images/03_00_000.png intersectionDataA/labels/03_00_000.txt
intersectionDataA/images/03_00_001.png intersectionDataA/labels/03_00_001.txt
intersectionDataA/images/03_00_010.png intersectionDataA/labels/03_00_010.txt
intersectionDataA/images/03_00_011.png intersectionDataA/labels/03_00_011.txt
intersectionDataA/images/03_00_020.png intersectionDataA/labels/03_00_020.txt
intersectionDataA/images/03_00_021.png intersectionDataA/labels/03_00_021.txt
intersectionDataA/images/03_00_030.png intersectionDataA/labels/03_00_030.txt
intersectionDataA/images/03_00_031.png intersectionDataA/labels/03_00_031.txt
intersectionDataA/images/03_00_040.png intersectionDataA/labels/03_00_040.txt
intersectionDataA/images/03_00_041.png intersectionDataA/labels/03_00_041.txt
intersectionDataA/images/03_00_050.png intersectionDataA/labels/03_00_050.txt
intersectionDataA/images/03_00_051.png intersectionDataA/labels/03_00_051.txt
intersectionDataA/images/03_00_060.png intersectionDataA/labels/03_00_060.txt
intersectionDataA/images/03_00_061.png intersectionDataA/labels/03_00_061.txt
intersectionDataA/images/03_00_070.png intersectionDataA/labels/03_00_070.txt
intersectionDataA/images/03_00_071.png intersectionDataA/labels/03_00_071.txt
intersectionDataA/images/03_00_080.png intersectionDataA/labels/03_00_080.txt
intersectionDataA/images/03_00_081.png intersectionDataA/labels/03_00_081.txt
intersectionDataA/images/03_00_090.png intersectionDataA/labels/03_00_090.txt
intersectionDataA/images/03_00_091.png intersectionDataA/labels/03_00_091.txt
intersectionDataA/images/03_00_100.png intersectionDataA/labels/03_00_100.txt
intersectionDataA/images/03_00_101.png intersectionDataA/labels/03_00_101.txt
intersectionDataA/images/03_00_110.png intersectionDataA/labels/03_00_110.txt
intersectionDataA/images/03_00_111.png intersectionDataA/labels/03_00_111.txt
intersectionDataA/images/03_00_120.png intersectionDataA/labels/03_00_120.txt
intersectionDataA/images/03_00_121.png intersectionDataA/labels/03_00_121.txt
intersectionDataA/images/03_00_130.png intersectionDataA/labels/03_00_130.txt
intersectionDataA/images/03_00_131.png intersectionDataA/labels/03_00_131.txt
intersectionDataA/images/03_00_140.png intersectionDataA/labels/03_00_140.txt
intersectionDataA/images/03_00_141.png intersectionDataA/labels/03_00_141.txt
intersectionDataA/images/03_00_150.png intersectionDataA/labels/03_00_150.txt
intersectionDataA/images/03_00_151.png intersectionDataA/labels/03_00_151.txt
intersectionDataA/images/03_00_160.png intersectionDataA/labels/03_00_160.txt
intersectionDataA/images/03_00_161.png intersectionDataA/labels/03_00_161.txt
intersectionDataA/images/03_00_170.png intersectionDataA/labels/03_00_170.txt
intersectionDataA/images/03_00_171.png intersectionDataA/labels/03_00_171.txt
intersectionDataA/images/03_00_180.png intersectionDataA/labels/03_00_180.txt
intersectionDataA/images/03_00_181.png intersectionDataA/labels/03_00_181.txt
intersectionDataA/images/03_00_190.png intersectionDataA/labels/03_00_190.txt
intersectionDataA/images/03_00_191.png intersectionDataA/labels/03_00_191.txt
intersectionDataA/images/03_00_200.png intersectionDataA/labels/03_00_200.txt
intersectionDataA/images/03_00_201.png intersectionDataA/labels/03_00_201.txt
intersectionDataA/images/03_00_210.png intersectionDataA/labels/03_00_210.txt
intersectionDataA/images/03_00_211.png intersectionDataA/labels/03_00_211.txt
intersectionDataA/images/03_00_220.png intersectionDataA/labels/03_00_220.txt
intersectionDataA/images/03_00_221.png intersectionDataA/labels/03_00_221.txt
intersectionDataA/images/03_00_230.png intersectionDataA/labels/03_00_230.txt
intersectionDataA/images/03_00_231.png intersectionDataA/labels/03_00_231.txt
intersectionDataA/images/03_00_240.png intersectionDataA/labels/03_00_240.txt
intersectionDataA/images/03_00_241.png intersectionDataA/labels/03_00_241.txt
intersectionDataA/images/03_01_000.png intersectionDataA/labels/03_01_000.txt
intersectionDataA/images/03_01_001.png intersectionDataA/labels/03_01_001.txt
intersectionDataA/images/03_01_010.png intersectionDataA/labels/03_01_010.txt
intersectionDataA/images/03_01_011.png intersectionDataA/labels/03_01_011.txt
intersectionDataA/images/03_01_020.png intersectionDataA/labels/03_01_020.txt
intersectionDataA/images/03_01_021.png intersectionDataA/labels/03_01_021.txt
intersectionDataA/images/03_01_030.png intersectionDataA/labels/03_01_030.txt
intersectionDataA/images/03_01_031.png intersectionDataA/labels/03_01_031.txt
intersectionDataA/images/03_01_040.png intersectionDataA/labels/03_01_040.txt
intersectionDataA/images/03_01_041.png intersectionDataA/labels/03_01_041.txt
intersectionDataA/images/03_01_050.png intersectionDataA/labels/03_01_050.txt
intersectionDataA/images/03_01_051.png intersectionDataA/labels/03_01_051.txt
intersectionDataA/images/03_01_060.png intersectionDataA/labels/03_01_060.txt
intersectionDataA/images/03_01_061.png intersectionDataA/labels/03_01_061.txt
intersectionDataA/images/03_01_070.png intersectionDataA/labels/03_01_070.txt
intersectionDataA/images/03_01_071.png intersectionDataA/labels/03_01_071.txt
intersectionDataA/images/03_01_080.png intersectionDataA/labels/03_01_080.txt
intersectionDataA/images/03_01_081.png intersectionDataA/labels/03_01_081.txt
intersectionDataA/images/03_01_090.png intersectionDataA/labels/03_01_090.txt
intersectionDataA/images/03_01_091.png intersectionDataA/labels/03_01_091.txt
intersectionDataA/images/03_01_100.png intersectionDataA/labels/03_01_100.txt
intersectionDataA/images/03_01_101.png intersectionDataA/labels/03_01_101.txt
intersectionDataA/images/03_01_110.png intersectionDataA/labels/03_01_110.txt
intersectionDataA/images/03_01_111.png intersectionDataA/labels/03_01_111.txt
intersectionDataA/images/03_01_120.png intersectionDataA/labels/03_01_120.txt
intersectionDataA/images/03_01_121.png intersectionDataA/labels/03_01_121.txt
intersectionDataA/images/03_01_130.png intersectionDataA/labels/03_01_130.txt
intersectionDataA/images/03_01_131.png intersectionDataA/labels/03_01_131.txt
intersectionDataA/images/03_01_140.png intersectionDataA/labels/03_01_140.txt
intersectionDataA/images/03_01_141.png intersectionDataA/labels/03_01_141.txt
intersectionDataA/images/03_01_150.png intersectionDataA/labels/03_01_150.txt
intersectionDataA/images/03_01_151.png intersectionDataA/labels/03_01_151.txt
intersectionDataA/images/03_01_160.png intersectionDataA/labels/03_01_160.txt
intersectionDataA/images/03_01_161.png intersectionDataA/labels/03_01_161.txt
intersectionDataA/images/03_01_170.png intersectionDataA/labels/03_01_170.txt
intersectionDataA/images/03_01_171.png intersectionDataA/labels/03_01_171.txt
intersectionDataA/images/03_01_180.png intersectionDataA/labels/03_01_180.txt
intersectionDataA/images/03_01_181.png intersectionDataA/labels/03_01_181.txt
intersectionDataA/images/03_01_190.png intersectionDataA/labels/03_01_190.txt
intersectionDataA/images/03_01_191.png intersectionDataA/labels/03_01_191.txt
intersectionDataA/images/03_01_200.png intersectionDataA/labels/03_01_200.txt
intersectionDataA/images/03_01_201.png intersectionDataA/labels/03_01_201.txt
intersectionDataA/images/03_01_210.png intersectionDataA/labels/03_01_210.txt
intersectionDataA/images/03_01_211.png intersectionDataA/labels/03_01_211.txt
intersectionDataA/images/03_01_220.png intersectionDataA/labels/03_01_220.txt
intersectionDataA/images/03_01_221.png intersectionDataA/labels/03_01_221.txt
intersectionDataA/images/03_01_230.png intersectionDataA/labels/03_01_230.txt
intersectionDataA/images/03_01_231.png intersectionDataA/labels/03_01_231.txt
intersectionDataA/images/03_01_240.png intersectionDataA/labels/03_01_240.txt
intersectionDataA/images/03_01_241.png intersectionDataA/labels/03_01_241.txt
intersectionDataA/images/04_00_000.png intersectionDataA/labels/04_00_000.txt
intersectionDataA/images/04_00_001.png intersectionDataA/labels/04_00_001.txt
intersectionDataA/images/04_00_010.png intersectionDataA/labels/04_00_010.txt
intersectionDataA/images/04_00_011.png intersectionDataA/labels/04_00_011.txt
intersectionDataA/images/04_00_020.png intersectionDataA/labels/04_00_020.txt
intersectionDataA/images/04_00_021.png intersectionDataA/labels/04_00_021.txt
intersectionDataA/images/04_00_030.png intersectionDataA/labels/04_00_030.txt
intersectionDataA/images/04_00_031.png intersectionDataA/labels/04_00_031.txt
intersectionDataA/images/04_00_040.png intersectionDataA/labels/04_00_040.txt
intersectionDataA/images/04_00_041.png intersectionDataA/labels/04_00_041.txt
intersectionDataA/images/04_00_050.png intersectionDataA/labels/04_00_050.txt
intersectionDataA/images/04_00_051.png intersectionDataA/labels/04_00_051.txt
intersectionDataA/images/04_00_060.png intersectionDataA/labels/04_00_060.txt
intersectionDataA/images/04_00_061.png intersectionDataA/labels/04_00_061.txt
intersectionDataA/images/04_00_070.png intersectionDataA/labels/04_00_070.txt
intersectionDataA/images/04_00_071.png intersectionDataA/labels/04_00_071.txt
intersectionDataA/images/04_00_080.png intersectionDataA/labels/04_00_080.txt
intersectionDataA/images/04_00_081.png intersectionDataA/labels/04_00_081.txt
intersectionDataA/images/04_00_090.png intersectionDataA/labels/04_00_090.txt
intersectionDataA/images/04_00_091.png intersectionDataA/labels/04_00_091.txt
intersectionDataA/images/04_00_100.png intersectionDataA/labels/04_00_100.txt
intersectionDataA/images/04_00_101.png intersectionDataA/labels/04_00_101.txt
intersectionDataA/images/04_00_110.png intersectionDataA/labels/04_00_110.txt
intersectionDataA/images/04_00_111.png intersectionDataA/labels/04_00_111.txt
intersectionDataA/images/04_00_120.png intersectionDataA/labels/04_00_120.txt
intersectionDataA/images/04_00_121.png intersectionDataA/labels/04_00_121.txt
intersectionDataA/images/04_00_130.png intersectionDataA/labels/04_00_130.txt
intersectionDataA/images/04_00_131.png intersectionDataA/labels/04_00_131.txt
intersectionDataA/images/04_00_140.png intersectionDataA/labels/04_00_140.txt
intersectionDataA/images/04_00_141.png intersectionDataA/labels/04_00_141.txt
intersectionDataA/images/04_00_150.png intersectionDataA/labels/04_00_150.txt
intersectionDataA/images/04_00_151.png intersectionDataA/labels/04_00_151.txt
intersectionDataA/images/04_00_160.png intersectionDataA/labels/04_00_160.txt
intersectionDataA/images/04_00_161.png intersectionDataA/labels/04_00_161.txt
intersectionDataA/images/04_00_170.png intersectionDataA/labels/04_00_170.txt
intersectionDataA/images/04_00_171.png intersectionDataA/labels/04_00_171.txt
intersectionDataA/images/04_00_180.png intersectionDataA/labels/04_00_180.txt
intersectionDataA/images/04_00_181.png intersectionDataA/labels/04_00_181.txt
intersectionDataA/images/04_00_190.png intersectionDataA/labels/04_00_190.txt
intersectionDataA/images/04_00_191.png intersectionDataA/labels/04_00_191.txt
intersectionDataA/images/04_00_200.png intersectionDataA/labels/04_00_200.txt
intersectionDataA/images/04_00_201.png intersectionDataA/labels/04_00_201.txt
intersectionDataA/images/04_00_210.png intersectionDataA/labels/04_00_210.txt
intersectionDataA/images/04_00_211.png intersectionDataA/labels/04_00_211.txt
intersectionDataA/images/04_00_220.png intersectionDataA/labels/04_00_220.txt
intersectionDataA/images/04_00_221.png intersectionDataA/labels/04_00_221.txt
intersectionDataA/images/04_00_230.png intersectionDataA/labels/04_00_230.txt
intersectionDataA/images/04_00_231.png intersectionDataA/labels/04_00_231.txt
intersectionDataA/images/04_00_240.png intersectionDataA/labels/04_00_240.txt
intersectionDataA/images/04_00_241.png intersectionDataA/labels/04_00_241.txt
intersectionDataA/images/05_00_000.png intersectionDataA/labels/05_00_000.txt
intersectionDataA/images/05_00_001.png intersectionDataA/labels/05_00_001.txt
intersectionDataA/images/05_00_010.png intersectionDataA/labels/05_00_010.txt
intersectionDataA/images/05_00_011.png intersectionDataA/labels/05_00_011.txt
intersectionDataA/images/05_00_020.png intersectionDataA/labels/05_00_020.txt
intersectionDataA/images/05_00_021.png intersectionDataA/labels/05_00_021.txt
intersectionDataA/images/05_00_030.png intersectionDataA/labels/05_00_030.txt
intersectionDataA/images/05_00_031.png intersectionDataA/labels/05_00_031.txt
intersectionDataA/images/05_00_040.png intersectionDataA/labels/05_00_040.txt
intersectionDataA/images/05_00_041.png intersectionDataA/labels/05_00_041.txt
intersectionDataA/images/05_00_050.png intersectionDataA/labels/05_00_050.txt
intersectionDataA/images/05_00_051.png intersectionDataA/labels/05_00_051.txt
intersectionDataA/images/05_00_060.png intersectionDataA/labels/05_00_060.txt
intersectionDataA/images/05_00_061.png intersectionDataA/labels/05_00_061.txt
intersectionDataA/images/05_00_070.png intersectionDataA/labels/05_00_070.txt
intersectionDataA/images/05_00_071.png intersectionDataA/labels/05_00_071.txt
intersectionDataA/images/05_00_080.png intersectionDataA/labels/05_00_080.txt
intersectionDataA/images/05_00_081.png intersectionDataA/labels/05_00_081.txt
intersectionDataA/images/05_00_090.png intersectionDataA/labels/05_00_090.txt
intersectionDataA/images/05_00_091.png intersectionDataA/labels/05_00_091.txt
intersectionDataA/images/05_00_100.png intersectionDataA/labels/05_00_100.txt
intersectionDataA/images/05_00_101.png intersectionDataA/labels/05_00_101.txt
intersectionDataA/images/05_00_110.png intersectionDataA/labels/05_00_110.txt
intersectionDataA/images/05_00_111.png intersectionDataA/labels/05_00_111.txt
intersectionDataA/images/05_00_120.png intersectionDataA/labels/05_00_120.txt
intersectionDataA/images/05_00_121.png intersectionDataA/labels/05_00_121.txt
intersectionDataA/images/05_00_130.png intersectionDataA/labels/05_00_130.txt
intersectionDataA/images/05_00_131.png intersectionDataA/labels/05_00_131.txt
intersectionDataA/images/05_00_140.png intersectionDataA/labels/05_00_140.txt
intersectionDataA/images/05_00_141.png intersectionDataA/labels/05_00_141.txt
intersectionDataA/images/05_00_150.png intersectionDataA/labels/05_00_150.txt
intersectionDataA/images/05_00_151.png intersectionDataA/labels/05_00_151.txt
intersectionDataA/images/05_00_160.png intersectionDataA/labels/05_00_160.txt
intersectionDataA/images/05_00_161.png intersectionDataA/labels/05_00_161.txt
intersectionDataA/images/05_00_170.png intersectionDataA/labels/05_00_170.txt
intersectionDataA/images/05_00_171.png intersectionDataA/labels/05_00_171.txt
intersectionDataA/images/05_00_180.png intersectionDataA/labels/05_00_180.txt
intersectionDataA/images/05_00_181.png intersectionDataA/labels/05_00_181.txt
intersectionDataA/images/05_00_190.png intersectionDataA/labels/05_00_190.txt
intersectionDataA/images/05_00_191.png intersectionDataA/labels/05_00_191.txt
intersectionDataA/images/05_00_200.png intersectionDataA/labels/05_00_200.txt
intersectionDataA/images/05_00_201.png intersectionDataA/labels/05_00_201.txt
intersectionDataA/images/05_00_210.png intersectionDataA/labels/05_00_210.txt
intersectionDataA/images/05_00_211.png intersectionDataA/labels/05_00_211.txt
intersectionDataA/images/05_00_220.png intersectionDataA/labels/05_00_220.txt
intersectionDataA/images/05_00_221.png intersectionDataA/labels/05_00_221.txt
intersectionDataA/images/05_00_230.png intersectionDataA/labels/05_00_230.txt
intersectionDataA/images/05_00_231.png intersectionDataA/labels/05_00_231.txt
intersectionDataA/images/05_00_240.png intersectionDataA/labels/05_00_240.txt
intersectionDataA/images/05_00_241.png intersectionDataA/labels/05_00_241.txt
intersectionDataA/images/06_00_000.png intersectionDataA/labels/06_00_000.txt
intersectionDataA/images/06_00_001.png intersectionDataA/labels/06_00_001.txt
intersectionDataA/images/06_00_010.png intersectionDataA/labels/06_00_010.txt
intersectionDataA/images/06_00_011.png intersectionDataA/labels/06_00_011.txt
intersectionDataA/images/06_00_020.png intersectionDataA/labels/06_00_020.txt
intersectionDataA/images/06_00_021.png intersectionDataA/labels/06_00_021.txt
intersectionDataA/images/06_00_030.png intersectionDataA/labels/06_00_030.txt
intersectionDataA/images/06_00_031.png intersectionDataA/labels/06_00_031.txt
intersectionDataA/images/06_00_040.png intersectionDataA/labels/06_00_040.txt
intersectionDataA/images/06_00_041.png intersectionDataA/labels/06_00_041.txt
intersectionDataA/images/06_00_050.png intersectionDataA/labels/06_00_050.txt
intersectionDataA/images/06_00_051.png intersectionDataA/labels/06_00_051.txt
intersectionDataA/images/06_00_060.png intersectionDataA/labels/06_00_060.txt
intersectionDataA/images/06_00_061.png intersectionDataA/labels/06_00_061.txt
intersectionDataA/images/06_00_070.png intersectionDataA/labels/06_00_070.txt
intersectionDataA/images/06_00_071.png intersectionDataA/labels/06_00_071.txt
intersectionDataA/images/06_00_080.png intersectionDataA/labels/06_00_080.txt
intersectionDataA/images/06_00_081.png intersectionDataA/labels/06_00_081.txt
intersectionDataA/images/06_00_090.png intersectionDataA/labels/06_00_090.txt
intersectionDataA/images/06_00_091.png intersectionDataA/labels/06_00_091.txt
intersectionDataA/images/06_00_100.png intersectionDataA/labels/06_00_100.txt
intersectionDataA/images/06_00_101.png intersectionDataA/labels/06_00_101.txt
intersectionDataA/images/06_00_110.png intersectionDataA/labels/06_00_110.txt
intersectionDataA/images/06_00_111.png intersectionDataA/labels/06_00_111.txt
intersectionDataA/images/06_00_120.png intersectionDataA/labels/06_00_120.txt
intersectionDataA/images/06_00_121.png intersectionDataA/labels/06_00_121.txt
intersectionDataA/images/06_00_130.png intersectionDataA/labels/06_00_130.txt
intersectionDataA/images/06_00_131.png intersectionDataA/labels/06_00_131.txt
intersectionDataA/images/06_00_140.png intersectionDataA/labels/06_00_140.txt
intersectionDataA/images/06_00_141.png intersectionDataA/labels/06_00_141.txt
intersectionDataA/images/06_00_150.png intersectionDataA/labels/06_00_150.txt
intersectionDataA/images/06_00_151.png intersectionDataA/labels/06_00_151.txt
intersectionDataA/images/06_00_160.png intersectionDataA/labels/06_00_160.txt
intersectionDataA/images/06_00_161.png intersectionDataA/labels/06_00_161.txt
intersectionDataA/images/06_00_170.png intersectionDataA/labels/06_00_170.txt
intersectionDataA/images/06_00_171.png intersectionDataA/labels/06_00_171.txt
intersectionDataA/images/06_00_180.png intersectionDataA/labels/06_00_180.txt
intersectionDataA/images/06_00_181.png intersectionDataA/labels/06_00_181.txt
intersectionDataA/images/06_00_190.png intersectionDataA/labels/06_00_190.txt
intersectionDataA/images/06_00_191.png intersectionDataA/labels/06_00_191.txt
intersectionDataA/images/06_00_200.png intersectionDataA/labels/06_00_200.txt
intersectionDataA/images/06_00_201.png intersectionDataA/labels/06_00_201.txt
intersectionDataA/images/06_00_210.png intersectionDataA/labels/06_00_210.txt
intersectionDataA/images/06_00_211.png intersectionDataA/labels/06_00_211.txt
intersectionDataA/images/06_00_220.png intersectionDataA/labels/06_00_220.txt
intersectionDataA/images/06_00_221.png intersectionDataA/labels/06_00_221.txt
intersectionDataA/images/06_00_230.png intersectionDataA/labels/06_00_230.txt
intersectionDataA/images/06_00_231.png intersectionDataA/labels/06_00_231.txt
intersectionDataA/images/06_00_240.png intersectionDataA/labels/06_00_240.txt
intersectionDataA/images/06_00_241.png intersectionDataA/labels/06_00_241.txt
intersectionDataA/images/07_00_000.png intersectionDataA/labels/07_00_000.txt
intersectionDataA/images/07_00_001.png intersectionDataA/labels/07_00_001.txt
intersectionDataA/images/07_00_010.png intersectionDataA/labels/07_00_010.txt
intersectionDataA/images/07_00_011.png intersectionDataA/labels/07_00_011.txt
intersectionDataA/images/07_00_020.png intersectionDataA/labels/07_00_020.txt
intersectionDataA/images/07_00_021.png intersectionDataA/labels/07_00_021.txt
intersectionDataA/images/07_00_030.png intersectionDataA/labels/07_00_030.txt
intersectionDataA/images/07_00_031.png intersectionDataA/labels/07_00_031.txt
intersectionDataA/images/07_00_040.png intersectionDataA/labels/07_00_040.txt
intersectionDataA/images/07_00_041.png intersectionDataA/labels/07_00_041.txt
intersectionDataA/images/07_00_050.png intersectionDataA/labels/07_00_050.txt
intersectionDataA/images/07_00_051.png intersectionDataA/labels/07_00_051.txt
intersectionDataA/images/07_00_060.png intersectionDataA/labels/07_00_060.txt
intersectionDataA/images/07_00_061.png intersectionDataA/labels/07_00_061.txt
intersectionDataA/images/07_00_070.png intersectionDataA/labels/07_00_070.txt
intersectionDataA/images/07_00_071.png intersectionDataA/labels/07_00_071.txt
intersectionDataA/images/07_00_080.png intersectionDataA/labels/07_00_080.txt
intersectionDataA/images/07_00_081.png intersectionDataA/labels/07_00_081.txt
intersectionDataA/images/07_00_090.png intersectionDataA/labels/07_00_090.txt
intersectionDataA/images/07_00_091.png intersectionDataA/labels/07_00_091.txt
intersectionDataA/images/07_00_100.png intersectionDataA/labels/07_00_100.txt
intersectionDataA/images/07_00_101.png intersectionDataA/labels/07_00_101.txt
intersectionDataA/images/07_00_110.png intersectionDataA/labels/07_00_110.txt
intersectionDataA/images/07_00_111.png intersectionDataA/labels/07_00_111.txt
intersectionDataA/images/07_00_120.png intersectionDataA/labels/07_00_120.txt
intersectionDataA/images/07_00_121.png intersectionDataA/labels/07_00_121.txt
intersectionDataA/images/07_00_130.png intersectionDataA/labels/07_00_130.txt
intersectionDataA/images/07_00_131.png intersectionDataA/labels/07_00_131.txt
intersectionDataA/images/07_00_140.png intersectionDataA/labels/07_00_140.txt
intersectionDataA/images/07_00_141.png intersectionDataA/labels/07_00_141.txt
intersectionDataA/images/07_00_150.png intersectionDataA/labels/07_00_150.txt
intersectionDataA/images/07_00_151.png intersectionDataA/labels/07_00_151.txt
intersectionDataA/images/07_00_160.png intersectionDataA/labels/07_00_160.txt
intersectionDataA/images/07_00_161.png intersectionDataA/labels/07_00_161.txt
intersectionDataA/images/07_00_170.png intersectionDataA/labels/07_00_170.txt
intersectionDataA/images/07_00_171.png intersectionDataA/labels/07_00_171.txt
intersectionDataA/images/07_00_180.png intersectionDataA/labels/07_00_180.txt
intersectionDataA/images/07_00_181.png intersectionDataA/labels/07_00_181.txt
intersectionDataA/images/07_00_190.png intersectionDataA/labels/07_00_190.txt
intersectionDataA/images/07_00_191.png intersectionDataA/labels/07_00_191.txt
intersectionDataA/images/07_00_200.png intersectionDataA/labels/07_00_200.txt
intersectionDataA/images/07_00_201.png intersectionDataA/labels/07_00_201.txt
intersectionDataA/images/07_00_210.png intersectionDataA/labels/07_00_210.txt
intersectionDataA/images/07_00_211.png intersectionDataA/labels/07_00_211.txt
intersectionDataA/images/07_00_220.png intersectionDataA/labels/07_00_220.txt
intersectionDataA/images/07_00_221.png intersectionDataA/labels/07_00_221.txt
intersectionDataA/images/07_00_230.png intersectionDataA/labels/07_00_230.txt
intersectionDataA/images/07_00_231.png intersectionDataA/labels/07_00_231.txt
intersectionDataA/images/07_00_240.png intersectionDataA/labels/07_00_240.txt
intersectionDataA/images/07_00_241.png intersectionDataA/labels/07_00_241.txt
intersectionDataA/images/08_00_000.png intersectionDataA/labels/08_00_000.txt
intersectionDataA/images/08_00_001.png intersectionDataA/labels/08_00_001.txt
intersectionDataA/images/08_00_010.png intersectionDataA/labels/08_00_010.txt
intersectionDataA/images/08_00_011.png intersectionDataA/labels/08_00_011.txt
intersectionDataA/images/08_00_020.png intersectionDataA/labels/08_00_020.txt
intersectionDataA/images/08_00_021.png intersectionDataA/labels/08_00_021.txt
intersectionDataA/images/08_00_030.png intersectionDataA/labels/08_00_030.txt
intersectionDataA/images/08_00_031.png intersectionDataA/labels/08_00_031.txt
intersectionDataA/images/08_00_040.png intersectionDataA/labels/08_00_040.txt
intersectionDataA/images/08_00_041.png intersectionDataA/labels/08_00_041.txt
intersectionDataA/images/08_00_050.png intersectionDataA/labels/08_00_050.txt
intersectionDataA/images/08_00_051.png intersectionDataA/labels/08_00_051.txt
intersectionDataA/images/08_00_060.png intersectionDataA/labels/08_00_060.txt
intersectionDataA/images/08_00_061.png intersectionDataA/labels/08_00_061.txt
intersectionDataA/images/08_00_070.png intersectionDataA/labels/08_00_070.txt
intersectionDataA/images/08_00_071.png intersectionDataA/labels/08_00_071.txt
intersectionDataA/images/08_00_080.png intersectionDataA/labels/08_00_080.txt
intersectionDataA/images/08_00_081.png intersectionDataA/labels/08_00_081.txt
intersectionDataA/images/08_00_090.png intersectionDataA/labels/08_00_090.txt
intersectionDataA/images/08_00_091.png intersectionDataA/labels/08_00_091.txt
intersectionDataA/images/08_00_100.png intersectionDataA/labels/08_00_100.txt
intersectionDataA/images/08_00_101.png intersectionDataA/labels/08_00_101.txt
intersectionDataA/images/08_00_110.png intersectionDataA/labels/08_00_110.txt
intersectionDataA/images/08_00_111.png intersectionDataA/labels/08_00_111.txt
intersectionDataA/images/08_00_120.png intersectionDataA/labels/08_00_120.txt
intersectionDataA/images/08_00_121.png intersectionDataA/labels/08_00_121.txt
intersectionDataA/images/08_00_130.png intersectionDataA/labels/08_00_130.txt
intersectionDataA/images/08_00_131.png intersectionDataA/labels/08_00_131.txt
intersectionDataA/images/08_00_140.png intersectionDataA/labels/08_00_140.txt
intersectionDataA/images/08_00_141.png intersectionDataA/labels/08_00_141.txt
intersectionDataA/images/08_00_150.png intersectionDataA/labels/08_00_150.txt
intersectionDataA/images/08_00_151.png intersectionDataA/labels/08_00_151.txt
intersectionDataA/images/08_00_160.png intersectionDataA/labels/08_00_160.txt
intersectionDataA/images/08_00_161.png intersectionDataA/labels/08_00_161.txt
intersectionDataA/images/08_00_170.png intersectionDataA/labels/08_00_170.txt
intersectionDataA/images/08_00_171.png intersectionDataA/labels/08_00_171.txt
intersectionDataA/images/08_00_180.png intersectionDataA/labels/08_00_180.txt
intersectionDataA/images/08_00_181.png intersectionDataA/labels/08_00_181.txt
intersectionDataA/images/08_00_190.png intersectionDataA/labels/08_00_190.txt
intersectionDataA/images/08_00_191.png intersectionDataA/labels/08_00_191.txt
intersectionDataA/images/08_00_200.png intersectionDataA/labels/08_00_200.txt
intersectionDataA/images/08_00_201.png intersectionDataA/labels/08_00_201.txt
intersectionDataA/images/08_00_210.png intersectionDataA/labels/08_00_210.txt
intersectionDataA/images/08_00_211.png intersectionDataA/labels/08_00_211.txt
intersectionDataA/images/08_00_220.png intersectionDataA/labels/08_00_220.txt
intersectionDataA/images/08_00_221.png intersectionDataA/labels/08_00_221.txt
intersectionDataA/images/08_00_230.png intersectionDataA/labels/08_00_230.txt
intersectionDataA/images/08_00_231.png intersectionDataA/labels/08_00_231.txt
intersectionDataA/images/08_00_240.png intersectionDataA/labels/08_00_240.txt
intersectionDataA/images/08_00_241.png intersectionDataA/labels/08_00_241.txt
intersectionDataA/images/09_00_000.png intersectionDataA/labels/09_00_000.txt
intersectionDataA/images/09_00_001.png intersectionDataA/labels/09_00_001.txt
intersectionDataA/images/09_00_010.png intersectionDataA/labels/09_00_010.txt
intersectionDataA/images/09_00_011.png intersectionDataA/labels/09_00_011.txt
intersectionDataA/images/09_00_020.png intersectionDataA/labels/09_00_020.txt
intersectionDataA/images/09_00_021.png intersectionDataA/labels/09_00_021.txt
intersectionDataA/images/09_00_030.png intersectionDataA/labels/09_00_030.txt
intersectionDataA/images/09_00_031.png intersectionDataA/labels/09_00_031.txt
intersectionDataA/images/09_00_040.png intersectionDataA/labels/09_00_040.txt
intersectionDataA/images/09_00_041.png intersectionDataA/labels/09_00_041.txt
intersectionDataA/images/09_00_050.png intersectionDataA/labels/09_00_050.txt
intersectionDataA/images/09_00_051.png intersectionDataA/labels/09_00_051.txt
intersectionDataA/images/09_00_060.png intersectionDataA/labels/09_00_060.txt
intersectionDataA/images/09_00_061.png intersectionDataA/labels/09_00_061.txt
intersectionDataA/images/09_00_070.png intersectionDataA/labels/09_00_070.txt
intersectionDataA/images/09_00_071.png intersectionDataA/labels/09_00_071.txt
intersectionDataA/images/09_00_080.png intersectionDataA/labels/09_00_080.txt
intersectionDataA/images/09_00_081.png intersectionDataA/labels/09_00_081.txt
intersectionDataA/images/09_00_090.png intersectionDataA/labels/09_00_090.txt
intersectionDataA/images/09_00_091.png intersectionDataA/labels/09_00_091.txt
intersectionDataA/images/09_00_100.png intersectionDataA/labels/09_00_100.txt
intersectionDataA/images/09_00_101.png intersectionDataA/labels/09_00_101.txt
intersectionDataA/images/09_00_110.png intersectionDataA/labels/09_00_110.txt
intersectionDataA/images/09_00_111.png intersectionDataA/labels/09_00_111.txt
intersectionDataA/images/09_00_120.png intersectionDataA/labels/09_00_120.txt
intersectionDataA/images/09_00_121.png intersectionDataA/labels/09_00_121.txt
intersectionDataA/images/09_00_130.png intersectionDataA/labels/09_00_130.txt
intersectionDataA/images/09_00_131.png intersectionDataA/labels/09_00_131.txt
intersectionDataA/images/09_00_140.png intersectionDataA/labels/09_00_140.txt
intersectionDataA/images/09_00_141.png intersectionDataA/labels/09_00_141.txt
intersectionDataA/images/09_00_150.png intersectionDataA/labels/09_00_150.txt
intersectionDataA/images/09_00_151.png intersectionDataA/labels/09_00_151.txt
intersectionDataA/images/09_00_160.png intersectionDataA/labels/09_00_160.txt
intersectionDataA/images/09_00_161.png intersectionDataA/labels/09_00_161.txt
intersectionDataA/images/09_00_170.png intersectionDataA/labels/09_00_170.txt
intersectionDataA/images/09_00_171.png intersectionDataA/labels/09_00_171.txt
intersectionDataA/images/09_00_180.png intersectionDataA/labels/09_00_180.txt
intersectionDataA/images/09_00_181.png intersectionDataA/labels/09_00_181.txt
intersectionDataA/images/09_00_190.png intersectionDataA/labels/09_00_190.txt
intersectionDataA/images/09_00_191.png intersectionDataA/labels/09_00_191.txt
intersectionDataA/images/09_00_200.png intersectionDataA/labels/09_00_200.txt
intersectionDataA/images/09_00_201.png intersectionDataA/labels/09_00_201.txt
intersectionDataA/images/09_00_210.png intersectionDataA/labels/09_00_210.txt
intersectionDataA/images/09_00_211.png intersectionDataA/labels/09_00_211.txt
intersectionDataA/images/09_00_220.png intersectionDataA/labels/09_00_220.txt
intersectionDataA/images/09_00_221.png intersectionDataA/labels/09_00_221.txt
intersectionDataA/images/09_00_230.png intersectionDataA/labels/09_00_230.txt
intersectionDataA/images/09_00_231.png intersectionDataA/labels/09_00_231.txt
intersectionDataA/images/09_00_240.png intersectionDataA/labels/09_00_240.txt
intersectionDataA/images/09_00_241.png intersectionDataA/labels/09_00_241.txt
intersectionDataA/images/10_00_000.png intersectionDataA/labels/10_00_000.txt
intersectionDataA/images/10_00_001.png intersectionDataA/labels/10_00_001.txt
intersectionDataA/images/10_00_010.png intersectionDataA/labels/10_00_010.txt
intersectionDataA/images/10_00_011.png intersectionDataA/labels/10_00_011.txt
intersectionDataA/images/10_00_020.png intersectionDataA/labels/10_00_020.txt
intersectionDataA/images/10_00_021.png intersectionDataA/labels/10_00_021.txt
intersectionDataA/images/10_00_030.png intersectionDataA/labels/10_00_030.txt
intersectionDataA/images/10_00_031.png intersectionDataA/labels/10_00_031.txt
intersectionDataA/images/10_00_040.png intersectionDataA/labels/10_00_040.txt
intersectionDataA/images/10_00_041.png intersectionDataA/labels/10_00_041.txt
intersectionDataA/images/10_00_050.png intersectionDataA/labels/10_00_050.txt
intersectionDataA/images/10_00_051.png intersectionDataA/labels/10_00_051.txt
intersectionDataA/images/10_00_060.png intersectionDataA/labels/10_00_060.txt
intersectionDataA/images/10_00_061.png intersectionDataA/labels/10_00_061.txt
intersectionDataA/images/10_00_070.png intersectionDataA/labels/10_00_070.txt
intersectionDataA/images/10_00_071.png intersectionDataA/labels/10_00_071.txt
intersectionDataA/images/10_00_080.png intersectionDataA/labels/10_00_080.txt
intersectionDataA/images/10_00_081.png intersectionDataA/labels/10_00_081.txt
intersectionDataA/images/10_00_090.png intersectionDataA/labels/10_00_090.txt
intersectionDataA/images/10_00_091.png intersectionDataA/labels/10_00_091.txt
intersectionDataA/images/10_00_100.png intersectionDataA/labels/10_00_100.txt
intersectionDataA/images/10_00_101.png intersectionDataA/labels/10_00_101.txt
intersectionDataA/images/10_00_110.png intersectionDataA/labels/10_00_110.txt
intersectionDataA/images/10_00_111.png intersectionDataA/labels/10_00_111.txt
intersectionDataA/images/10_00_120.png intersectionDataA/labels/10_00_120.txt
intersectionDataA/images/10_00_121.png intersectionDataA/labels/10_00_121.txt
intersectionDataA/images/10_00_130.png intersectionDataA/labels/10_00_130.txt
intersectionDataA/images/10_00_131.png intersectionDataA/labels/10_00_131.txt
intersectionDataA/images/10_00_140.png intersectionDataA/labels/10_00_140.txt
intersectionDataA/images/10_00_141.png intersectionDataA/labels/10_00_141.txt
intersectionDataA/images/10_00_150.png intersectionDataA/labels/10_00_150.txt
intersectionDataA/images/10_00_151.png intersectionDataA/labels/10_00_151.txt
intersectionDataA/images/10_00_160.png intersectionDataA/labels/10_00_160.txt
intersectionDataA/images/10_00_161.png intersectionDataA/labels/10_00_161.txt
intersectionDataA/images/10_00_170.png intersectionDataA/labels/10_00_170.txt
intersectionDataA/images/10_00_171.png intersectionDataA/labels/10_00_171.txt
intersectionDataA/images/10_00_180.png intersectionDataA/labels/10_00_180.txt
intersectionDataA/images/10_00_181.png intersectionDataA/labels/10_00_181.txt
intersectionDataA/images/10_00_190.png intersectionDataA/labels/10_00_190.txt
intersectionDataA/images/10_00_191.png intersectionDataA/labels/10_00_191.txt
intersectionDataA/images/10_00_200.png intersectionDataA/labels/10_00_200.txt
intersectionDataA/images/10_00_201.png intersectionDataA/labels/10_00_201.txt
intersectionDataA/images/10_00_210.png intersectionDataA/labels/10_00_210.txt
intersectionDataA/images/10_00_211.png intersectionDataA/labels/10_00_211.txt
intersectionDataA/images/10_00_220.png intersectionDataA/labels/10_00_220.txt
intersectionDataA/images/10_00_221.png intersectionDataA/labels/10_00_221.txt
intersectionDataA/images/10_00_230.png intersectionDataA/labels/10_00_230.txt
intersectionDataA/images/10_00_231.png intersectionDataA/labels/10_00_231.txt
intersectionDataA/images/10_00_240.png intersectionDataA/labels/10_00_240.txt
intersectionDataA/images/10_00_241.png intersectionDataA/labels/10_00_241.txt
intersectionDataA/images/F1-1.png intersectionDataA/labels/F1-1.txt
intersectionDataA/images/F1-10.png intersectionDataA/labels/F1-10.txt
intersectionDataA/images/F1-100.png intersectionDataA/labels/F1-100.txt
intersectionDataA/images/F1-11.png intersectionDataA/labels/F1-11.txt
intersectionDataA/images/F1-20.png intersectionDataA/labels/F1-20.txt
intersectionDataA/images/F1-21.png intersectionDataA/labels/F1-21.txt
intersectionDataA/images/F1-30.png intersectionDataA/labels/F1-30.txt
intersectionDataA/images/F1-31.png intersectionDataA/labels/F1-31.txt
intersectionDataA/images/F1-40.png intersectionDataA/labels/F1-40.txt
intersectionDataA/images/F1-41.png intersectionDataA/labels/F1-41.txt
intersectionDataA/images/F1-50.png intersectionDataA/labels/F1-50.txt
intersectionDataA/images/F1-51.png intersectionDataA/labels/F1-51.txt
intersectionDataA/images/F1-60.png intersectionDataA/labels/F1-60.txt
intersectionDataA/images/F1-61.png intersectionDataA/labels/F1-61.txt
intersectionDataA/images/F1-70.png intersectionDataA/labels/F1-70.txt
intersectionDataA/images/F1-71.png intersectionDataA/labels/F1-71.txt
intersectionDataA/images/F1-80.png intersectionDataA/labels/F1-80.txt
intersectionDataA/images/F1-81.png intersectionDataA/labels/F1-81.txt
intersectionDataA/images/F1-90.png intersectionDataA/labels/F1-90.txt
intersectionDataA/images/F1-91.png intersectionDataA/labels/F1-91.txt
intersectionDataA/images/F10-1.png intersectionDataA/labels/F10-1.txt
intersectionDataA/images/F10-10.png intersectionDataA/labels/F10-10.txt
intersectionDataA/images/F10-100.png intersectionDataA/labels/F10-100.txt
intersectionDataA/images/F10-11.png intersectionDataA/labels/F10-11.txt
intersectionDataA/images/F10-20.png intersectionDataA/labels/F10-20.txt
intersectionDataA/images/F10-21.png intersectionDataA/labels/F10-21.txt
intersectionDataA/images/F10-30.png intersectionDataA/labels/F10-30.txt
intersectionDataA/images/F10-31.png intersectionDataA/labels/F10-31.txt
intersectionDataA/images/F10-40.png intersectionDataA/labels/F10-40.txt
intersectionDataA/images/F10-41.png intersectionDataA/labels/F10-41.txt
intersectionDataA/images/F10-50.png intersectionDataA/labels/F10-50.txt
intersectionDataA/images/F10-51.png intersectionDataA/labels/F10-51.txt
intersectionDataA/images/F10-60.png intersectionDataA/labels/F10-60.txt
intersectionDataA/images/F10-61.png intersectionDataA/labels/F10-61.txt
intersectionDataA/images/F10-70.png intersectionDataA/labels/F10-70.txt
intersectionDataA/images/F10-71.png intersectionDataA/labels/F10-71.txt
intersectionDataA/images/F10-80.png intersectionDataA/labels/F10-80.txt
intersectionDataA/images/F10-81.png intersectionDataA/labels/F10-81.txt
intersectionDataA/images/F10-90.png intersectionDataA/labels/F10-90.txt
intersectionDataA/images/F10-91.png intersectionDataA/labels/F10-91.txt
intersectionDataA/images/F2-1.png intersectionDataA/labels/F2-1.txt
intersectionDataA/images/F2-10.png intersectionDataA/labels/F2-10.txt
intersectionDataA/images/F2-100.png intersectionDataA/labels/F2-100.txt
intersectionDataA/images/F2-11.png intersectionDataA/labels/F2-11.txt
intersectionDataA/images/F2-20.png intersectionDataA/labels/F2-20.txt
intersectionDataA/images/F2-21.png intersectionDataA/labels/F2-21.txt
intersectionDataA/images/F2-30.png intersectionDataA/labels/F2-30.txt
intersectionDataA/images/F2-31.png intersectionDataA/labels/F2-31.txt
intersectionDataA/images/F2-40.png intersectionDataA/labels/F2-40.txt
intersectionDataA/images/F2-41.png intersectionDataA/labels/F2-41.txt
intersectionDataA/images/F2-50.png intersectionDataA/labels/F2-50.txt
intersectionDataA/images/F2-51.png intersectionDataA/labels/F2-51.txt
intersectionDataA/images/F2-60.png intersectionDataA/labels/F2-60.txt
intersectionDataA/images/F2-61.png intersectionDataA/labels/F2-61.txt
intersectionDataA/images/F2-70.png intersectionDataA/labels/F2-70.txt
intersectionDataA/images/F2-71.png intersectionDataA/labels/F2-71.txt
intersectionDataA/images/F2-80.png intersectionDataA/labels/F2-80.txt
intersectionDataA/images/F2-81.png intersectionDataA/labels/F2-81.txt
intersectionDataA/images/F2-90.png intersectionDataA/labels/F2-90.txt
intersectionDataA/images/F2-91.png intersectionDataA/labels/F2-91.txt
intersectionDataA/images/F3-1.png intersectionDataA/labels/F3-1.txt
intersectionDataA/images/F3-10.png intersectionDataA/labels/F3-10.txt
intersectionDataA/images/F3-100.png intersectionDataA/labels/F3-100.txt
intersectionDataA/images/F3-11.png intersectionDataA/labels/F3-11.txt
intersectionDataA/images/F3-20.png intersectionDataA/labels/F3-20.txt
intersectionDataA/images/F3-21.png intersectionDataA/labels/F3-21.txt
intersectionDataA/images/F3-30.png intersectionDataA/labels/F3-30.txt
intersectionDataA/images/F3-31.png intersectionDataA/labels/F3-31.txt
intersectionDataA/images/F3-40.png intersectionDataA/labels/F3-40.txt
intersectionDataA/images/F3-41.png intersectionDataA/labels/F3-41.txt
intersectionDataA/images/F3-50.png intersectionDataA/labels/F3-50.txt
intersectionDataA/images/F3-51.png intersectionDataA/labels/F3-51.txt
intersectionDataA/images/F3-60.png intersectionDataA/labels/F3-60.txt
intersectionDataA/images/F3-61.png intersectionDataA/labels/F3-61.txt
intersectionDataA/images/F3-70.png intersectionDataA/labels/F3-70.txt
intersectionDataA/images/F3-71.png intersectionDataA/labels/F3-71.txt
intersectionDataA/images/F3-80.png intersectionDataA/labels/F3-80.txt
intersectionDataA/images/F3-81.png intersectionDataA/labels/F3-81.txt
intersectionDataA/images/F3-90.png intersectionDataA/labels/F3-90.txt
intersectionDataA/images/F3-91.png intersectionDataA/labels/F3-91.txt
intersectionDataA/images/F4-1.png intersectionDataA/labels/F4-1.txt
intersectionDataA/images/F4-10.png intersectionDataA/labels/F4-10.txt
intersectionDataA/images/F4-100.png intersectionDataA/labels/F4-100.txt
intersectionDataA/images/F4-11.png intersectionDataA/labels/F4-11.txt
intersectionDataA/images/F4-20.png intersectionDataA/labels/F4-20.txt
intersectionDataA/images/F4-21.png intersectionDataA/labels/F4-21.txt
intersectionDataA/images/F4-30.png intersectionDataA/labels/F4-30.txt
intersectionDataA/images/F4-31.png intersectionDataA/labels/F4-31.txt
intersectionDataA/images/F4-40.png intersectionDataA/labels/F4-40.txt
intersectionDataA/images/F4-41.png intersectionDataA/labels/F4-41.txt
intersectionDataA/images/F4-50.png intersectionDataA/labels/F4-50.txt
intersectionDataA/images/F4-51.png intersectionDataA/labels/F4-51.txt
intersectionDataA/images/F4-60.png intersectionDataA/labels/F4-60.txt
intersectionDataA/images/F4-61.png intersectionDataA/labels/F4-61.txt
intersectionDataA/images/F4-70.png intersectionDataA/labels/F4-70.txt
intersectionDataA/images/F4-71.png intersectionDataA/labels/F4-71.txt
intersectionDataA/images/F4-80.png intersectionDataA/labels/F4-80.txt
intersectionDataA/images/F4-81.png intersectionDataA/labels/F4-81.txt
intersectionDataA/images/F4-90.png intersectionDataA/labels/F4-90.txt
intersectionDataA/images/F4-91.png intersectionDataA/labels/F4-91.txt
intersectionDataA/images/F5-1.png intersectionDataA/labels/F5-1.txt
intersectionDataA/images/F5-10.png intersectionDataA/labels/F5-10.txt
intersectionDataA/images/F5-100.png intersectionDataA/labels/F5-100.txt
intersectionDataA/images/F5-11.png intersectionDataA/labels/F5-11.txt
intersectionDataA/images/F5-20.png intersectionDataA/labels/F5-20.txt
intersectionDataA/images/F5-21.png intersectionDataA/labels/F5-21.txt
intersectionDataA/images/F5-30.png intersectionDataA/labels/F5-30.txt
intersectionDataA/images/F5-31.png intersectionDataA/labels/F5-31.txt
intersectionDataA/images/F5-40.png intersectionDataA/labels/F5-40.txt
intersectionDataA/images/F5-41.png intersectionDataA/labels/F5-41.txt
intersectionDataA/images/F5-50.png intersectionDataA/labels/F5-50.txt
intersectionDataA/images/F5-51.png intersectionDataA/labels/F5-51.txt
intersectionDataA/images/F5-60.png intersectionDataA/labels/F5-60.txt
intersectionDataA/images/F5-61.png intersectionDataA/labels/F5-61.txt
intersectionDataA/images/F5-70.png intersectionDataA/labels/F5-70.txt
intersectionDataA/images/F5-71.png intersectionDataA/labels/F5-71.txt
intersectionDataA/images/F5-80.png intersectionDataA/labels/F5-80.txt
intersectionDataA/images/F5-81.png intersectionDataA/labels/F5-81.txt
intersectionDataA/images/F5-90.png intersectionDataA/labels/F5-90.txt
intersectionDataA/images/F5-91.png intersectionDataA/labels/F5-91.txt
intersectionDataA/images/F6-1.png intersectionDataA/labels/F6-1.txt
intersectionDataA/images/F6-10.png intersectionDataA/labels/F6-10.txt
intersectionDataA/images/F6-100.png intersectionDataA/labels/F6-100.txt
intersectionDataA/images/F6-11.png intersectionDataA/labels/F6-11.txt
intersectionDataA/images/F6-20.png intersectionDataA/labels/F6-20.txt
intersectionDataA/images/F6-21.png intersectionDataA/labels/F6-21.txt
intersectionDataA/images/F6-30.png intersectionDataA/labels/F6-30.txt
intersectionDataA/images/F6-31.png intersectionDataA/labels/F6-31.txt
intersectionDataA/images/F6-40.png intersectionDataA/labels/F6-40.txt
intersectionDataA/images/F6-41.png intersectionDataA/labels/F6-41.txt
intersectionDataA/images/F6-50.png intersectionDataA/labels/F6-50.txt
intersectionDataA/images/F6-51.png intersectionDataA/labels/F6-51.txt
intersectionDataA/images/F6-60.png intersectionDataA/labels/F6-60.txt
intersectionDataA/images/F6-61.png intersectionDataA/labels/F6-61.txt
intersectionDataA/images/F6-70.png intersectionDataA/labels/F6-70.txt
intersectionDataA/images/F6-71.png intersectionDataA/labels/F6-71.txt
intersectionDataA/images/F6-80.png intersectionDataA/labels/F6-80.txt
intersectionDataA/images/F6-81.png intersectionDataA/labels/F6-81.txt
intersectionDataA/images/F6-90.png intersectionDataA/labels/F6-90.txt
intersectionDataA/images/F6-91.png intersectionDataA/labels/F6-91.txt
intersectionDataA/images/F61-1.png intersectionDataA/labels/F61-1.txt
intersectionDataA/images/F61-10.png intersectionDataA/labels/F61-10.txt
intersectionDataA/images/F61-100.png intersectionDataA/labels/F61-100.txt
intersectionDataA/images/F61-11.png intersectionDataA/labels/F61-11.txt
intersectionDataA/images/F61-20.png intersectionDataA/labels/F61-20.txt
intersectionDataA/images/F61-21.png intersectionDataA/labels/F61-21.txt
intersectionDataA/images/F61-30.png intersectionDataA/labels/F61-30.txt
intersectionDataA/images/F61-31.png intersectionDataA/labels/F61-31.txt
intersectionDataA/images/F61-40.png intersectionDataA/labels/F61-40.txt
intersectionDataA/images/F61-41.png intersectionDataA/labels/F61-41.txt
intersectionDataA/images/F61-50.png intersectionDataA/labels/F61-50.txt
intersectionDataA/images/F61-51.png intersectionDataA/labels/F61-51.txt
intersectionDataA/images/F61-60.png intersectionDataA/labels/F61-60.txt
intersectionDataA/images/F61-61.png intersectionDataA/labels/F61-61.txt
intersectionDataA/images/F61-70.png intersectionDataA/labels/F61-70.txt
intersectionDataA/images/F61-71.png intersectionDataA/labels/F61-71.txt
intersectionDataA/images/F61-80.png intersectionDataA/labels/F61-80.txt
intersectionDataA/images/F61-81.png intersectionDataA/labels/F61-81.txt
intersectionDataA/images/F61-90.png intersectionDataA/labels/F61-90.txt
intersectionDataA/images/F61-91.png intersectionDataA/labels/F61-91.txt
intersectionDataA/images/F62-1.png intersectionDataA/labels/F62-1.txt
intersectionDataA/images/F62-10.png intersectionDataA/labels/F62-10.txt
intersectionDataA/images/F62-100.png intersectionDataA/labels/F62-100.txt
intersectionDataA/images/F62-11.png intersectionDataA/labels/F62-11.txt
intersectionDataA/images/F62-20.png intersectionDataA/labels/F62-20.txt
intersectionDataA/images/F62-21.png intersectionDataA/labels/F62-21.txt
intersectionDataA/images/F62-30.png intersectionDataA/labels/F62-30.txt
intersectionDataA/images/F62-31.png intersectionDataA/labels/F62-31.txt
intersectionDataA/images/F62-40.png intersectionDataA/labels/F62-40.txt
intersectionDataA/images/F62-41.png intersectionDataA/labels/F62-41.txt
intersectionDataA/images/F62-50.png intersectionDataA/labels/F62-50.txt
intersectionDataA/images/F62-51.png intersectionDataA/labels/F62-51.txt
intersectionDataA/images/F62-60.png intersectionDataA/labels/F62-60.txt
intersectionDataA/images/F62-61.png intersectionDataA/labels/F62-61.txt
intersectionDataA/images/F62-70.png intersectionDataA/labels/F62-70.txt
intersectionDataA/images/F62-71.png intersectionDataA/labels/F62-71.txt
intersectionDataA/images/F62-80.png intersectionDataA/labels/F62-80.txt
intersectionDataA/images/F62-81.png intersectionDataA/labels/F62-81.txt
intersectionDataA/images/F62-90.png intersectionDataA/labels/F62-90.txt
intersectionDataA/images/F62-91.png intersectionDataA/labels/F62-91.txt
intersectionDataA/images/F63-1.png intersectionDataA/labels/F63-1.txt
intersectionDataA/images/F63-10.png intersectionDataA/labels/F63-10.txt
intersectionDataA/images/F63-100.png intersectionDataA/labels/F63-100.txt
intersectionDataA/images/F63-11.png intersectionDataA/labels/F63-11.txt
intersectionDataA/images/F63-20.png intersectionDataA/labels/F63-20.txt
intersectionDataA/images/F63-21.png intersectionDataA/labels/F63-21.txt
intersectionDataA/images/F63-30.png intersectionDataA/labels/F63-30.txt
intersectionDataA/images/F63-31.png intersectionDataA/labels/F63-31.txt
intersectionDataA/images/F63-40.png intersectionDataA/labels/F63-40.txt
intersectionDataA/images/F63-41.png intersectionDataA/labels/F63-41.txt
intersectionDataA/images/F63-50.png intersectionDataA/labels/F63-50.txt
intersectionDataA/images/F63-51.png intersectionDataA/labels/F63-51.txt
intersectionDataA/images/F63-60.png intersectionDataA/labels/F63-60.txt
intersectionDataA/images/F63-61.png intersectionDataA/labels/F63-61.txt
intersectionDataA/images/F63-70.png intersectionDataA/labels/F63-70.txt
intersectionDataA/images/F63-71.png intersectionDataA/labels/F63-71.txt
intersectionDataA/images/F63-80.png intersectionDataA/labels/F63-80.txt
intersectionDataA/images/F63-81.png intersectionDataA/labels/F63-81.txt
intersectionDataA/images/F63-90.png intersectionDataA/labels/F63-90.txt
intersectionDataA/images/F63-91.png intersectionDataA/labels/F63-91.txt
intersectionDataA/images/F64-1.png intersectionDataA/labels/F64-1.txt
intersectionDataA/images/F64-10.png intersectionDataA/labels/F64-10.txt
intersectionDataA/images/F64-100.png intersectionDataA/labels/F64-100.txt
intersectionDataA/images/F64-11.png intersectionDataA/labels/F64-11.txt
intersectionDataA/images/F64-20.png intersectionDataA/labels/F64-20.txt
intersectionDataA/images/F64-21.png intersectionDataA/labels/F64-21.txt
intersectionDataA/images/F64-30.png intersectionDataA/labels/F64-30.txt
intersectionDataA/images/F64-31.png intersectionDataA/labels/F64-31.txt
intersectionDataA/images/F64-40.png intersectionDataA/labels/F64-40.txt
intersectionDataA/images/F64-41.png intersectionDataA/labels/F64-41.txt
intersectionDataA/images/F64-50.png intersectionDataA/labels/F64-50.txt
intersectionDataA/images/F64-51.png intersectionDataA/labels/F64-51.txt
intersectionDataA/images/F64-60.png intersectionDataA/labels/F64-60.txt
intersectionDataA/images/F64-61.png intersectionDataA/labels/F64-61.txt
intersectionDataA/images/F64-70.png intersectionDataA/labels/F64-70.txt
intersectionDataA/images/F64-71.png intersectionDataA/labels/F64-71.txt
intersectionDataA/images/F64-80.png intersectionDataA/labels/F64-80.txt
intersectionDataA/images/F64-81.png intersectionDataA/labels/F64-81.txt
intersectionDataA/images/F64-90.png intersectionDataA/labels/F64-90.txt
intersectionDataA/images/F64-91.png intersectionDataA/labels/F64-91.txt
intersectionDataA/images/F65-1.png intersectionDataA/labels/F65-1.txt
intersectionDataA/images/F65-10.png intersectionDataA/labels/F65-10.txt
intersectionDataA/images/F65-100.png intersectionDataA/labels/F65-100.txt
intersectionDataA/images/F65-11.png intersectionDataA/labels/F65-11.txt
intersectionDataA/images/F65-20.png intersectionDataA/labels/F65-20.txt
intersectionDataA/images/F65-21.png intersectionDataA/labels/F65-21.txt
intersectionDataA/images/F65-30.png intersectionDataA/labels/F65-30.txt
intersectionDataA/images/F65-31.png intersectionDataA/labels/F65-31.txt
intersectionDataA/images/F65-40.png intersectionDataA/labels/F65-40.txt
intersectionDataA/images/F65-41.png intersectionDataA/labels/F65-41.txt
intersectionDataA/images/F65-50.png intersectionDataA/labels/F65-50.txt
intersectionDataA/images/F65-51.png intersectionDataA/labels/F65-51.txt
intersectionDataA/images/F65-60.png intersectionDataA/labels/F65-60.txt
intersectionDataA/images/F65-61.png intersectionDataA/labels/F65-61.txt
intersectionDataA/images/F65-70.png intersectionDataA/labels/F65-70.txt
intersectionDataA/images/F65-71.png intersectionDataA/labels/F65-71.txt
intersectionDataA/images/F65-80.png intersectionDataA/labels/F65-80.txt
intersectionDataA/images/F65-81.png intersectionDataA/labels/F65-81.txt
intersectionDataA/images/F65-90.png intersectionDataA/labels/F65-90.txt
intersectionDataA/images/F65-91.png intersectionDataA/labels/F65-91.txt
intersectionDataA/images/F66-1.png intersectionDataA/labels/F66-1.txt
intersectionDataA/images/F66-10.png intersectionDataA/labels/F66-10.txt
intersectionDataA/images/F66-100.png intersectionDataA/labels/F66-100.txt
intersectionDataA/images/F66-11.png intersectionDataA/labels/F66-11.txt
intersectionDataA/images/F66-20.png intersectionDataA/labels/F66-20.txt
intersectionDataA/images/F66-21.png intersectionDataA/labels/F66-21.txt
intersectionDataA/images/F66-30.png intersectionDataA/labels/F66-30.txt
intersectionDataA/images/F66-31.png intersectionDataA/labels/F66-31.txt
intersectionDataA/images/F66-40.png intersectionDataA/labels/F66-40.txt
intersectionDataA/images/F66-41.png intersectionDataA/labels/F66-41.txt
intersectionDataA/images/F66-50.png intersectionDataA/labels/F66-50.txt
intersectionDataA/images/F66-51.png intersectionDataA/labels/F66-51.txt
intersectionDataA/images/F66-60.png intersectionDataA/labels/F66-60.txt
intersectionDataA/images/F66-61.png intersectionDataA/labels/F66-61.txt
intersectionDataA/images/F66-70.png intersectionDataA/labels/F66-70.txt
intersectionDataA/images/F66-71.png intersectionDataA/labels/F66-71.txt
intersectionDataA/images/F66-80.png intersectionDataA/labels/F66-80.txt
intersectionDataA/images/F66-81.png intersectionDataA/labels/F66-81.txt
intersectionDataA/images/F66-90.png intersectionDataA/labels/F66-90.txt
intersectionDataA/images/F66-91.png intersectionDataA/labels/F66-91.txt
intersectionDataA/images/F67-1.png intersectionDataA/labels/F67-1.txt
intersectionDataA/images/F67-10.png intersectionDataA/labels/F67-10.txt
intersectionDataA/images/F67-100.png intersectionDataA/labels/F67-100.txt
intersectionDataA/images/F67-11.png intersectionDataA/labels/F67-11.txt
intersectionDataA/images/F67-20.png intersectionDataA/labels/F67-20.txt
intersectionDataA/images/F67-21.png intersectionDataA/labels/F67-21.txt
intersectionDataA/images/F67-30.png intersectionDataA/labels/F67-30.txt
intersectionDataA/images/F67-31.png intersectionDataA/labels/F67-31.txt
intersectionDataA/images/F67-40.png intersectionDataA/labels/F67-40.txt
intersectionDataA/images/F67-41.png intersectionDataA/labels/F67-41.txt
intersectionDataA/images/F67-50.png intersectionDataA/labels/F67-50.txt
intersectionDataA/images/F67-51.png intersectionDataA/labels/F67-51.txt
intersectionDataA/images/F67-60.png intersectionDataA/labels/F67-60.txt
intersectionDataA/images/F67-61.png intersectionDataA/labels/F67-61.txt
intersectionDataA/images/F67-70.png intersectionDataA/labels/F67-70.txt
intersectionDataA/images/F67-71.png intersectionDataA/labels/F67-71.txt
intersectionDataA/images/F67-80.png intersectionDataA/labels/F67-80.txt
intersectionDataA/images/F67-81.png intersectionDataA/labels/F67-81.txt
intersectionDataA/images/F67-90.png intersectionDataA/labels/F67-90.txt
intersectionDataA/images/F67-91.png intersectionDataA/labels/F67-91.txt
intersectionDataA/images/F68-1.png intersectionDataA/labels/F68-1.txt
intersectionDataA/images/F68-10.png intersectionDataA/labels/F68-10.txt
intersectionDataA/images/F68-100.png intersectionDataA/labels/F68-100.txt
intersectionDataA/images/F68-11.png intersectionDataA/labels/F68-11.txt
intersectionDataA/images/F68-20.png intersectionDataA/labels/F68-20.txt
intersectionDataA/images/F68-21.png intersectionDataA/labels/F68-21.txt
intersectionDataA/images/F68-30.png intersectionDataA/labels/F68-30.txt
intersectionDataA/images/F68-31.png intersectionDataA/labels/F68-31.txt
intersectionDataA/images/F68-40.png intersectionDataA/labels/F68-40.txt
intersectionDataA/images/F68-41.png intersectionDataA/labels/F68-41.txt
intersectionDataA/images/F68-50.png intersectionDataA/labels/F68-50.txt
intersectionDataA/images/F68-51.png intersectionDataA/labels/F68-51.txt
intersectionDataA/images/F68-60.png intersectionDataA/labels/F68-60.txt
intersectionDataA/images/F68-61.png intersectionDataA/labels/F68-61.txt
intersectionDataA/images/F68-70.png intersectionDataA/labels/F68-70.txt
intersectionDataA/images/F68-71.png intersectionDataA/labels/F68-71.txt
intersectionDataA/images/F68-80.png intersectionDataA/labels/F68-80.txt
intersectionDataA/images/F68-81.png intersectionDataA/labels/F68-81.txt
intersectionDataA/images/F68-90.png intersectionDataA/labels/F68-90.txt
intersectionDataA/images/F68-91.png intersectionDataA/labels/F68-91.txt
intersectionDataA/images/F69-1.png intersectionDataA/labels/F69-1.txt
intersectionDataA/images/F69-10.png intersectionDataA/labels/F69-10.txt
intersectionDataA/images/F69-100.png intersectionDataA/labels/F69-100.txt
intersectionDataA/images/F69-11.png intersectionDataA/labels/F69-11.txt
intersectionDataA/images/F69-20.png intersectionDataA/labels/F69-20.txt
intersectionDataA/images/F69-21.png intersectionDataA/labels/F69-21.txt
intersectionDataA/images/F69-30.png intersectionDataA/labels/F69-30.txt
intersectionDataA/images/F69-31.png intersectionDataA/labels/F69-31.txt
intersectionDataA/images/F69-40.png intersectionDataA/labels/F69-40.txt
intersectionDataA/images/F69-41.png intersectionDataA/labels/F69-41.txt
intersectionDataA/images/F69-50.png intersectionDataA/labels/F69-50.txt
intersectionDataA/images/F69-51.png intersectionDataA/labels/F69-51.txt
intersectionDataA/images/F69-60.png intersectionDataA/labels/F69-60.txt
intersectionDataA/images/F69-61.png intersectionDataA/labels/F69-61.txt
intersectionDataA/images/F69-70.png intersectionDataA/labels/F69-70.txt
intersectionDataA/images/F69-71.png intersectionDataA/labels/F69-71.txt
intersectionDataA/images/F69-80.png intersectionDataA/labels/F69-80.txt
intersectionDataA/images/F69-81.png intersectionDataA/labels/F69-81.txt
intersectionDataA/images/F69-90.png intersectionDataA/labels/F69-90.txt
intersectionDataA/images/F69-91.png intersectionDataA/labels/F69-91.txt
intersectionDataA/images/F7-1.png intersectionDataA/labels/F7-1.txt
intersectionDataA/images/F7-10.png intersectionDataA/labels/F7-10.txt
intersectionDataA/images/F7-100.png intersectionDataA/labels/F7-100.txt
intersectionDataA/images/F7-11.png intersectionDataA/labels/F7-11.txt
intersectionDataA/images/F7-20.png intersectionDataA/labels/F7-20.txt
intersectionDataA/images/F7-21.png intersectionDataA/labels/F7-21.txt
intersectionDataA/images/F7-30.png intersectionDataA/labels/F7-30.txt
intersectionDataA/images/F7-31.png intersectionDataA/labels/F7-31.txt
intersectionDataA/images/F7-40.png intersectionDataA/labels/F7-40.txt
intersectionDataA/images/F7-41.png intersectionDataA/labels/F7-41.txt
intersectionDataA/images/F7-50.png intersectionDataA/labels/F7-50.txt
intersectionDataA/images/F7-51.png intersectionDataA/labels/F7-51.txt
intersectionDataA/images/F7-60.png intersectionDataA/labels/F7-60.txt
intersectionDataA/images/F7-61.png intersectionDataA/labels/F7-61.txt
intersectionDataA/images/F7-70.png intersectionDataA/labels/F7-70.txt
intersectionDataA/images/F7-71.png intersectionDataA/labels/F7-71.txt
intersectionDataA/images/F7-80.png intersectionDataA/labels/F7-80.txt
intersectionDataA/images/F7-81.png intersectionDataA/labels/F7-81.txt
intersectionDataA/images/F7-90.png intersectionDataA/labels/F7-90.txt
intersectionDataA/images/F7-91.png intersectionDataA/labels/F7-91.txt
intersectionDataA/images/F70-1.png intersectionDataA/labels/F70-1.txt
intersectionDataA/images/F70-10.png intersectionDataA/labels/F70-10.txt
intersectionDataA/images/F70-100.png intersectionDataA/labels/F70-100.txt
intersectionDataA/images/F70-11.png intersectionDataA/labels/F70-11.txt
intersectionDataA/images/F70-20.png intersectionDataA/labels/F70-20.txt
intersectionDataA/images/F70-21.png intersectionDataA/labels/F70-21.txt
intersectionDataA/images/F70-30.png intersectionDataA/labels/F70-30.txt
intersectionDataA/images/F70-31.png intersectionDataA/labels/F70-31.txt
intersectionDataA/images/F70-40.png intersectionDataA/labels/F70-40.txt
intersectionDataA/images/F70-41.png intersectionDataA/labels/F70-41.txt
intersectionDataA/images/F70-50.png intersectionDataA/labels/F70-50.txt
intersectionDataA/images/F70-51.png intersectionDataA/labels/F70-51.txt
intersectionDataA/images/F70-60.png intersectionDataA/labels/F70-60.txt
intersectionDataA/images/F70-61.png intersectionDataA/labels/F70-61.txt
intersectionDataA/images/F70-70.png intersectionDataA/labels/F70-70.txt
intersectionDataA/images/F70-71.png intersectionDataA/labels/F70-71.txt
intersectionDataA/images/F70-80.png intersectionDataA/labels/F70-80.txt
intersectionDataA/images/F70-81.png intersectionDataA/labels/F70-81.txt
intersectionDataA/images/F70-90.png intersectionDataA/labels/F70-90.txt
intersectionDataA/images/F70-91.png intersectionDataA/labels/F70-91.txt
intersectionDataA/images/F8-1.png intersectionDataA/labels/F8-1.txt
intersectionDataA/images/F8-10.png intersectionDataA/labels/F8-10.txt
intersectionDataA/images/F8-100.png intersectionDataA/labels/F8-100.txt
intersectionDataA/images/F8-11.png intersectionDataA/labels/F8-11.txt
intersectionDataA/images/F8-20.png intersectionDataA/labels/F8-20.txt
intersectionDataA/images/F8-21.png intersectionDataA/labels/F8-21.txt
intersectionDataA/images/F8-30.png intersectionDataA/labels/F8-30.txt
intersectionDataA/images/F8-31.png intersectionDataA/labels/F8-31.txt
intersectionDataA/images/F8-40.png intersectionDataA/labels/F8-40.txt
intersectionDataA/images/F8-41.png intersectionDataA/labels/F8-41.txt
intersectionDataA/images/F8-50.png intersectionDataA/labels/F8-50.txt
intersectionDataA/images/F8-51.png intersectionDataA/labels/F8-51.txt
intersectionDataA/images/F8-60.png intersectionDataA/labels/F8-60.txt
intersectionDataA/images/F8-61.png intersectionDataA/labels/F8-61.txt
intersectionDataA/images/F8-70.png intersectionDataA/labels/F8-70.txt
intersectionDataA/images/F8-71.png intersectionDataA/labels/F8-71.txt
intersectionDataA/images/F8-80.png intersectionDataA/labels/F8-80.txt
intersectionDataA/images/F8-81.png intersectionDataA/labels/F8-81.txt
intersectionDataA/images/F8-90.png intersectionDataA/labels/F8-90.txt
intersectionDataA/images/F8-91.png intersectionDataA/labels/F8-91.txt
intersectionDataA/images/F9-1.png intersectionDataA/labels/F9-1.txt
intersectionDataA/images/F9-10.png intersectionDataA/labels/F9-10.txt
intersectionDataA/images/F9-100.png intersectionDataA/labels/F9-100.txt
intersectionDataA/images/F9-11.png intersectionDataA/labels/F9-11.txt
intersectionDataA/images/F9-20.png intersectionDataA/labels/F9-20.txt
intersectionDataA/images/F9-21.png intersectionDataA/labels/F9-21.txt
intersectionDataA/images/F9-30.png intersectionDataA/labels/F9-30.txt
intersectionDataA/images/F9-31.png intersectionDataA/labels/F9-31.txt
intersectionDataA/images/F9-40.png intersectionDataA/labels/F9-40.txt
intersectionDataA/images/F9-41.png intersectionDataA/labels/F9-41.txt
intersectionDataA/images/F9-50.png intersectionDataA/labels/F9-50.txt
intersectionDataA/images/F9-51.png intersectionDataA/labels/F9-51.txt
intersectionDataA/images/F9-60.png intersectionDataA/labels/F9-60.txt
intersectionDataA/images/F9-61.png intersectionDataA/labels/F9-61.txt
intersectionDataA/images/F9-70.png intersectionDataA/labels/F9-70.txt
intersectionDataA/images/F9-71.png intersectionDataA/labels/F9-71.txt
intersectionDataA/images/F9-80.png intersectionDataA/labels/F9-80.txt
intersectionDataA/images/F9-81.png intersectionDataA/labels/F9-81.txt
intersectionDataA/images/F9-90.png intersectionDataA/labels/F9-90.txt
intersectionDataA/images/F9-91.png intersectionDataA/labels/F9-91.txt
