../dashcam/intersection_testset/images/20190523_14222.jpg
../dashcam/intersection_testset/images/20190619-11_004.jpg
../dashcam/intersection_testset/images/20190619-13_000.jpg
../dashcam/intersection_testset/images/20190619-13_006.jpg
../dashcam/intersection_testset/images/20190619-13_008.jpg
../dashcam/intersection_testset/images/20190619-15_002.jpg
../dashcam/intersection_testset/images/20190619-1_009.jpg
../dashcam/intersection_testset/images/20190619-7_000.jpg
../dashcam/intersection_testset/images/20190619-8_006.jpg
../dashcam/intersection_testset/images/20190619-8_007.jpg
../dashcam/intersection_testset/images/20190619_3098.jpg
../dashcam/intersection_testset/images/20190619_3161.jpg
../dashcam/intersection_testset/images/20190619_3172.jpg
../dashcam/intersection_testset/images/20190619_3180.jpg
../dashcam/intersection_testset/images/20190619_5162.jpg
../dashcam/intersection_testset/images/20190619_5171.jpg
../dashcam/intersection_testset/images/20190619_7654.jpg
../dashcam/intersection_testset/images/20190619_7690.jpg
../dashcam/intersection_testset/images/20190619_7694.jpg
../dashcam/intersection_testset/images/20190619_7708.jpg
../dashcam/intersection_testset/images/20190619_7725.jpg
../dashcam/intersection_testset/images/20190619_7729.jpg
../dashcam/intersection_testset/images/20190619_7742.jpg
../dashcam/intersection_testset/images/20190619_7749.jpg
../dashcam/intersection_testset/images/20190619_7760.jpg
../dashcam/intersection_testset/images/20190619_7765.jpg
../dashcam/intersection_testset/images/20190619_7778.jpg
../dashcam/intersection_testset/images/20190619_7780.jpg
../dashcam/intersection_testset/images/20190619_7789.jpg
../dashcam/intersection_testset/images/20190619_7794.jpg
../dashcam/intersection_testset/images/20190619_7797.jpg
../dashcam/intersection_testset/images/20190619_7800.jpg
../dashcam/intersection_testset/images/20190619_7817.jpg
../dashcam/intersection_testset/images/20190619_7819.jpg
../dashcam/intersection_testset/images/20190619_7820.jpg
../dashcam/intersection_testset/images/20190619_7823.jpg
../dashcam/intersection_testset/images/20190619_7846.jpg
../dashcam/intersection_testset/images/20190619_7851.jpg
../dashcam/intersection_testset/images/20190619_7860.jpg
../dashcam/intersection_testset/images/20190619_7961.jpg
../dashcam/intersection_testset/images/20190619_7971.jpg
../dashcam/intersection_testset/images/20190619_7988.jpg
../dashcam/intersection_testset/images/20190619_7991.jpg
../dashcam/intersection_testset/images/20190619_7997.jpg
../dashcam/intersection_testset/images/20190619_8003.jpg
../dashcam/intersection_testset/images/20190619_8018.jpg
../dashcam/intersection_testset/images/20190619_8028.jpg
../dashcam/intersection_testset/images/20190619_8032.jpg
