dashcam/intersection_dataset/images/10_000.jpg dashcam/intersection_dataset/labels/10_000.txt
dashcam/intersection_dataset/images/11_000.jpg dashcam/intersection_dataset/labels/11_000.txt
dashcam/intersection_dataset/images/12_001.jpg dashcam/intersection_dataset/labels/12_001.txt
dashcam/intersection_dataset/images/13_003.jpg dashcam/intersection_dataset/labels/13_003.txt
dashcam/intersection_dataset/images/13_008.jpg dashcam/intersection_dataset/labels/13_008.txt
dashcam/intersection_dataset/images/14_000.jpg dashcam/intersection_dataset/labels/14_000.txt
dashcam/intersection_dataset/images/14_002.jpg dashcam/intersection_dataset/labels/14_002.txt
dashcam/intersection_dataset/images/15_000.jpg dashcam/intersection_dataset/labels/15_000.txt
dashcam/intersection_dataset/images/16_000.jpg dashcam/intersection_dataset/labels/16_000.txt
dashcam/intersection_dataset/images/16_005.jpg dashcam/intersection_dataset/labels/16_005.txt
dashcam/intersection_dataset/images/17_005.jpg dashcam/intersection_dataset/labels/17_005.txt
dashcam/intersection_dataset/images/17_009.jpg dashcam/intersection_dataset/labels/17_009.txt
dashcam/intersection_dataset/images/1_000.jpg dashcam/intersection_dataset/labels/1_000.txt
dashcam/intersection_dataset/images/1_009.jpg dashcam/intersection_dataset/labels/1_009.txt
dashcam/intersection_dataset/images/20190513_001.jpg dashcam/intersection_dataset/labels/20190513_001.txt
dashcam/intersection_dataset/images/20190513_025.jpg dashcam/intersection_dataset/labels/20190513_025.txt
dashcam/intersection_dataset/images/20190513_040.jpg dashcam/intersection_dataset/labels/20190513_040.txt
dashcam/intersection_dataset/images/20190513_056.jpg dashcam/intersection_dataset/labels/20190513_056.txt
dashcam/intersection_dataset/images/20190513_082.jpg dashcam/intersection_dataset/labels/20190513_082.txt
dashcam/intersection_dataset/images/20190513_090.jpg dashcam/intersection_dataset/labels/20190513_090.txt
dashcam/intersection_dataset/images/20190513_095.jpg dashcam/intersection_dataset/labels/20190513_095.txt
dashcam/intersection_dataset/images/20190513_104.jpg dashcam/intersection_dataset/labels/20190513_104.txt
dashcam/intersection_dataset/images/20190513_116.jpg dashcam/intersection_dataset/labels/20190513_116.txt
dashcam/intersection_dataset/images/20190513_117.jpg dashcam/intersection_dataset/labels/20190513_117.txt
dashcam/intersection_dataset/images/20190513_129.jpg dashcam/intersection_dataset/labels/20190513_129.txt
dashcam/intersection_dataset/images/20190513_149.jpg dashcam/intersection_dataset/labels/20190513_149.txt
dashcam/intersection_dataset/images/20190513_165.jpg dashcam/intersection_dataset/labels/20190513_165.txt
dashcam/intersection_dataset/images/20190513_186.jpg dashcam/intersection_dataset/labels/20190513_186.txt
dashcam/intersection_dataset/images/20190513_196.jpg dashcam/intersection_dataset/labels/20190513_196.txt
dashcam/intersection_dataset/images/20190513_205.jpg dashcam/intersection_dataset/labels/20190513_205.txt
dashcam/intersection_dataset/images/20190513_216.jpg dashcam/intersection_dataset/labels/20190513_216.txt
dashcam/intersection_dataset/images/20190513_224.jpg dashcam/intersection_dataset/labels/20190513_224.txt
dashcam/intersection_dataset/images/20190513_239.jpg dashcam/intersection_dataset/labels/20190513_239.txt
dashcam/intersection_dataset/images/20190513_245.jpg dashcam/intersection_dataset/labels/20190513_245.txt
dashcam/intersection_dataset/images/20190513_268.jpg dashcam/intersection_dataset/labels/20190513_268.txt
dashcam/intersection_dataset/images/20190513_275.jpg dashcam/intersection_dataset/labels/20190513_275.txt
dashcam/intersection_dataset/images/20190513_278.jpg dashcam/intersection_dataset/labels/20190513_278.txt
dashcam/intersection_dataset/images/20190513_282.jpg dashcam/intersection_dataset/labels/20190513_282.txt
dashcam/intersection_dataset/images/20190513_296.jpg dashcam/intersection_dataset/labels/20190513_296.txt
dashcam/intersection_dataset/images/20190513_304.jpg dashcam/intersection_dataset/labels/20190513_304.txt
dashcam/intersection_dataset/images/20190513_317.jpg dashcam/intersection_dataset/labels/20190513_317.txt
dashcam/intersection_dataset/images/20190513_328.jpg dashcam/intersection_dataset/labels/20190513_328.txt
dashcam/intersection_dataset/images/20190513_340.jpg dashcam/intersection_dataset/labels/20190513_340.txt
dashcam/intersection_dataset/images/20190513_349.jpg dashcam/intersection_dataset/labels/20190513_349.txt
dashcam/intersection_dataset/images/20190513_362.jpg dashcam/intersection_dataset/labels/20190513_362.txt
dashcam/intersection_dataset/images/20190513_372.jpg dashcam/intersection_dataset/labels/20190513_372.txt
dashcam/intersection_dataset/images/20190513_381.jpg dashcam/intersection_dataset/labels/20190513_381.txt
dashcam/intersection_dataset/images/20190513_385.jpg dashcam/intersection_dataset/labels/20190513_385.txt
dashcam/intersection_dataset/images/20190513_404.jpg dashcam/intersection_dataset/labels/20190513_404.txt
dashcam/intersection_dataset/images/20190513_412.jpg dashcam/intersection_dataset/labels/20190513_412.txt
dashcam/intersection_dataset/images/20190513_414.jpg dashcam/intersection_dataset/labels/20190513_414.txt
dashcam/intersection_dataset/images/20190513_415.jpg dashcam/intersection_dataset/labels/20190513_415.txt
dashcam/intersection_dataset/images/20190513_422.jpg dashcam/intersection_dataset/labels/20190513_422.txt
dashcam/intersection_dataset/images/20190513_428.jpg dashcam/intersection_dataset/labels/20190513_428.txt
dashcam/intersection_dataset/images/20190513_431.jpg dashcam/intersection_dataset/labels/20190513_431.txt
dashcam/intersection_dataset/images/20190513_441.jpg dashcam/intersection_dataset/labels/20190513_441.txt
dashcam/intersection_dataset/images/20190513_443.jpg dashcam/intersection_dataset/labels/20190513_443.txt
dashcam/intersection_dataset/images/20190513_459.jpg dashcam/intersection_dataset/labels/20190513_459.txt
dashcam/intersection_dataset/images/20190513_467.jpg dashcam/intersection_dataset/labels/20190513_467.txt
dashcam/intersection_dataset/images/20190513_472.jpg dashcam/intersection_dataset/labels/20190513_472.txt
dashcam/intersection_dataset/images/20190513_484.jpg dashcam/intersection_dataset/labels/20190513_484.txt
dashcam/intersection_dataset/images/20190513_497.jpg dashcam/intersection_dataset/labels/20190513_497.txt
dashcam/intersection_dataset/images/20190513_508.jpg dashcam/intersection_dataset/labels/20190513_508.txt
dashcam/intersection_dataset/images/20190513_531.jpg dashcam/intersection_dataset/labels/20190513_531.txt
dashcam/intersection_dataset/images/20190513_533.jpg dashcam/intersection_dataset/labels/20190513_533.txt
dashcam/intersection_dataset/images/20190513_585.jpg dashcam/intersection_dataset/labels/20190513_585.txt
dashcam/intersection_dataset/images/20190513_590.jpg dashcam/intersection_dataset/labels/20190513_590.txt
dashcam/intersection_dataset/images/20190513_597.jpg dashcam/intersection_dataset/labels/20190513_597.txt
dashcam/intersection_dataset/images/20190513_613.jpg dashcam/intersection_dataset/labels/20190513_613.txt
dashcam/intersection_dataset/images/20190513_626.jpg dashcam/intersection_dataset/labels/20190513_626.txt
dashcam/intersection_dataset/images/20190513_634.jpg dashcam/intersection_dataset/labels/20190513_634.txt
dashcam/intersection_dataset/images/20190513_656.jpg dashcam/intersection_dataset/labels/20190513_656.txt
dashcam/intersection_dataset/images/20190513_663.jpg dashcam/intersection_dataset/labels/20190513_663.txt
dashcam/intersection_dataset/images/20190513_675.jpg dashcam/intersection_dataset/labels/20190513_675.txt
dashcam/intersection_dataset/images/20190513_679.jpg dashcam/intersection_dataset/labels/20190513_679.txt
dashcam/intersection_dataset/images/20190513_684.jpg dashcam/intersection_dataset/labels/20190513_684.txt
dashcam/intersection_dataset/images/20190513_699.jpg dashcam/intersection_dataset/labels/20190513_699.txt
dashcam/intersection_dataset/images/20190513_703.jpg dashcam/intersection_dataset/labels/20190513_703.txt
dashcam/intersection_dataset/images/20190513_711.jpg dashcam/intersection_dataset/labels/20190513_711.txt
dashcam/intersection_dataset/images/20190513_714.jpg dashcam/intersection_dataset/labels/20190513_714.txt
dashcam/intersection_dataset/images/20190513_720.jpg dashcam/intersection_dataset/labels/20190513_720.txt
dashcam/intersection_dataset/images/20190513_722.jpg dashcam/intersection_dataset/labels/20190513_722.txt
dashcam/intersection_dataset/images/20190513_734.jpg dashcam/intersection_dataset/labels/20190513_734.txt
dashcam/intersection_dataset/images/20190513_745.jpg dashcam/intersection_dataset/labels/20190513_745.txt
dashcam/intersection_dataset/images/20190513_752.jpg dashcam/intersection_dataset/labels/20190513_752.txt
dashcam/intersection_dataset/images/20190513_765.jpg dashcam/intersection_dataset/labels/20190513_765.txt
dashcam/intersection_dataset/images/20190513_767.jpg dashcam/intersection_dataset/labels/20190513_767.txt
dashcam/intersection_dataset/images/20190513_771.jpg dashcam/intersection_dataset/labels/20190513_771.txt
dashcam/intersection_dataset/images/20190513_780.jpg dashcam/intersection_dataset/labels/20190513_780.txt
dashcam/intersection_dataset/images/20190513_787.jpg dashcam/intersection_dataset/labels/20190513_787.txt
dashcam/intersection_dataset/images/20190513_789.jpg dashcam/intersection_dataset/labels/20190513_789.txt
dashcam/intersection_dataset/images/20190513_798.jpg dashcam/intersection_dataset/labels/20190513_798.txt
dashcam/intersection_dataset/images/20190513_799.jpg dashcam/intersection_dataset/labels/20190513_799.txt
dashcam/intersection_dataset/images/20190513_801.jpg dashcam/intersection_dataset/labels/20190513_801.txt
dashcam/intersection_dataset/images/20190513_809.jpg dashcam/intersection_dataset/labels/20190513_809.txt
dashcam/intersection_dataset/images/20190513_811.jpg dashcam/intersection_dataset/labels/20190513_811.txt
dashcam/intersection_dataset/images/20190513_828.jpg dashcam/intersection_dataset/labels/20190513_828.txt
dashcam/intersection_dataset/images/20190513_832.jpg dashcam/intersection_dataset/labels/20190513_832.txt
dashcam/intersection_dataset/images/20190515_066.jpg dashcam/intersection_dataset/labels/20190515_066.txt
dashcam/intersection_dataset/images/20190515_070.jpg dashcam/intersection_dataset/labels/20190515_070.txt
dashcam/intersection_dataset/images/20190515_091.jpg dashcam/intersection_dataset/labels/20190515_091.txt
dashcam/intersection_dataset/images/20190515_095.jpg dashcam/intersection_dataset/labels/20190515_095.txt
dashcam/intersection_dataset/images/20190515_100.jpg dashcam/intersection_dataset/labels/20190515_100.txt
dashcam/intersection_dataset/images/20190515_114.jpg dashcam/intersection_dataset/labels/20190515_114.txt
dashcam/intersection_dataset/images/20190515_121.jpg dashcam/intersection_dataset/labels/20190515_121.txt
dashcam/intersection_dataset/images/20190515_135.jpg dashcam/intersection_dataset/labels/20190515_135.txt
dashcam/intersection_dataset/images/20190515_136.jpg dashcam/intersection_dataset/labels/20190515_136.txt
dashcam/intersection_dataset/images/20190515_143.jpg dashcam/intersection_dataset/labels/20190515_143.txt
dashcam/intersection_dataset/images/20190515_145.jpg dashcam/intersection_dataset/labels/20190515_145.txt
dashcam/intersection_dataset/images/20190515_169.jpg dashcam/intersection_dataset/labels/20190515_169.txt
dashcam/intersection_dataset/images/20190515_181.jpg dashcam/intersection_dataset/labels/20190515_181.txt
dashcam/intersection_dataset/images/20190515_210.jpg dashcam/intersection_dataset/labels/20190515_210.txt
dashcam/intersection_dataset/images/20190515_228.jpg dashcam/intersection_dataset/labels/20190515_228.txt
dashcam/intersection_dataset/images/20190515_259.jpg dashcam/intersection_dataset/labels/20190515_259.txt
dashcam/intersection_dataset/images/20190515_266.jpg dashcam/intersection_dataset/labels/20190515_266.txt
dashcam/intersection_dataset/images/20190515_268.jpg dashcam/intersection_dataset/labels/20190515_268.txt
dashcam/intersection_dataset/images/20190515_275.jpg dashcam/intersection_dataset/labels/20190515_275.txt
dashcam/intersection_dataset/images/20190515_277.jpg dashcam/intersection_dataset/labels/20190515_277.txt
dashcam/intersection_dataset/images/20190515_295.jpg dashcam/intersection_dataset/labels/20190515_295.txt
dashcam/intersection_dataset/images/20190515_301.jpg dashcam/intersection_dataset/labels/20190515_301.txt
dashcam/intersection_dataset/images/20190515_306.jpg dashcam/intersection_dataset/labels/20190515_306.txt
dashcam/intersection_dataset/images/20190515_315.jpg dashcam/intersection_dataset/labels/20190515_315.txt
dashcam/intersection_dataset/images/20190517_0009.jpg dashcam/intersection_dataset/labels/20190517_0009.txt
dashcam/intersection_dataset/images/20190517_0025.jpg dashcam/intersection_dataset/labels/20190517_0025.txt
dashcam/intersection_dataset/images/20190517_0038.jpg dashcam/intersection_dataset/labels/20190517_0038.txt
dashcam/intersection_dataset/images/20190517_0079.jpg dashcam/intersection_dataset/labels/20190517_0079.txt
dashcam/intersection_dataset/images/20190517_0133.jpg dashcam/intersection_dataset/labels/20190517_0133.txt
dashcam/intersection_dataset/images/20190517_0151.jpg dashcam/intersection_dataset/labels/20190517_0151.txt
dashcam/intersection_dataset/images/20190517_0174.jpg dashcam/intersection_dataset/labels/20190517_0174.txt
dashcam/intersection_dataset/images/20190517_0406.jpg dashcam/intersection_dataset/labels/20190517_0406.txt
dashcam/intersection_dataset/images/20190517_0608.jpg dashcam/intersection_dataset/labels/20190517_0608.txt
dashcam/intersection_dataset/images/20190523_00218.jpg dashcam/intersection_dataset/labels/20190523_00218.txt
dashcam/intersection_dataset/images/20190523_00446.jpg dashcam/intersection_dataset/labels/20190523_00446.txt
dashcam/intersection_dataset/images/20190523_00461.jpg dashcam/intersection_dataset/labels/20190523_00461.txt
dashcam/intersection_dataset/images/20190523_00494.jpg dashcam/intersection_dataset/labels/20190523_00494.txt
dashcam/intersection_dataset/images/20190523_00530.jpg dashcam/intersection_dataset/labels/20190523_00530.txt
dashcam/intersection_dataset/images/20190523_01286.jpg dashcam/intersection_dataset/labels/20190523_01286.txt
dashcam/intersection_dataset/images/20190523_01301.jpg dashcam/intersection_dataset/labels/20190523_01301.txt
dashcam/intersection_dataset/images/20190523_01349.jpg dashcam/intersection_dataset/labels/20190523_01349.txt
dashcam/intersection_dataset/images/20190523_01366.jpg dashcam/intersection_dataset/labels/20190523_01366.txt
dashcam/intersection_dataset/images/20190523_01400.jpg dashcam/intersection_dataset/labels/20190523_01400.txt
dashcam/intersection_dataset/images/20190523_01405.jpg dashcam/intersection_dataset/labels/20190523_01405.txt
dashcam/intersection_dataset/images/20190523_01490.jpg dashcam/intersection_dataset/labels/20190523_01490.txt
dashcam/intersection_dataset/images/20190523_01599.jpg dashcam/intersection_dataset/labels/20190523_01599.txt
dashcam/intersection_dataset/images/20190523_01877.jpg dashcam/intersection_dataset/labels/20190523_01877.txt
dashcam/intersection_dataset/images/20190523_01938.jpg dashcam/intersection_dataset/labels/20190523_01938.txt
dashcam/intersection_dataset/images/20190523_02050.jpg dashcam/intersection_dataset/labels/20190523_02050.txt
dashcam/intersection_dataset/images/20190523_02204.jpg dashcam/intersection_dataset/labels/20190523_02204.txt
dashcam/intersection_dataset/images/20190523_02373.jpg dashcam/intersection_dataset/labels/20190523_02373.txt
dashcam/intersection_dataset/images/20190523_02387.jpg dashcam/intersection_dataset/labels/20190523_02387.txt
dashcam/intersection_dataset/images/20190523_02395.jpg dashcam/intersection_dataset/labels/20190523_02395.txt
dashcam/intersection_dataset/images/20190523_02404.jpg dashcam/intersection_dataset/labels/20190523_02404.txt
dashcam/intersection_dataset/images/20190523_02416.jpg dashcam/intersection_dataset/labels/20190523_02416.txt
dashcam/intersection_dataset/images/20190523_02436.jpg dashcam/intersection_dataset/labels/20190523_02436.txt
dashcam/intersection_dataset/images/20190523_02460.jpg dashcam/intersection_dataset/labels/20190523_02460.txt
dashcam/intersection_dataset/images/20190523_02482.jpg dashcam/intersection_dataset/labels/20190523_02482.txt
dashcam/intersection_dataset/images/20190523_02484.jpg dashcam/intersection_dataset/labels/20190523_02484.txt
dashcam/intersection_dataset/images/20190523_02496.jpg dashcam/intersection_dataset/labels/20190523_02496.txt
dashcam/intersection_dataset/images/20190523_02512.jpg dashcam/intersection_dataset/labels/20190523_02512.txt
dashcam/intersection_dataset/images/20190523_02520.jpg dashcam/intersection_dataset/labels/20190523_02520.txt
dashcam/intersection_dataset/images/20190523_02578.jpg dashcam/intersection_dataset/labels/20190523_02578.txt
dashcam/intersection_dataset/images/20190523_02611.jpg dashcam/intersection_dataset/labels/20190523_02611.txt
dashcam/intersection_dataset/images/20190523_02630.jpg dashcam/intersection_dataset/labels/20190523_02630.txt
dashcam/intersection_dataset/images/20190523_02644.jpg dashcam/intersection_dataset/labels/20190523_02644.txt
dashcam/intersection_dataset/images/20190523_02658.jpg dashcam/intersection_dataset/labels/20190523_02658.txt
dashcam/intersection_dataset/images/20190523_02684.jpg dashcam/intersection_dataset/labels/20190523_02684.txt
dashcam/intersection_dataset/images/20190523_02701.jpg dashcam/intersection_dataset/labels/20190523_02701.txt
dashcam/intersection_dataset/images/20190523_02732.jpg dashcam/intersection_dataset/labels/20190523_02732.txt
dashcam/intersection_dataset/images/20190523_02736.jpg dashcam/intersection_dataset/labels/20190523_02736.txt
dashcam/intersection_dataset/images/20190523_02748.jpg dashcam/intersection_dataset/labels/20190523_02748.txt
dashcam/intersection_dataset/images/20190523_02812.jpg dashcam/intersection_dataset/labels/20190523_02812.txt
dashcam/intersection_dataset/images/20190523_02846.jpg dashcam/intersection_dataset/labels/20190523_02846.txt
dashcam/intersection_dataset/images/20190523_02875.jpg dashcam/intersection_dataset/labels/20190523_02875.txt
dashcam/intersection_dataset/images/20190523_02937.jpg dashcam/intersection_dataset/labels/20190523_02937.txt
dashcam/intersection_dataset/images/20190523_03014.jpg dashcam/intersection_dataset/labels/20190523_03014.txt
dashcam/intersection_dataset/images/20190523_03142.jpg dashcam/intersection_dataset/labels/20190523_03142.txt
dashcam/intersection_dataset/images/20190523_03190.jpg dashcam/intersection_dataset/labels/20190523_03190.txt
dashcam/intersection_dataset/images/20190523_03250.jpg dashcam/intersection_dataset/labels/20190523_03250.txt
dashcam/intersection_dataset/images/20190523_03296.jpg dashcam/intersection_dataset/labels/20190523_03296.txt
dashcam/intersection_dataset/images/20190523_03349.jpg dashcam/intersection_dataset/labels/20190523_03349.txt
dashcam/intersection_dataset/images/20190523_03378.jpg dashcam/intersection_dataset/labels/20190523_03378.txt
dashcam/intersection_dataset/images/20190523_03486.jpg dashcam/intersection_dataset/labels/20190523_03486.txt
dashcam/intersection_dataset/images/20190523_03540.jpg dashcam/intersection_dataset/labels/20190523_03540.txt
dashcam/intersection_dataset/images/20190523_03546.jpg dashcam/intersection_dataset/labels/20190523_03546.txt
dashcam/intersection_dataset/images/20190523_03564.jpg dashcam/intersection_dataset/labels/20190523_03564.txt
dashcam/intersection_dataset/images/20190523_03575.jpg dashcam/intersection_dataset/labels/20190523_03575.txt
dashcam/intersection_dataset/images/20190523_03585.jpg dashcam/intersection_dataset/labels/20190523_03585.txt
dashcam/intersection_dataset/images/20190523_03590.jpg dashcam/intersection_dataset/labels/20190523_03590.txt
dashcam/intersection_dataset/images/20190523_03592.jpg dashcam/intersection_dataset/labels/20190523_03592.txt
dashcam/intersection_dataset/images/20190523_03606.jpg dashcam/intersection_dataset/labels/20190523_03606.txt
dashcam/intersection_dataset/images/20190523_03626.jpg dashcam/intersection_dataset/labels/20190523_03626.txt
dashcam/intersection_dataset/images/20190523_03643.jpg dashcam/intersection_dataset/labels/20190523_03643.txt
dashcam/intersection_dataset/images/20190523_03699.jpg dashcam/intersection_dataset/labels/20190523_03699.txt
dashcam/intersection_dataset/images/20190523_03768.jpg dashcam/intersection_dataset/labels/20190523_03768.txt
dashcam/intersection_dataset/images/20190523_03808.jpg dashcam/intersection_dataset/labels/20190523_03808.txt
dashcam/intersection_dataset/images/20190523_03863.jpg dashcam/intersection_dataset/labels/20190523_03863.txt
dashcam/intersection_dataset/images/20190523_03905.jpg dashcam/intersection_dataset/labels/20190523_03905.txt
dashcam/intersection_dataset/images/20190523_03982.jpg dashcam/intersection_dataset/labels/20190523_03982.txt
dashcam/intersection_dataset/images/20190523_04004.jpg dashcam/intersection_dataset/labels/20190523_04004.txt
dashcam/intersection_dataset/images/20190618_8389.jpg dashcam/intersection_dataset/labels/20190618_8389.txt
dashcam/intersection_dataset/images/20190618_8405.jpg dashcam/intersection_dataset/labels/20190618_8405.txt
dashcam/intersection_dataset/images/20190618_8416.jpg dashcam/intersection_dataset/labels/20190618_8416.txt
dashcam/intersection_dataset/images/20190618_8419.jpg dashcam/intersection_dataset/labels/20190618_8419.txt
dashcam/intersection_dataset/images/20190618_8424.jpg dashcam/intersection_dataset/labels/20190618_8424.txt
dashcam/intersection_dataset/images/20190618_8479.jpg dashcam/intersection_dataset/labels/20190618_8479.txt
dashcam/intersection_dataset/images/20190618_8516.jpg dashcam/intersection_dataset/labels/20190618_8516.txt
dashcam/intersection_dataset/images/20190618_8519.jpg dashcam/intersection_dataset/labels/20190618_8519.txt
dashcam/intersection_dataset/images/20190619_0001.jpg dashcam/intersection_dataset/labels/20190619_0001.txt
dashcam/intersection_dataset/images/20190619_0013.jpg dashcam/intersection_dataset/labels/20190619_0013.txt
dashcam/intersection_dataset/images/20190619_0027.jpg dashcam/intersection_dataset/labels/20190619_0027.txt
dashcam/intersection_dataset/images/20190619_0028.jpg dashcam/intersection_dataset/labels/20190619_0028.txt
dashcam/intersection_dataset/images/20190619_0039.jpg dashcam/intersection_dataset/labels/20190619_0039.txt
dashcam/intersection_dataset/images/20190619_0063.jpg dashcam/intersection_dataset/labels/20190619_0063.txt
dashcam/intersection_dataset/images/20190619_0074.jpg dashcam/intersection_dataset/labels/20190619_0074.txt
dashcam/intersection_dataset/images/20190619_0113.jpg dashcam/intersection_dataset/labels/20190619_0113.txt
dashcam/intersection_dataset/images/20190619_0160.jpg dashcam/intersection_dataset/labels/20190619_0160.txt
dashcam/intersection_dataset/images/20190619_0307.jpg dashcam/intersection_dataset/labels/20190619_0307.txt
dashcam/intersection_dataset/images/20190619_0310.jpg dashcam/intersection_dataset/labels/20190619_0310.txt
dashcam/intersection_dataset/images/20190619_0318.jpg dashcam/intersection_dataset/labels/20190619_0318.txt
dashcam/intersection_dataset/images/20190619_0319.jpg dashcam/intersection_dataset/labels/20190619_0319.txt
dashcam/intersection_dataset/images/20190619_0320.jpg dashcam/intersection_dataset/labels/20190619_0320.txt
dashcam/intersection_dataset/images/20190619_0375.jpg dashcam/intersection_dataset/labels/20190619_0375.txt
dashcam/intersection_dataset/images/20190619_0380.jpg dashcam/intersection_dataset/labels/20190619_0380.txt
dashcam/intersection_dataset/images/20190619_0382.jpg dashcam/intersection_dataset/labels/20190619_0382.txt
dashcam/intersection_dataset/images/20190619_0391.jpg dashcam/intersection_dataset/labels/20190619_0391.txt
dashcam/intersection_dataset/images/20190619_0401.jpg dashcam/intersection_dataset/labels/20190619_0401.txt
dashcam/intersection_dataset/images/20190619_0413.jpg dashcam/intersection_dataset/labels/20190619_0413.txt
dashcam/intersection_dataset/images/20190619_0424.jpg dashcam/intersection_dataset/labels/20190619_0424.txt
dashcam/intersection_dataset/images/20190619_0425.jpg dashcam/intersection_dataset/labels/20190619_0425.txt
dashcam/intersection_dataset/images/20190619_0453.jpg dashcam/intersection_dataset/labels/20190619_0453.txt
dashcam/intersection_dataset/images/20190619_0462.jpg dashcam/intersection_dataset/labels/20190619_0462.txt
dashcam/intersection_dataset/images/20190619_0474.jpg dashcam/intersection_dataset/labels/20190619_0474.txt
dashcam/intersection_dataset/images/20190619_1014.jpg dashcam/intersection_dataset/labels/20190619_1014.txt
dashcam/intersection_dataset/images/20190619_1022.jpg dashcam/intersection_dataset/labels/20190619_1022.txt
dashcam/intersection_dataset/images/20190619_1039.jpg dashcam/intersection_dataset/labels/20190619_1039.txt
dashcam/intersection_dataset/images/20190619_1042.jpg dashcam/intersection_dataset/labels/20190619_1042.txt
dashcam/intersection_dataset/images/20190619_1044.jpg dashcam/intersection_dataset/labels/20190619_1044.txt
dashcam/intersection_dataset/images/20190619_1079.jpg dashcam/intersection_dataset/labels/20190619_1079.txt
dashcam/intersection_dataset/images/20190619_1091.jpg dashcam/intersection_dataset/labels/20190619_1091.txt
dashcam/intersection_dataset/images/20190619_1119.jpg dashcam/intersection_dataset/labels/20190619_1119.txt
dashcam/intersection_dataset/images/20190619_1148.jpg dashcam/intersection_dataset/labels/20190619_1148.txt
dashcam/intersection_dataset/images/20190619_1194.jpg dashcam/intersection_dataset/labels/20190619_1194.txt
dashcam/intersection_dataset/images/20190619_1221.jpg dashcam/intersection_dataset/labels/20190619_1221.txt
dashcam/intersection_dataset/images/20190619_1222.jpg dashcam/intersection_dataset/labels/20190619_1222.txt
dashcam/intersection_dataset/images/20190619_1232.jpg dashcam/intersection_dataset/labels/20190619_1232.txt
dashcam/intersection_dataset/images/20190619_1247.jpg dashcam/intersection_dataset/labels/20190619_1247.txt
dashcam/intersection_dataset/images/20190619_1249.jpg dashcam/intersection_dataset/labels/20190619_1249.txt
dashcam/intersection_dataset/images/20190619_1251.jpg dashcam/intersection_dataset/labels/20190619_1251.txt
dashcam/intersection_dataset/images/20190619_1255.jpg dashcam/intersection_dataset/labels/20190619_1255.txt
dashcam/intersection_dataset/images/20190619_1264.jpg dashcam/intersection_dataset/labels/20190619_1264.txt
dashcam/intersection_dataset/images/20190619_1268.jpg dashcam/intersection_dataset/labels/20190619_1268.txt
dashcam/intersection_dataset/images/20190619_1270.jpg dashcam/intersection_dataset/labels/20190619_1270.txt
dashcam/intersection_dataset/images/20190619_1293.jpg dashcam/intersection_dataset/labels/20190619_1293.txt
dashcam/intersection_dataset/images/20190619_1329.jpg dashcam/intersection_dataset/labels/20190619_1329.txt
dashcam/intersection_dataset/images/20190619_1334.jpg dashcam/intersection_dataset/labels/20190619_1334.txt
dashcam/intersection_dataset/images/20190619_1337.jpg dashcam/intersection_dataset/labels/20190619_1337.txt
dashcam/intersection_dataset/images/20190619_1370.jpg dashcam/intersection_dataset/labels/20190619_1370.txt
dashcam/intersection_dataset/images/20190619_1378.jpg dashcam/intersection_dataset/labels/20190619_1378.txt
dashcam/intersection_dataset/images/20190619_1413.jpg dashcam/intersection_dataset/labels/20190619_1413.txt
dashcam/intersection_dataset/images/20190619_1415.jpg dashcam/intersection_dataset/labels/20190619_1415.txt
dashcam/intersection_dataset/images/20190619_1419.jpg dashcam/intersection_dataset/labels/20190619_1419.txt
dashcam/intersection_dataset/images/20190619_1440.jpg dashcam/intersection_dataset/labels/20190619_1440.txt
dashcam/intersection_dataset/images/20190619_1462.jpg dashcam/intersection_dataset/labels/20190619_1462.txt
dashcam/intersection_dataset/images/20190619_1489.jpg dashcam/intersection_dataset/labels/20190619_1489.txt
dashcam/intersection_dataset/images/20190619_1498.jpg dashcam/intersection_dataset/labels/20190619_1498.txt
dashcam/intersection_dataset/images/20190619_1506.jpg dashcam/intersection_dataset/labels/20190619_1506.txt
dashcam/intersection_dataset/images/20190619_1526.jpg dashcam/intersection_dataset/labels/20190619_1526.txt
dashcam/intersection_dataset/images/20190619_1543.jpg dashcam/intersection_dataset/labels/20190619_1543.txt
dashcam/intersection_dataset/images/20190619_1602.jpg dashcam/intersection_dataset/labels/20190619_1602.txt
dashcam/intersection_dataset/images/20190619_1603.jpg dashcam/intersection_dataset/labels/20190619_1603.txt
dashcam/intersection_dataset/images/20190619_1610.jpg dashcam/intersection_dataset/labels/20190619_1610.txt
dashcam/intersection_dataset/images/20190619_1636.jpg dashcam/intersection_dataset/labels/20190619_1636.txt
dashcam/intersection_dataset/images/20190619_1646.jpg dashcam/intersection_dataset/labels/20190619_1646.txt
dashcam/intersection_dataset/images/20190619_1648.jpg dashcam/intersection_dataset/labels/20190619_1648.txt
dashcam/intersection_dataset/images/20190619_1681.jpg dashcam/intersection_dataset/labels/20190619_1681.txt
dashcam/intersection_dataset/images/20190619_1704.jpg dashcam/intersection_dataset/labels/20190619_1704.txt
dashcam/intersection_dataset/images/20190619_1705.jpg dashcam/intersection_dataset/labels/20190619_1705.txt
dashcam/intersection_dataset/images/20190619_1712.jpg dashcam/intersection_dataset/labels/20190619_1712.txt
dashcam/intersection_dataset/images/20190619_1716.jpg dashcam/intersection_dataset/labels/20190619_1716.txt
dashcam/intersection_dataset/images/20190619_1737.jpg dashcam/intersection_dataset/labels/20190619_1737.txt
dashcam/intersection_dataset/images/20190619_1752.jpg dashcam/intersection_dataset/labels/20190619_1752.txt
dashcam/intersection_dataset/images/20190619_1760.jpg dashcam/intersection_dataset/labels/20190619_1760.txt
dashcam/intersection_dataset/images/20190619_1764.jpg dashcam/intersection_dataset/labels/20190619_1764.txt
dashcam/intersection_dataset/images/20190619_1765.jpg dashcam/intersection_dataset/labels/20190619_1765.txt
dashcam/intersection_dataset/images/20190619_1768.jpg dashcam/intersection_dataset/labels/20190619_1768.txt
dashcam/intersection_dataset/images/20190619_1796.jpg dashcam/intersection_dataset/labels/20190619_1796.txt
dashcam/intersection_dataset/images/20190619_1866.jpg dashcam/intersection_dataset/labels/20190619_1866.txt
dashcam/intersection_dataset/images/20190619_1877.jpg dashcam/intersection_dataset/labels/20190619_1877.txt
dashcam/intersection_dataset/images/20190619_1927.jpg dashcam/intersection_dataset/labels/20190619_1927.txt
dashcam/intersection_dataset/images/20190619_1928.jpg dashcam/intersection_dataset/labels/20190619_1928.txt
dashcam/intersection_dataset/images/20190619_1931.jpg dashcam/intersection_dataset/labels/20190619_1931.txt
dashcam/intersection_dataset/images/20190619_1936.jpg dashcam/intersection_dataset/labels/20190619_1936.txt
dashcam/intersection_dataset/images/20190619_1972.jpg dashcam/intersection_dataset/labels/20190619_1972.txt
dashcam/intersection_dataset/images/20190619_1990.jpg dashcam/intersection_dataset/labels/20190619_1990.txt
dashcam/intersection_dataset/images/20190619_2034.jpg dashcam/intersection_dataset/labels/20190619_2034.txt
dashcam/intersection_dataset/images/20190619_2056.jpg dashcam/intersection_dataset/labels/20190619_2056.txt
dashcam/intersection_dataset/images/20190619_2093.jpg dashcam/intersection_dataset/labels/20190619_2093.txt
dashcam/intersection_dataset/images/20190619_2096.jpg dashcam/intersection_dataset/labels/20190619_2096.txt
dashcam/intersection_dataset/images/20190619_2099.jpg dashcam/intersection_dataset/labels/20190619_2099.txt
dashcam/intersection_dataset/images/20190619_2114.jpg dashcam/intersection_dataset/labels/20190619_2114.txt
dashcam/intersection_dataset/images/20190619_2125.jpg dashcam/intersection_dataset/labels/20190619_2125.txt
dashcam/intersection_dataset/images/20190619_2141.jpg dashcam/intersection_dataset/labels/20190619_2141.txt
dashcam/intersection_dataset/images/20190619_2163.jpg dashcam/intersection_dataset/labels/20190619_2163.txt
dashcam/intersection_dataset/images/20190619_2178.jpg dashcam/intersection_dataset/labels/20190619_2178.txt
dashcam/intersection_dataset/images/20190619_2193.jpg dashcam/intersection_dataset/labels/20190619_2193.txt
dashcam/intersection_dataset/images/20190619_2200.jpg dashcam/intersection_dataset/labels/20190619_2200.txt
dashcam/intersection_dataset/images/20190619_2238.jpg dashcam/intersection_dataset/labels/20190619_2238.txt
dashcam/intersection_dataset/images/20190619_2272.jpg dashcam/intersection_dataset/labels/20190619_2272.txt
dashcam/intersection_dataset/images/20190619_2292.jpg dashcam/intersection_dataset/labels/20190619_2292.txt
dashcam/intersection_dataset/images/20190619_2599.jpg dashcam/intersection_dataset/labels/20190619_2599.txt
dashcam/intersection_dataset/images/20190619_2620.jpg dashcam/intersection_dataset/labels/20190619_2620.txt
dashcam/intersection_dataset/images/20190619_2624.jpg dashcam/intersection_dataset/labels/20190619_2624.txt
dashcam/intersection_dataset/images/20190619_2636.jpg dashcam/intersection_dataset/labels/20190619_2636.txt
dashcam/intersection_dataset/images/20190619_2643.jpg dashcam/intersection_dataset/labels/20190619_2643.txt
dashcam/intersection_dataset/images/20190619_2654.jpg dashcam/intersection_dataset/labels/20190619_2654.txt
dashcam/intersection_dataset/images/20190619_2657.jpg dashcam/intersection_dataset/labels/20190619_2657.txt
dashcam/intersection_dataset/images/20190619_2668.jpg dashcam/intersection_dataset/labels/20190619_2668.txt
dashcam/intersection_dataset/images/20190619_2671.jpg dashcam/intersection_dataset/labels/20190619_2671.txt
dashcam/intersection_dataset/images/20190619_2706.jpg dashcam/intersection_dataset/labels/20190619_2706.txt
dashcam/intersection_dataset/images/20190619_2719.jpg dashcam/intersection_dataset/labels/20190619_2719.txt
dashcam/intersection_dataset/images/20190619_2732.jpg dashcam/intersection_dataset/labels/20190619_2732.txt
dashcam/intersection_dataset/images/20190619_2738.jpg dashcam/intersection_dataset/labels/20190619_2738.txt
dashcam/intersection_dataset/images/20190619_2740.jpg dashcam/intersection_dataset/labels/20190619_2740.txt
dashcam/intersection_dataset/images/20190619_2847.jpg dashcam/intersection_dataset/labels/20190619_2847.txt
dashcam/intersection_dataset/images/20190619_2853.jpg dashcam/intersection_dataset/labels/20190619_2853.txt
dashcam/intersection_dataset/images/20190619_2858.jpg dashcam/intersection_dataset/labels/20190619_2858.txt
dashcam/intersection_dataset/images/20190619_2860.jpg dashcam/intersection_dataset/labels/20190619_2860.txt
dashcam/intersection_dataset/images/20190619_2868.jpg dashcam/intersection_dataset/labels/20190619_2868.txt
dashcam/intersection_dataset/images/20190619_2869.jpg dashcam/intersection_dataset/labels/20190619_2869.txt
dashcam/intersection_dataset/images/20190619_2874.jpg dashcam/intersection_dataset/labels/20190619_2874.txt
dashcam/intersection_dataset/images/20190619_2875.jpg dashcam/intersection_dataset/labels/20190619_2875.txt
dashcam/intersection_dataset/images/20190619_2876.jpg dashcam/intersection_dataset/labels/20190619_2876.txt
dashcam/intersection_dataset/images/20190619_2911.jpg dashcam/intersection_dataset/labels/20190619_2911.txt
dashcam/intersection_dataset/images/20190619_2916.jpg dashcam/intersection_dataset/labels/20190619_2916.txt
dashcam/intersection_dataset/images/20190619_2920.jpg dashcam/intersection_dataset/labels/20190619_2920.txt
dashcam/intersection_dataset/images/20190619_2932.jpg dashcam/intersection_dataset/labels/20190619_2932.txt
dashcam/intersection_dataset/images/20190619_2951.jpg dashcam/intersection_dataset/labels/20190619_2951.txt
dashcam/intersection_dataset/images/20190619_2962.jpg dashcam/intersection_dataset/labels/20190619_2962.txt
dashcam/intersection_dataset/images/20190619_2967.jpg dashcam/intersection_dataset/labels/20190619_2967.txt
dashcam/intersection_dataset/images/20190619_2974.jpg dashcam/intersection_dataset/labels/20190619_2974.txt
dashcam/intersection_dataset/images/20190619_2977.jpg dashcam/intersection_dataset/labels/20190619_2977.txt
dashcam/intersection_dataset/images/20190619_2984.jpg dashcam/intersection_dataset/labels/20190619_2984.txt
dashcam/intersection_dataset/images/20190619_2993.jpg dashcam/intersection_dataset/labels/20190619_2993.txt
dashcam/intersection_dataset/images/20190619_3010.jpg dashcam/intersection_dataset/labels/20190619_3010.txt
dashcam/intersection_dataset/images/20190619_3018.jpg dashcam/intersection_dataset/labels/20190619_3018.txt
dashcam/intersection_dataset/images/20190619_3032.jpg dashcam/intersection_dataset/labels/20190619_3032.txt
dashcam/intersection_dataset/images/20190619_3044.jpg dashcam/intersection_dataset/labels/20190619_3044.txt
dashcam/intersection_dataset/images/20190619_3047.jpg dashcam/intersection_dataset/labels/20190619_3047.txt
dashcam/intersection_dataset/images/20190619_3054.jpg dashcam/intersection_dataset/labels/20190619_3054.txt
dashcam/intersection_dataset/images/20190619_3077.jpg dashcam/intersection_dataset/labels/20190619_3077.txt
dashcam/intersection_dataset/images/20190619_3080.jpg dashcam/intersection_dataset/labels/20190619_3080.txt
dashcam/intersection_dataset/images/20190619_3096.jpg dashcam/intersection_dataset/labels/20190619_3096.txt
dashcam/intersection_dataset/images/20190619_3103.jpg dashcam/intersection_dataset/labels/20190619_3103.txt
dashcam/intersection_dataset/images/20190619_3113.jpg dashcam/intersection_dataset/labels/20190619_3113.txt
dashcam/intersection_dataset/images/20190619_3126.jpg dashcam/intersection_dataset/labels/20190619_3126.txt
dashcam/intersection_dataset/images/20190619_3127.jpg dashcam/intersection_dataset/labels/20190619_3127.txt
dashcam/intersection_dataset/images/20190619_3163.jpg dashcam/intersection_dataset/labels/20190619_3163.txt
dashcam/intersection_dataset/images/20190619_3172.jpg dashcam/intersection_dataset/labels/20190619_3172.txt
dashcam/intersection_dataset/images/20190619_3180.jpg dashcam/intersection_dataset/labels/20190619_3180.txt
dashcam/intersection_dataset/images/20190619_3190.jpg dashcam/intersection_dataset/labels/20190619_3190.txt
dashcam/intersection_dataset/images/20190619_3194.jpg dashcam/intersection_dataset/labels/20190619_3194.txt
dashcam/intersection_dataset/images/20190619_3209.jpg dashcam/intersection_dataset/labels/20190619_3209.txt
dashcam/intersection_dataset/images/20190619_3224.jpg dashcam/intersection_dataset/labels/20190619_3224.txt
dashcam/intersection_dataset/images/20190619_3225.jpg dashcam/intersection_dataset/labels/20190619_3225.txt
dashcam/intersection_dataset/images/20190619_3226.jpg dashcam/intersection_dataset/labels/20190619_3226.txt
dashcam/intersection_dataset/images/20190619_3454.jpg dashcam/intersection_dataset/labels/20190619_3454.txt
dashcam/intersection_dataset/images/20190619_3456.jpg dashcam/intersection_dataset/labels/20190619_3456.txt
dashcam/intersection_dataset/images/20190619_3459.jpg dashcam/intersection_dataset/labels/20190619_3459.txt
dashcam/intersection_dataset/images/20190619_3463.jpg dashcam/intersection_dataset/labels/20190619_3463.txt
dashcam/intersection_dataset/images/20190619_3511.jpg dashcam/intersection_dataset/labels/20190619_3511.txt
dashcam/intersection_dataset/images/20190619_3520.jpg dashcam/intersection_dataset/labels/20190619_3520.txt
dashcam/intersection_dataset/images/20190619_3522.jpg dashcam/intersection_dataset/labels/20190619_3522.txt
dashcam/intersection_dataset/images/20190619_3530.jpg dashcam/intersection_dataset/labels/20190619_3530.txt
dashcam/intersection_dataset/images/20190619_3533.jpg dashcam/intersection_dataset/labels/20190619_3533.txt
dashcam/intersection_dataset/images/20190619_3553.jpg dashcam/intersection_dataset/labels/20190619_3553.txt
dashcam/intersection_dataset/images/20190619_3561.jpg dashcam/intersection_dataset/labels/20190619_3561.txt
dashcam/intersection_dataset/images/20190619_3577.jpg dashcam/intersection_dataset/labels/20190619_3577.txt
dashcam/intersection_dataset/images/20190619_3590.jpg dashcam/intersection_dataset/labels/20190619_3590.txt
dashcam/intersection_dataset/images/20190619_3595.jpg dashcam/intersection_dataset/labels/20190619_3595.txt
dashcam/intersection_dataset/images/20190619_3614.jpg dashcam/intersection_dataset/labels/20190619_3614.txt
dashcam/intersection_dataset/images/20190619_3642.jpg dashcam/intersection_dataset/labels/20190619_3642.txt
dashcam/intersection_dataset/images/20190619_3672.jpg dashcam/intersection_dataset/labels/20190619_3672.txt
dashcam/intersection_dataset/images/20190619_3674.jpg dashcam/intersection_dataset/labels/20190619_3674.txt
dashcam/intersection_dataset/images/20190619_3676.jpg dashcam/intersection_dataset/labels/20190619_3676.txt
dashcam/intersection_dataset/images/20190619_3688.jpg dashcam/intersection_dataset/labels/20190619_3688.txt
dashcam/intersection_dataset/images/20190619_3725.jpg dashcam/intersection_dataset/labels/20190619_3725.txt
dashcam/intersection_dataset/images/20190619_3763.jpg dashcam/intersection_dataset/labels/20190619_3763.txt
dashcam/intersection_dataset/images/20190619_3769.jpg dashcam/intersection_dataset/labels/20190619_3769.txt
dashcam/intersection_dataset/images/20190619_3779.jpg dashcam/intersection_dataset/labels/20190619_3779.txt
dashcam/intersection_dataset/images/20190619_3789.jpg dashcam/intersection_dataset/labels/20190619_3789.txt
dashcam/intersection_dataset/images/20190619_3891.jpg dashcam/intersection_dataset/labels/20190619_3891.txt
dashcam/intersection_dataset/images/20190619_3892.jpg dashcam/intersection_dataset/labels/20190619_3892.txt
dashcam/intersection_dataset/images/20190619_3894.jpg dashcam/intersection_dataset/labels/20190619_3894.txt
dashcam/intersection_dataset/images/20190619_3899.jpg dashcam/intersection_dataset/labels/20190619_3899.txt
dashcam/intersection_dataset/images/20190619_3903.jpg dashcam/intersection_dataset/labels/20190619_3903.txt
dashcam/intersection_dataset/images/20190619_3925.jpg dashcam/intersection_dataset/labels/20190619_3925.txt
dashcam/intersection_dataset/images/20190619_3930.jpg dashcam/intersection_dataset/labels/20190619_3930.txt
dashcam/intersection_dataset/images/20190619_3932.jpg dashcam/intersection_dataset/labels/20190619_3932.txt
dashcam/intersection_dataset/images/20190619_3964.jpg dashcam/intersection_dataset/labels/20190619_3964.txt
dashcam/intersection_dataset/images/20190619_3970.jpg dashcam/intersection_dataset/labels/20190619_3970.txt
dashcam/intersection_dataset/images/20190619_3980.jpg dashcam/intersection_dataset/labels/20190619_3980.txt
dashcam/intersection_dataset/images/20190619_4001.jpg dashcam/intersection_dataset/labels/20190619_4001.txt
dashcam/intersection_dataset/images/20190619_4157.jpg dashcam/intersection_dataset/labels/20190619_4157.txt
dashcam/intersection_dataset/images/20190619_4163.jpg dashcam/intersection_dataset/labels/20190619_4163.txt
dashcam/intersection_dataset/images/20190619_4167.jpg dashcam/intersection_dataset/labels/20190619_4167.txt
dashcam/intersection_dataset/images/20190619_4212.jpg dashcam/intersection_dataset/labels/20190619_4212.txt
dashcam/intersection_dataset/images/20190619_4214.jpg dashcam/intersection_dataset/labels/20190619_4214.txt
dashcam/intersection_dataset/images/20190619_4223.jpg dashcam/intersection_dataset/labels/20190619_4223.txt
dashcam/intersection_dataset/images/20190619_4229.jpg dashcam/intersection_dataset/labels/20190619_4229.txt
dashcam/intersection_dataset/images/20190619_4231.jpg dashcam/intersection_dataset/labels/20190619_4231.txt
dashcam/intersection_dataset/images/20190619_4234.jpg dashcam/intersection_dataset/labels/20190619_4234.txt
dashcam/intersection_dataset/images/20190619_4236.jpg dashcam/intersection_dataset/labels/20190619_4236.txt
dashcam/intersection_dataset/images/20190619_4246.jpg dashcam/intersection_dataset/labels/20190619_4246.txt
dashcam/intersection_dataset/images/20190619_4256.jpg dashcam/intersection_dataset/labels/20190619_4256.txt
dashcam/intersection_dataset/images/20190619_4265.jpg dashcam/intersection_dataset/labels/20190619_4265.txt
dashcam/intersection_dataset/images/20190619_4268.jpg dashcam/intersection_dataset/labels/20190619_4268.txt
dashcam/intersection_dataset/images/20190619_4273.jpg dashcam/intersection_dataset/labels/20190619_4273.txt
dashcam/intersection_dataset/images/20190619_4277.jpg dashcam/intersection_dataset/labels/20190619_4277.txt
dashcam/intersection_dataset/images/20190619_4293.jpg dashcam/intersection_dataset/labels/20190619_4293.txt
dashcam/intersection_dataset/images/20190619_4295.jpg dashcam/intersection_dataset/labels/20190619_4295.txt
dashcam/intersection_dataset/images/20190619_4885.jpg dashcam/intersection_dataset/labels/20190619_4885.txt
dashcam/intersection_dataset/images/20190619_4889.jpg dashcam/intersection_dataset/labels/20190619_4889.txt
dashcam/intersection_dataset/images/20190619_4890.jpg dashcam/intersection_dataset/labels/20190619_4890.txt
dashcam/intersection_dataset/images/20190619_4894.jpg dashcam/intersection_dataset/labels/20190619_4894.txt
dashcam/intersection_dataset/images/20190619_4896.jpg dashcam/intersection_dataset/labels/20190619_4896.txt
dashcam/intersection_dataset/images/20190619_4956.jpg dashcam/intersection_dataset/labels/20190619_4956.txt
dashcam/intersection_dataset/images/20190619_4965.jpg dashcam/intersection_dataset/labels/20190619_4965.txt
dashcam/intersection_dataset/images/20190619_4976.jpg dashcam/intersection_dataset/labels/20190619_4976.txt
dashcam/intersection_dataset/images/20190619_4989.jpg dashcam/intersection_dataset/labels/20190619_4989.txt
dashcam/intersection_dataset/images/20190619_4996.jpg dashcam/intersection_dataset/labels/20190619_4996.txt
dashcam/intersection_dataset/images/20190619_5009.jpg dashcam/intersection_dataset/labels/20190619_5009.txt
dashcam/intersection_dataset/images/20190619_5013.jpg dashcam/intersection_dataset/labels/20190619_5013.txt
dashcam/intersection_dataset/images/20190619_5029.jpg dashcam/intersection_dataset/labels/20190619_5029.txt
dashcam/intersection_dataset/images/20190619_5033.jpg dashcam/intersection_dataset/labels/20190619_5033.txt
dashcam/intersection_dataset/images/20190619_5048.jpg dashcam/intersection_dataset/labels/20190619_5048.txt
dashcam/intersection_dataset/images/20190619_5052.jpg dashcam/intersection_dataset/labels/20190619_5052.txt
dashcam/intersection_dataset/images/20190619_5058.jpg dashcam/intersection_dataset/labels/20190619_5058.txt
dashcam/intersection_dataset/images/20190619_5059.jpg dashcam/intersection_dataset/labels/20190619_5059.txt
dashcam/intersection_dataset/images/20190619_5066.jpg dashcam/intersection_dataset/labels/20190619_5066.txt
dashcam/intersection_dataset/images/20190619_5081.jpg dashcam/intersection_dataset/labels/20190619_5081.txt
dashcam/intersection_dataset/images/20190619_5088.jpg dashcam/intersection_dataset/labels/20190619_5088.txt
dashcam/intersection_dataset/images/20190619_5089.jpg dashcam/intersection_dataset/labels/20190619_5089.txt
dashcam/intersection_dataset/images/20190619_5095.jpg dashcam/intersection_dataset/labels/20190619_5095.txt
dashcam/intersection_dataset/images/20190619_5100.jpg dashcam/intersection_dataset/labels/20190619_5100.txt
dashcam/intersection_dataset/images/20190619_5110.jpg dashcam/intersection_dataset/labels/20190619_5110.txt
dashcam/intersection_dataset/images/20190619_5125.jpg dashcam/intersection_dataset/labels/20190619_5125.txt
dashcam/intersection_dataset/images/20190619_5139.jpg dashcam/intersection_dataset/labels/20190619_5139.txt
dashcam/intersection_dataset/images/20190619_5146.jpg dashcam/intersection_dataset/labels/20190619_5146.txt
dashcam/intersection_dataset/images/2_000.jpg dashcam/intersection_dataset/labels/2_000.txt
dashcam/intersection_dataset/images/3_000.jpg dashcam/intersection_dataset/labels/3_000.txt
dashcam/intersection_dataset/images/4_000.jpg dashcam/intersection_dataset/labels/4_000.txt
dashcam/intersection_dataset/images/4_003.jpg dashcam/intersection_dataset/labels/4_003.txt
dashcam/intersection_dataset/images/4_006.jpg dashcam/intersection_dataset/labels/4_006.txt
dashcam/intersection_dataset/images/5_000.jpg dashcam/intersection_dataset/labels/5_000.txt
dashcam/intersection_dataset/images/5_018.jpg dashcam/intersection_dataset/labels/5_018.txt
dashcam/intersection_dataset/images/6_000.jpg dashcam/intersection_dataset/labels/6_000.txt
dashcam/intersection_dataset/images/6_001.jpg dashcam/intersection_dataset/labels/6_001.txt
dashcam/intersection_dataset/images/6_004.jpg dashcam/intersection_dataset/labels/6_004.txt
dashcam/intersection_dataset/images/7_000.jpg dashcam/intersection_dataset/labels/7_000.txt
dashcam/intersection_dataset/images/9_000.jpg dashcam/intersection_dataset/labels/9_000.txt
dashcam/intersection_dataset/images/9_004.jpg dashcam/intersection_dataset/labels/9_004.txt
